Archive member included to satisfy reference by file (symbol)

platform/libplatform_s.a(system_nrf91.o)
                              secure_fw/CMakeFiles/tfm_s.dir/__/platform/ext/target/nordic_nrf/common/core/startup.o (SystemInit)
platform/libplatform_s.a(exception_info.o)
                              secure_fw/CMakeFiles/tfm_s.dir/__/platform/ext/target/nordic_nrf/common/core/startup_nrf91.o (store_and_dump_context)
platform/libplatform_s.a(tfm_hal_spm_logdev_peripheral.o)
                              platform/libplatform_s.a(exception_info.o) (tfm_hal_output_spm_log)
platform/libplatform_s.a(uart_stdout.o)
                              platform/libplatform_s.a(tfm_hal_spm_logdev_peripheral.o) (stdio_output_string)
platform/libplatform_s.a(Driver_USART.o)
                              platform/libplatform_s.a(uart_stdout.o) (Driver_USART1)
platform/libplatform_s.a(nrfx_uarte.o)
                              platform/libplatform_s.a(Driver_USART.o) (nrfx_uarte_init)
platform/libplatform_s.a(nrfx_glue.o)
                              platform/libplatform_s.a(nrfx_uarte.o) (nrfx_critical_section_enter)
secure_fw/partitions/lib/runtime/libtfm_sprt.a(crt_memmove.o)
                              platform/libplatform_s.a(nrfx_uarte.o) (memmove)
secure_fw/partitions/lib/runtime/libtfm_sprt.a(crt_memcpy.o)
                              secure_fw/CMakeFiles/tfm_s.dir/__/platform/ext/common/picolibc.o (memcpy)
secure_fw/partitions/lib/runtime/libtfm_sprt.a(crt_memset.o)
                              secure_fw/CMakeFiles/tfm_s.dir/__/platform/ext/common/picolibc.o (memset)
secure_fw/partitions/lib/runtime/libtfm_sprt.a(psa_api_ipc.o)
                              secure_fw/CMakeFiles/tfm_s.dir/partitions/ns_agent_tz/psa_api_veneers_v80m.o (psa_framework_version)
secure_fw/partitions/lib/runtime/libtfm_sprt.a(sprt_partition_metadata_indicator.o)
                              secure_fw/partitions/lib/runtime/libtfm_sprt.a(psa_api_ipc.o) (p_partition_metadata)
secure_fw/spm/libtfm_spm.a(utilities.o)
                              secure_fw/CMakeFiles/tfm_s.dir/__/platform/ext/target/nordic_nrf/common/core/startup.o (tfm_core_panic)
secure_fw/spm/libtfm_spm.a(spm_log.o)
                              platform/libplatform_s.a(exception_info.o) (spm_log_msgval)
secure_fw/spm/libtfm_spm.a(main.o)
                              secure_fw/CMakeFiles/tfm_s.dir/__/platform/ext/common/picolibc.o (main)
secure_fw/spm/libtfm_spm.a(tfm_arch_v8m_main.o)
                              secure_fw/spm/libtfm_spm.a(main.o) (tfm_arch_set_secure_exception_priorities)
secure_fw/spm/libtfm_spm.a(ns_agent_tz_v80m.o)
                              secure_fw/CMakeFiles/tfm_s.dir/partitions/ns_agent_tz/load_info_ns_agent_tz.o (ns_agent_tz_main)
secure_fw/spm/libtfm_spm.a(tfm_hal_isolation.o)
                              secure_fw/spm/libtfm_spm.a(main.o) (tfm_hal_set_up_static_boundaries)
secure_fw/spm/libtfm_spm.a(faults.o)
                              secure_fw/CMakeFiles/tfm_s.dir/__/platform/ext/target/nordic_nrf/common/core/startup_nrf91.o (SPU_IRQHandler)
secure_fw/spm/libtfm_spm.a(target_cfg.o)
                              secure_fw/spm/libtfm_spm.a(tfm_hal_isolation.o) (memory_regions)
secure_fw/spm/libtfm_spm.a(target_cfg_53_91.o)
                              secure_fw/spm/libtfm_spm.a(tfm_hal_isolation.o) (sau_and_idau_cfg)
secure_fw/spm/libtfm_spm.a(secure_peripherals_defs.o)
                              secure_fw/spm/libtfm_spm.a(tfm_hal_isolation.o) (tfm_peripheral_vmc)
secure_fw/spm/libtfm_spm.a(tfm_boot_data.o)
                              secure_fw/spm/libtfm_spm.a(main.o) (tfm_core_validate_boot_data)
secure_fw/spm/libtfm_spm.a(spm_ipc.o)
                              secure_fw/spm/libtfm_spm.a(tfm_boot_data.o) (tfm_spm_partition_get_running_partition_id)
secure_fw/spm/libtfm_spm.a(rom_loader.o)
                              secure_fw/spm/libtfm_spm.a(spm_ipc.o) (load_a_partition_assuredly)
secure_fw/spm/libtfm_spm.a(backend_ipc.o)
                              secure_fw/spm/libtfm_spm.a(spm_ipc.o) (backend_init_comp_assuredly)
secure_fw/spm/libtfm_spm.a(tfm_svcalls.o)
                              secure_fw/spm/libtfm_spm.a(tfm_arch_v8m_main.o) (spm_svc_handler)
secure_fw/spm/libtfm_spm.a(thread.o)
                              secure_fw/spm/libtfm_spm.a(backend_ipc.o) (thrd_set_query_callback)
secure_fw/spm/libtfm_spm.a(tfm_spm_ns_ctx.o)
                              secure_fw/spm/libtfm_spm.a(backend_ipc.o) (tz_ns_agent_register_client_id_range)
secure_fw/spm/libtfm_spm.a(spm_connection_pool.o)
                              secure_fw/spm/libtfm_spm.a(spm_ipc.o) (connection_to_handle)
secure_fw/spm/libtfm_spm.a(tfm_hal_platform_common.o)
                              secure_fw/spm/libtfm_spm.a(tfm_spm_ns_ctx.o) (tfm_hal_get_ns_VTOR)
secure_fw/spm/libtfm_spm.a(tfm_arch.o)
                              secure_fw/spm/libtfm_spm.a(tfm_svcalls.o) (tfm_arch_free_msp_and_exc_ret)
secure_fw/spm/libtfm_spm.a(psa_api.o)
[...]
Memory Configuration

Name             Origin             Length             Attributes
FLASH            0x0000000000000000 0x0000000000040000 xr
RAM              0x0000000020000000 0x0000000000016000 rw
*default*        0x0000000000000000 0xffffffffffffffff

Linker script and memory map

LOAD secure_fw/CMakeFiles/tfm_s.dir/partitions/ns_agent_tz/psa_api_veneers_v80m.o
LOAD secure_fw/CMakeFiles/tfm_s.dir/__/platform/ext/target/nordic_nrf/common/core/startup.o
LOAD secure_fw/CMakeFiles/tfm_s.dir/__/platform/ext/target/nordic_nrf/common/core/startup_nrf91.o
LOAD secure_fw/CMakeFiles/tfm_s.dir/__/platform/ext/common/faults.o
LOAD secure_fw/CMakeFiles/tfm_s.dir/__/generated/secure_fw/partitions/crypto/auto_generated/load_info_tfm_crypto.o
LOAD secure_fw/CMakeFiles/tfm_s.dir/__/generated/secure_fw/partitions/protected_storage/auto_generated/load_info_tfm_protected_storage.o
LOAD secure_fw/CMakeFiles/tfm_s.dir/__/generated/secure_fw/partitions/internal_trusted_storage/auto_generated/load_info_tfm_internal_trusted_storage.o
LOAD secure_fw/CMakeFiles/tfm_s.dir/__/generated/secure_fw/partitions/platform/auto_generated/load_info_tfm_platform.o
LOAD secure_fw/CMakeFiles/tfm_s.dir/partitions/ns_agent_tz/load_info_ns_agent_tz.o
LOAD secure_fw/CMakeFiles/tfm_s.dir/__/platform/ext/common/picolibc.o
LOAD secure_fw/CMakeFiles/tfm_s.dir/__/platform/ext/common/syscalls_stub.o
LOAD secure_fw/CMakeFiles/tfm_s.dir/__/lib/tfm_vprintf/src/tfm_vprintf.o
LOAD platform/libplatform_s.a
LOAD secure_fw/partitions/lib/runtime/libtfm_sprt.a
LOAD secure_fw/spm/libtfm_spm.a
LOAD secure_fw/partitions/crypto/libtfm_psa_rot_partition_crypto.a
LOAD platform/libplatform_crypto_keys.a
LOAD secure_fw/partitions/crypto/mbedcrypto/nrf_security_src/libcrypto_service_mbedcrypto.a
LOAD secure_fw/partitions/protected_storage/libtfm_app_rot_partition_ps.a
LOAD secure_fw/partitions/internal_trusted_storage/libtfm_psa_rot_partition_its.a
LOAD secure_fw/partitions/platform/libtfm_psa_rot_partition_platform.a
LOAD secure_fw/partitions/lib/runtime/libtfm_sp_log.a
LOAD secure_fw/partitions/crypto/mbedcrypto/nrf_security_src/libmbedcrypto_base.a
LOAD secure_fw/partitions/crypto/mbedcrypto/nrf_security_src/core/nrf_oberon/libpsa_core.a
LOAD secure_fw/partitions/crypto/mbedcrypto/nrf_security_src/libnrf_security_utils.a
LOAD secure_fw/partitions/crypto/mbedcrypto/nrf_security_src/drivers/nrf_oberon/liboberon_psa_driver.a
LOAD /home/pomo/zephyr-stcp/nrfxlib/crypto/nrf_oberon/lib/cortex-m33/soft-float/liboberon_mbedtls_3.0.19.a
LOAD platform/libplatform_s.a
LOAD secure_fw/partitions/lib/runtime/libtfm_sprt.a
LOAD secure_fw/spm/libtfm_spm.a
LOAD secure_fw/partitions/crypto/libtfm_psa_rot_partition_crypto.a
LOAD platform/libplatform_crypto_keys.a
LOAD secure_fw/partitions/crypto/mbedcrypto/nrf_security_src/libcrypto_service_mbedcrypto.a
LOAD secure_fw/partitions/protected_storage/libtfm_app_rot_partition_ps.a
LOAD secure_fw/partitions/internal_trusted_storage/libtfm_psa_rot_partition_its.a
LOAD secure_fw/partitions/platform/libtfm_psa_rot_partition_platform.a
LOAD secure_fw/partitions/lib/runtime/libtfm_sp_log.a
LOAD secure_fw/partitions/crypto/mbedcrypto/nrf_security_src/libmbedcrypto_base.a
LOAD secure_fw/partitions/crypto/mbedcrypto/nrf_security_src/core/nrf_oberon/libpsa_core.a
LOAD secure_fw/partitions/crypto/mbedcrypto/nrf_security_src/libnrf_security_utils.a
LOAD secure_fw/partitions/crypto/mbedcrypto/nrf_security_src/drivers/nrf_oberon/liboberon_psa_driver.a
LOAD /home/pomo/zephyr-stcp/nrfxlib/crypto/nrf_oberon/lib/cortex-m33/soft-float/liboberon_mbedtls_3.0.19.a
LOAD platform/libplatform_s.a
LOAD secure_fw/partitions/lib/runtime/libtfm_sprt.a
LOAD secure_fw/spm/libtfm_spm.a
LOAD secure_fw/partitions/crypto/libtfm_psa_rot_partition_crypto.a
LOAD platform/libplatform_crypto_keys.a
LOAD secure_fw/partitions/crypto/mbedcrypto/nrf_security_src/libcrypto_service_mbedcrypto.a
LOAD secure_fw/partitions/protected_storage/libtfm_app_rot_partition_ps.a
LOAD secure_fw/partitions/internal_trusted_storage/libtfm_psa_rot_partition_its.a
LOAD secure_fw/partitions/platform/libtfm_psa_rot_partition_platform.a
LOAD secure_fw/partitions/lib/runtime/libtfm_sp_log.a
LOAD secure_fw/partitions/crypto/mbedcrypto/nrf_security_src/libmbedcrypto_base.a
LOAD secure_fw/partitions/crypto/mbedcrypto/nrf_security_src/core/nrf_oberon/libpsa_core.a
LOAD secure_fw/partitions/crypto/mbedcrypto/nrf_security_src/libnrf_security_utils.a
LOAD secure_fw/partitions/crypto/mbedcrypto/nrf_security_src/drivers/nrf_oberon/liboberon_psa_driver.a
LOAD /home/pomo/zephyr-stcp/nrfxlib/crypto/nrf_oberon/lib/cortex-m33/soft-float/liboberon_mbedtls_3.0.19.a
LOAD /home/pomo/zephyr-stcp/nrfxlib/crypto/nrf_cc310_platform/lib/cortex-m33/soft-float/no-interrupts/libnrf_cc310_platform_0.9.19.a
LOAD /home/pomo/zephyr-stcp/nrfxlib/crypto/nrf_oberon/lib/cortex-m33/soft-float/liboberon_3.0.19.a
START GROUP
LOAD /home/pomo/zephyr-sdk-0.16.8/arm-zephyr-eabi/bin/../lib/gcc/arm-zephyr-eabi/12.2.0/thumb/v8-m.main/nofp/libgcc.a
START GROUP
LOAD /home/pomo/zephyr-sdk-0.16.8/arm-zephyr-eabi/bin/../lib/gcc/arm-zephyr-eabi/12.2.0/thumb/v8-m.main/nofp/libgcc.a
LOAD /home/pomo/zephyr-sdk-0.16.8/arm-zephyr-eabi/bin/../lib/gcc/../../picolibc/arm-zephyr-eabi/lib/thumb/v8-m.main/nofp/libc.a
END GROUP
END GROUP
                0x0000000000000800                __msp_stack_size__ = 0x800
                0x0000000000000000                Image$$PT_RO_START$$Base = ADDR (.TFM_VECTORS)

.TFM_VECTORS    0x0000000000000000      0x144
                0x0000000000000000                __vectors_start__ = .
 *(.vectors)
 .vectors       0x0000000000000000      0x144 secure_fw/CMakeFiles/tfm_s.dir/__/platform/ext/target/nordic_nrf/common/core/startup_nrf91.o
                0x0000000000000000                __Vectors
                0x0000000000000144                . = ALIGN (0x4)
                0x0000000000000144                __vectors_end__ = .
                0x0000000000000001                ASSERT ((__vectors_start__ != __vectors_end__), .vectors should not be empty)
                0x0000000000000001                ASSERT ((. <= (ADDR (.TFM_VECTORS) + 0x144)), .TFM_VECTORS section size overflow.)
                0x0000000000000144                . = (ADDR (.TFM_VECTORS) + 0x144)

.TFM_SP_LOAD_LIST
                0x0000000000000144      0x188
 *(.part_load_priority_00)
 .part_load_priority_00
                0x0000000000000144       0x38 secure_fw/CMakeFiles/tfm_s.dir/partitions/ns_agent_tz/load_info_ns_agent_tz.o
                0x0000000000000144                tfm_sp_ns_agent_tz_load
 *(.part_load_priority_01)
 *(.part_load_priority_02)
 .part_load_priority_02
                0x000000000000017c       0x54 secure_fw/CMakeFiles/tfm_s.dir/__/generated/secure_fw/partitions/crypto/auto_generated/load_info_tfm_crypto.o
                0x000000000000017c                tfm_sp_crypto_load
 .part_load_priority_02
                0x00000000000001d0       0x5c secure_fw/CMakeFiles/tfm_s.dir/__/generated/secure_fw/partitions/protected_storage/auto_generated/load_info_tfm_protected_storage.o
                0x00000000000001d0                tfm_sp_ps_load
 .part_load_priority_02
                0x000000000000022c       0x50 secure_fw/CMakeFiles/tfm_s.dir/__/generated/secure_fw/partitions/internal_trusted_storage/auto_generated/load_info_tfm_internal_trusted_storage.o
                0x000000000000022c                tfm_sp_its_load
 .part_load_priority_02
                0x000000000000027c       0x50 secure_fw/CMakeFiles/tfm_s.dir/__/generated/secure_fw/partitions/platform/auto_generated/load_info_tfm_platform.o
                0x000000000000027c                tfm_sp_platform_load
 *(.part_load_priority_03)
                0x0000000000000144                Image$$TFM_SP_LOAD_LIST$$RO$$Base = ADDR (.TFM_SP_LOAD_LIST)
                0x00000000000002cc                Image$$TFM_SP_LOAD_LIST$$RO$$Limit = (ADDR (.TFM_SP_LOAD_LIST) + SIZEOF (.TFM_SP_LOAD_LIST))
                0x00000000000002e0                . = ALIGN (0x20)
                0x00000000000002e0                Image$$TFM_PSA_CODE_START$$Base = .

.TFM_PSA_ROT_LINKER
                0x00000000000002e0     0x2ea0
 *tfm_psa_rot_partition*:(SORT_BY_ALIGNMENT(.text*))
 .text.tfm_crypto_get_caller_id
                0x00000000000002e0       0x14 secure_fw/partitions/crypto/libtfm_psa_rot_partition_crypto.a(crypto_init.o)
                0x00000000000002e0                tfm_crypto_get_caller_id
 .text.tfm_crypto_init
                0x00000000000002f4       0x20 secure_fw/partitions/crypto/libtfm_psa_rot_partition_crypto.a(crypto_init.o)
                0x00000000000002f4                tfm_crypto_init
 .text.tfm_crypto_sfn
                0x0000000000000314      0x2ec secure_fw/partitions/crypto/libtfm_psa_rot_partition_crypto.a(crypto_init.o)
                0x0000000000000314                tfm_crypto_sfn
 .text.tfm_crypto_init_alloc
                0x0000000000000600       0x18 secure_fw/partitions/crypto/libtfm_psa_rot_partition_crypto.a(crypto_alloc.o)
                0x0000000000000600                tfm_crypto_init_alloc
 .text.tfm_crypto_operation_alloc
                0x0000000000000618       0x74 secure_fw/partitions/crypto/libtfm_psa_rot_partition_crypto.a(crypto_alloc.o)
                0x0000000000000618                tfm_crypto_operation_alloc
 .text.tfm_crypto_operation_release
                0x000000000000068c       0x60 secure_fw/partitions/crypto/libtfm_psa_rot_partition_crypto.a(crypto_alloc.o)
                0x000000000000068c                tfm_crypto_operation_release
 .text.tfm_crypto_operation_lookup
                0x00000000000006ec       0x58 secure_fw/partitions/crypto/libtfm_psa_rot_partition_crypto.a(crypto_alloc.o)
                0x00000000000006ec                tfm_crypto_operation_lookup
 .text.tfm_crypto_cipher_interface
                0x0000000000000744        0x8 secure_fw/partitions/crypto/libtfm_psa_rot_partition_crypto.a(crypto_cipher.o)
                0x0000000000000744                tfm_crypto_cipher_interface
 .text.tfm_crypto_hash_interface
                0x000000000000074c      0x1cc secure_fw/partitions/crypto/libtfm_psa_rot_partition_crypto.a(crypto_hash.o)
                0x000000000000074c                tfm_crypto_hash_interface
 .text.tfm_crypto_mac_interface
                0x0000000000000918      0x1a8 secure_fw/partitions/crypto/libtfm_psa_rot_partition_crypto.a(crypto_mac.o)
                0x0000000000000918                tfm_crypto_mac_interface
 .text.tfm_crypto_aead_interface
                0x0000000000000ac0      0x24c secure_fw/partitions/crypto/libtfm_psa_rot_partition_crypto.a(crypto_aead.o)
                0x0000000000000ac0                tfm_crypto_aead_interface
 .text.tfm_crypto_asymmetric_sign_interface
                0x0000000000000d0c        0x8 secure_fw/partitions/crypto/libtfm_psa_rot_partition_crypto.a(crypto_asymmetric.o)
                0x0000000000000d0c                tfm_crypto_asymmetric_sign_interface
 .text.tfm_crypto_asymmetric_encrypt_interface
                0x0000000000000d14        0x8 secure_fw/partitions/crypto/libtfm_psa_rot_partition_crypto.a(crypto_asymmetric.o)
                0x0000000000000d14                tfm_crypto_asymmetric_encrypt_interface
 .text.tfm_crypto_key_derivation_interface
                0x0000000000000d1c      0x1cc secure_fw/partitions/crypto/libtfm_psa_rot_partition_crypto.a(crypto_key_derivation.o)
                0x0000000000000d1c                tfm_crypto_key_derivation_interface
 .text.tfm_crypto_key_management_interface
                0x0000000000000ee8      0x188 secure_fw/partitions/crypto/libtfm_psa_rot_partition_crypto.a(crypto_key_management.o)
                0x0000000000000ee8                tfm_crypto_key_management_interface
 .text.tfm_crypto_random_interface
                0x0000000000001070        0x8 secure_fw/partitions/crypto/libtfm_psa_rot_partition_crypto.a(crypto_rng.o)
                0x0000000000001070                tfm_crypto_random_interface
 .text.null_printf
                0x0000000000001078        0x8 secure_fw/partitions/crypto/libtfm_psa_rot_partition_crypto.a(crypto_library.o)
 .text.tfm_crypto_library_key_id_init
                0x0000000000001080        0x8 secure_fw/partitions/crypto/libtfm_psa_rot_partition_crypto.a(crypto_library.o)
                0x0000000000001080                tfm_crypto_library_key_id_init
 .text.tfm_crypto_library_get_info
                0x0000000000001088       0x1c secure_fw/partitions/crypto/libtfm_psa_rot_partition_crypto.a(crypto_library.o)
                0x0000000000001088                tfm_crypto_library_get_info
 .text.tfm_crypto_core_library_init
                0x00000000000010a4       0x20 secure_fw/partitions/crypto/libtfm_psa_rot_partition_crypto.a(crypto_library.o)
                0x00000000000010a4                tfm_crypto_core_library_init
 .text.tfm_crypto_library_get_library_key_id_set_owner
                0x00000000000010c4        0x4 secure_fw/partitions/crypto/libtfm_psa_rot_partition_crypto.a(crypto_library.o)
                0x00000000000010c4                tfm_crypto_library_get_library_key_id_set_owner
 .text.mbedtls_psa_platform_get_builtin_key
                0x00000000000010c8       0x4c secure_fw/partitions/crypto/libtfm_psa_rot_partition_crypto.a(crypto_library.o)
                0x00000000000010c8                mbedtls_psa_platform_get_builtin_key
 .text.tfm_crypto_pake_interface
                0x0000000000001114        0x8 secure_fw/partitions/crypto/libtfm_psa_rot_partition_crypto.a(crypto_pake.o)
                0x0000000000001114                tfm_crypto_pake_interface
 .text.tfm_crypto_key_wrapping_interface
                0x000000000000111c        0x8 secure_fw/partitions/crypto/libtfm_psa_rot_partition_crypto.a(crypto_key_wrapping.o)
                0x000000000000111c                tfm_crypto_key_wrapping_interface
 .text.tfm_its_entry
                0x0000000000001124        0x4 secure_fw/partitions/internal_trusted_storage/libtfm_psa_rot_partition_its.a(tfm_its_req_mngr.o)
                0x0000000000001124                tfm_its_entry
 .text.tfm_internal_trusted_storage_service_sfn
                0x0000000000001128      0x128 secure_fw/partitions/internal_trusted_storage/libtfm_psa_rot_partition_its.a(tfm_its_req_mngr.o)
                0x0000000000001128                tfm_internal_trusted_storage_service_sfn
 .text.its_req_mngr_read
                0x0000000000001250       0x14 secure_fw/partitions/internal_trusted_storage/libtfm_psa_rot_partition_its.a(tfm_its_req_mngr.o)
                0x0000000000001250                its_req_mngr_read
 .text.its_req_mngr_write
                0x0000000000001264       0x14 secure_fw/partitions/internal_trusted_storage/libtfm_psa_rot_partition_its.a(tfm_its_req_mngr.o)
                0x0000000000001264                its_req_mngr_write
 .text.tfm_its_init
                0x0000000000001278      0x10c secure_fw/partitions/internal_trusted_storage/libtfm_psa_rot_partition_its.a(tfm_internal_trusted_storage.o)
                0x0000000000001278                tfm_its_init
 .text.tfm_its_set
                0x0000000000001384       0xe8 secure_fw/partitions/internal_trusted_storage/libtfm_psa_rot_partition_its.a(tfm_internal_trusted_storage.o)
                0x0000000000001384                tfm_its_set
 .text.tfm_its_get
                0x000000000000146c       0xd0 secure_fw/partitions/internal_trusted_storage/libtfm_psa_rot_partition_its.a(tfm_internal_trusted_storage.o)
                0x000000000000146c                tfm_its_get
 .text.tfm_its_get_info
                0x000000000000153c       0x6c secure_fw/partitions/internal_trusted_storage/libtfm_psa_rot_partition_its.a(tfm_internal_trusted_storage.o)
                0x000000000000153c                tfm_its_get_info
 .text.tfm_its_remove
                0x00000000000015a8       0x84 secure_fw/partitions/internal_trusted_storage/libtfm_psa_rot_partition_its.a(tfm_internal_trusted_storage.o)
                0x00000000000015a8                tfm_its_remove
 .text.its_flash_nor_init
                0x000000000000162c       0x18 secure_fw/partitions/internal_trusted_storage/libtfm_psa_rot_partition_its.a(its_flash_nor.o)
 .text.its_flash_nor_write
                0x0000000000001644       0x44 secure_fw/partitions/internal_trusted_storage/libtfm_psa_rot_partition_its.a(its_flash_nor.o)
 .text.its_flash_nor_flush
                0x0000000000001688        0x4 secure_fw/partitions/internal_trusted_storage/libtfm_psa_rot_partition_its.a(its_flash_nor.o)
 .text.its_flash_nor_erase
                0x000000000000168c       0x34 secure_fw/partitions/internal_trusted_storage/libtfm_psa_rot_partition_its.a(its_flash_nor.o)
 .text.its_flash_nor_read
                0x00000000000016c0       0xd4 secure_fw/partitions/internal_trusted_storage/libtfm_psa_rot_partition_its.a(its_flash_nor.o)
 .text.its_flash_fs_delete_idx
                0x0000000000001794      0x100 secure_fw/partitions/internal_trusted_storage/libtfm_psa_rot_partition_its.a(its_flash_fs.o)
 .text.its_flash_fs_init_ctx
                0x0000000000001894       0x6c secure_fw/partitions/internal_trusted_storage/libtfm_psa_rot_partition_its.a(its_flash_fs.o)
                0x0000000000001894                its_flash_fs_init_ctx
 .text.its_flash_fs_prepare
                0x0000000000001900       0x3c secure_fw/partitions/internal_trusted_storage/libtfm_psa_rot_partition_its.a(its_flash_fs.o)
                0x0000000000001900                its_flash_fs_prepare
 .text.its_flash_fs_wipe_all
                0x000000000000193c        0x4 secure_fw/partitions/internal_trusted_storage/libtfm_psa_rot_partition_its.a(its_flash_fs.o)
                0x000000000000193c                its_flash_fs_wipe_all
 .text.its_flash_fs_file_get_info
                0x0000000000001940       0x28 secure_fw/partitions/internal_trusted_storage/libtfm_psa_rot_partition_its.a(its_flash_fs.o)
                0x0000000000001940                its_flash_fs_file_get_info
 .text.its_flash_fs_file_write
                0x0000000000001968      0x210 secure_fw/partitions/internal_trusted_storage/libtfm_psa_rot_partition_its.a(its_flash_fs.o)
                0x0000000000001968                its_flash_fs_file_write
 .text.its_flash_fs_file_delete
                0x0000000000001b78       0x24 secure_fw/partitions/internal_trusted_storage/libtfm_psa_rot_partition_its.a(its_flash_fs.o)
                0x0000000000001b78                its_flash_fs_file_delete
 .text.its_flash_fs_file_read
                0x0000000000001b9c       0x44 secure_fw/partitions/internal_trusted_storage/libtfm_psa_rot_partition_its.a(its_flash_fs.o)
                0x0000000000001b9c                its_flash_fs_file_read
 .text.its_flash_fs_dblock_compact_block
                0x0000000000001be0       0xb0 secure_fw/partitions/internal_trusted_storage/libtfm_psa_rot_partition_its.a(its_flash_fs_dblock.o)
                0x0000000000001be0                its_flash_fs_dblock_compact_block
 .text.its_flash_fs_dblock_read_file
                0x0000000000001c90       0x44 secure_fw/partitions/internal_trusted_storage/libtfm_psa_rot_partition_its.a(its_flash_fs_dblock.o)
                0x0000000000001c90                its_flash_fs_dblock_read_file
 .text.its_flash_fs_dblock_write_file
                0x0000000000001cd4       0x84 secure_fw/partitions/internal_trusted_storage/libtfm_psa_rot_partition_its.a(its_flash_fs_dblock.o)
                0x0000000000001cd4                its_flash_fs_dblock_write_file
 .text.its_mblock_calculate_metadata_xor.part.0
                0x0000000000001d58       0xb4 secure_fw/partitions/internal_trusted_storage/libtfm_psa_rot_partition_its.a(its_flash_fs_mblock.o)
 .text.its_mblock_validate_header_meta
                0x0000000000001e0c       0x60 secure_fw/partitions/internal_trusted_storage/libtfm_psa_rot_partition_its.a(its_flash_fs_mblock.o)
 .text.its_mblock_write_scratch_meta_header
                0x0000000000001e6c       0x48 secure_fw/partitions/internal_trusted_storage/libtfm_psa_rot_partition_its.a(its_flash_fs_mblock.o)
 .text.its_mblock_erase_scratch_blocks
                0x0000000000001eb4       0x28 secure_fw/partitions/internal_trusted_storage/libtfm_psa_rot_partition_its.a(its_flash_fs_mblock.o)
 .text.its_init_get_active_metablock
                0x0000000000001edc       0xd8 secure_fw/partitions/internal_trusted_storage/libtfm_psa_rot_partition_its.a(its_flash_fs_mblock.o)
 .text.its_flash_fs_mblock_cur_data_scratch_id
                0x0000000000001fb4        0xc secure_fw/partitions/internal_trusted_storage/libtfm_psa_rot_partition_its.a(its_flash_fs_mblock.o)
                0x0000000000001fb4                its_flash_fs_mblock_cur_data_scratch_id
 .text.its_flash_fs_mblock_meta_update_finalize
                0x0000000000001fc0       0x2c secure_fw/partitions/internal_trusted_storage/libtfm_psa_rot_partition_its.a(its_flash_fs_mblock.o)
                0x0000000000001fc0                its_flash_fs_mblock_meta_update_finalize
 .text.its_flash_fs_mblock_read_file_meta
                0x0000000000001fec       0xa0 secure_fw/partitions/internal_trusted_storage/libtfm_psa_rot_partition_its.a(its_flash_fs_mblock.o)
                0x0000000000001fec                its_flash_fs_mblock_read_file_meta
 .text.its_flash_fs_mblock_get_file_idx_meta
                0x000000000000208c       0x74 secure_fw/partitions/internal_trusted_storage/libtfm_psa_rot_partition_its.a(its_flash_fs_mblock.o)
                0x000000000000208c                its_flash_fs_mblock_get_file_idx_meta
 .text.its_flash_fs_mblock_get_file_idx_flag
                0x0000000000002100       0x50 secure_fw/partitions/internal_trusted_storage/libtfm_psa_rot_partition_its.a(its_flash_fs_mblock.o)
                0x0000000000002100                its_flash_fs_mblock_get_file_idx_flag
 .text.its_flash_fs_mblock_read_block_metadata
                0x0000000000002150       0x68 secure_fw/partitions/internal_trusted_storage/libtfm_psa_rot_partition_its.a(its_flash_fs_mblock.o)
                0x0000000000002150                its_flash_fs_mblock_read_block_metadata
 .text.its_flash_fs_mblock_read_block_metadata_comp
                0x00000000000021b8       0x68 secure_fw/partitions/internal_trusted_storage/libtfm_psa_rot_partition_its.a(its_flash_fs_mblock.o)
                0x00000000000021b8                its_flash_fs_mblock_read_block_metadata_comp
 .text.its_flash_fs_mblock_reserve_file
                0x0000000000002220       0xd0 secure_fw/partitions/internal_trusted_storage/libtfm_psa_rot_partition_its.a(its_flash_fs_mblock.o)
                0x0000000000002220                its_flash_fs_mblock_reserve_file
 .text.its_flash_fs_mblock_set_data_scratch
                0x00000000000022f0        0x8 secure_fw/partitions/internal_trusted_storage/libtfm_psa_rot_partition_its.a(its_flash_fs_mblock.o)
                0x00000000000022f0                its_flash_fs_mblock_set_data_scratch
 .text.its_flash_fs_mblock_update_scratch_file_meta
                0x00000000000022f8       0x3c secure_fw/partitions/internal_trusted_storage/libtfm_psa_rot_partition_its.a(its_flash_fs_mblock.o)
                0x00000000000022f8                its_flash_fs_mblock_update_scratch_file_meta
 .text.its_flash_fs_mblock_reset_metablock
                0x0000000000002334      0x164 secure_fw/partitions/internal_trusted_storage/libtfm_psa_rot_partition_its.a(its_flash_fs_mblock.o)
                0x0000000000002334                its_flash_fs_mblock_reset_metablock
 .text.its_flash_fs_block_to_block_move
                0x0000000000002498       0x64 secure_fw/partitions/internal_trusted_storage/libtfm_psa_rot_partition_its.a(its_flash_fs_mblock.o)
                0x0000000000002498                its_flash_fs_block_to_block_move
 .text.its_flash_fs_mblock_cp_file_meta
                0x00000000000024fc       0x34 secure_fw/partitions/internal_trusted_storage/libtfm_psa_rot_partition_its.a(its_flash_fs_mblock.o)
                0x00000000000024fc                its_flash_fs_mblock_cp_file_meta
 .text.its_flash_fs_mblock_init
                0x0000000000002530       0xb4 secure_fw/partitions/internal_trusted_storage/libtfm_psa_rot_partition_its.a(its_flash_fs_mblock.o)
                0x0000000000002530                its_flash_fs_mblock_init
 .text.its_flash_fs_mblock_migrate_lb0_data_to_scratch
                0x00000000000025e4       0x30 secure_fw/partitions/internal_trusted_storage/libtfm_psa_rot_partition_its.a(its_flash_fs_mblock.o)
                0x00000000000025e4                its_flash_fs_mblock_migrate_lb0_data_to_scratch
 .text.its_flash_fs_mblock_update_scratch_block_meta
                0x0000000000002614       0xc0 secure_fw/partitions/internal_trusted_storage/libtfm_psa_rot_partition_its.a(its_flash_fs_mblock.o)
                0x0000000000002614                its_flash_fs_mblock_update_scratch_block_meta
 .text.its_utils_check_contained_in
                0x00000000000026d4       0x18 secure_fw/partitions/internal_trusted_storage/libtfm_psa_rot_partition_its.a(its_utils.o)
                0x00000000000026d4                its_utils_check_contained_in
 .text.its_utils_validate_fid
                0x00000000000026ec       0x1c secure_fw/partitions/internal_trusted_storage/libtfm_psa_rot_partition_its.a(its_utils.o)
                0x00000000000026ec                its_utils_validate_fid
 .text.tfm_platform_service_sfn
                0x0000000000002708      0x294 secure_fw/partitions/platform/libtfm_psa_rot_partition_platform.a(platform_sp.o)
                0x0000000000002708                tfm_platform_service_sfn
 .text.platform_sp_init
                0x000000000000299c       0x14 secure_fw/partitions/platform/libtfm_psa_rot_partition_platform.a(platform_sp.o)
                0x000000000000299c                platform_sp_init
 .text.derive_subkey_into_buffer
                0x00000000000029b0      0x124 secure_fw/partitions/crypto/libtfm_psa_rot_partition_crypto.a(tfm_builtin_key_loader.o)
 .text.tfm_builtin_key_loader_init
                0x0000000000002ad4      0x100 secure_fw/partitions/crypto/libtfm_psa_rot_partition_crypto.a(tfm_builtin_key_loader.o)
                0x0000000000002ad4                tfm_builtin_key_loader_init
 .text.tfm_builtin_key_loader_get_key_buffer_size
                0x0000000000002bd4       0x64 secure_fw/partitions/crypto/libtfm_psa_rot_partition_crypto.a(tfm_builtin_key_loader.o)
                0x0000000000002bd4                tfm_builtin_key_loader_get_key_buffer_size
 .text.tfm_builtin_key_loader_get_builtin_key
                0x0000000000002c38      0x194 secure_fw/partitions/crypto/libtfm_psa_rot_partition_crypto.a(tfm_builtin_key_loader.o)
                0x0000000000002c38                tfm_builtin_key_loader_get_builtin_key
 *tfm_psa_rot_partition*:(SORT_BY_ALIGNMENT(.rodata*))
 .rodata.tfm_crypto_sfn.str1.4
                0x0000000000002dcc       0x25 secure_fw/partitions/crypto/libtfm_psa_rot_partition_crypto.a(crypto_init.o)
 *fill*         0x0000000000002df1        0x3 
 .rodata.tfm_crypto_library_get_info.str1.4
                0x0000000000002df4        0xf secure_fw/partitions/crypto/libtfm_psa_rot_partition_crypto.a(crypto_library.o)
 *fill*         0x0000000000002e03        0x1 
 .rodata.tfm_its_init.str1.4
                0x0000000000002e04       0x4d secure_fw/partitions/internal_trusted_storage/libtfm_psa_rot_partition_its.a(tfm_internal_trusted_storage.o)
 *fill*         0x0000000000002e51        0x3 
 .rodata.its_flash_fs_ops_nor
                0x0000000000002e54       0x14 secure_fw/partitions/internal_trusted_storage/libtfm_psa_rot_partition_its.a(its_flash_nor.o)
                0x0000000000002e54                its_flash_fs_ops_nor
 .rodata.data_width_byte
                0x0000000000002e68        0xc secure_fw/partitions/internal_trusted_storage/libtfm_psa_rot_partition_its.a(its_flash_nor.o)
 *tfm_*partition_its.*:(SORT_BY_ALIGNMENT(.text*))
 *tfm_*partition_its.*:(SORT_BY_ALIGNMENT(.rodata*))
 *(TFM_SP_ITS_PSA-ROT_ATTR_FN)
 *tfm_*partition_crypto.*:(SORT_BY_ALIGNMENT(.text*))
 *tfm_*partition_crypto.*:(SORT_BY_ALIGNMENT(.rodata*))
 *mbedcrypto.*:(SORT_BY_ALIGNMENT(.text*))
 .text.verify_header
                0x0000000000002e74       0x44 secure_fw/partitions/crypto/mbedcrypto/nrf_security_src/libcrypto_service_mbedcrypto.a(memory_buffer_alloc.o)
 .text.verify_chain
                0x0000000000002eb8       0x68 secure_fw/partitions/crypto/mbedcrypto/nrf_security_src/libcrypto_service_mbedcrypto.a(memory_buffer_alloc.o)
 .text.buffer_alloc_free
                0x0000000000002f20       0xe8 secure_fw/partitions/crypto/mbedcrypto/nrf_security_src/libcrypto_service_mbedcrypto.a(memory_buffer_alloc.o)
 .text.buffer_alloc_calloc
                0x0000000000003008      0x10c secure_fw/partitions/crypto/mbedcrypto/nrf_security_src/libcrypto_service_mbedcrypto.a(memory_buffer_alloc.o)
 .text.mbedtls_memory_buffer_alloc_init
                0x0000000000003114       0x64 secure_fw/partitions/crypto/mbedcrypto/nrf_security_src/libcrypto_service_mbedcrypto.a(memory_buffer_alloc.o)
                0x0000000000003114                mbedtls_memory_buffer_alloc_init
 *mbedcrypto.*:(SORT_BY_ALIGNMENT(.rodata*))
 *mbedtls*acceleration.*:(SORT_BY_ALIGNMENT(.text*))
 *mbedtls*acceleration.*:(SORT_BY_ALIGNMENT(.rodata*))
 *(TFM_SP_CRYPTO_PSA-ROT_ATTR_FN)
 *tfm_*partition_platform.*:(SORT_BY_ALIGNMENT(.text*))
 *tfm_*partition_platform.*:(SORT_BY_ALIGNMENT(.rodata*))
 *(TFM_SP_PLATFORM_PSA-ROT_ATTR_FN)
 *(TFM_*_PSA-ROT_ATTR_FN)
                0x0000000000003180                . = ALIGN (0x20)
 *fill*         0x0000000000003178        0x8 
                0x00000000000002e0                Image$$TFM_PSA_ROT_LINKER$$RO$$Base = ADDR (.TFM_PSA_ROT_LINKER)
                0x0000000000003180                Image$$TFM_PSA_ROT_LINKER$$RO$$Limit = (ADDR (.TFM_PSA_ROT_LINKER) + SIZEOF (.TFM_PSA_ROT_LINKER))
                0x00000000000002e0                Image$$TFM_PSA_ROT_LINKER$$Base = ADDR (.TFM_PSA_ROT_LINKER)
                0x0000000000003180                Image$$TFM_PSA_ROT_LINKER$$Limit = (ADDR (.TFM_PSA_ROT_LINKER) + SIZEOF (.TFM_PSA_ROT_LINKER))
                0x0000000000003180                Image$$TFM_PSA_CODE_END$$Base = .
                0x0000000000003180                Image$$TFM_APP_CODE_START$$Base = .

.TFM_APP_ROT_LINKER
                0x0000000000003180      0xee0
 *tfm_app_rot_partition*:(SORT_BY_ALIGNMENT(.text*))
 .text.ps_object_table_create
                0x0000000000003180       0x44 secure_fw/partitions/protected_storage/libtfm_app_rot_partition_ps.a(ps_object_table.o)
                0x0000000000003180                ps_object_table_create
 *fill*         0x00000000000031c4        0x4 
 .text.ps_object_table_init
                0x00000000000031c8      0x16c secure_fw/partitions/protected_storage/libtfm_app_rot_partition_ps.a(ps_object_table.o)
                0x00000000000031c8                ps_object_table_init
 .text.tfm_protected_storage_service_sfn
                0x0000000000003334      0x140 secure_fw/partitions/protected_storage/libtfm_app_rot_partition_ps.a(tfm_ps_req_mngr.o)
                0x0000000000003334                tfm_protected_storage_service_sfn
 .text.tfm_ps_entry
                0x0000000000003474        0x4 secure_fw/partitions/protected_storage/libtfm_app_rot_partition_ps.a(tfm_ps_req_mngr.o)
                0x0000000000003474                tfm_ps_entry
 .text.ps_req_mngr_read_asset_data
                0x0000000000003478       0x24 secure_fw/partitions/protected_storage/libtfm_app_rot_partition_ps.a(tfm_ps_req_mngr.o)
                0x0000000000003478                ps_req_mngr_read_asset_data
 .text.ps_req_mngr_write_asset_data
                0x000000000000349c       0x14 secure_fw/partitions/protected_storage/libtfm_app_rot_partition_ps.a(tfm_ps_req_mngr.o)
                0x000000000000349c                ps_req_mngr_write_asset_data
 .text.tfm_ps_init
                0x00000000000034b0       0x2c secure_fw/partitions/protected_storage/libtfm_app_rot_partition_ps.a(tfm_protected_storage.o)
                0x00000000000034b0                tfm_ps_init
 .text.tfm_ps_set
                0x00000000000034dc       0x2c secure_fw/partitions/protected_storage/libtfm_app_rot_partition_ps.a(tfm_protected_storage.o)
                0x00000000000034dc                tfm_ps_set
 .text.tfm_ps_get
                0x0000000000003508       0x28 secure_fw/partitions/protected_storage/libtfm_app_rot_partition_ps.a(tfm_protected_storage.o)
                0x0000000000003508                tfm_ps_get
 .text.tfm_ps_get_info
                0x0000000000003530       0x1c secure_fw/partitions/protected_storage/libtfm_app_rot_partition_ps.a(tfm_protected_storage.o)
                0x0000000000003530                tfm_ps_get_info
 .text.tfm_ps_remove
                0x000000000000354c       0x28 secure_fw/partitions/protected_storage/libtfm_app_rot_partition_ps.a(tfm_protected_storage.o)
                0x000000000000354c                tfm_ps_remove
 .text.tfm_ps_get_support
                0x0000000000003574        0x4 secure_fw/partitions/protected_storage/libtfm_app_rot_partition_ps.a(tfm_protected_storage.o)
                0x0000000000003574                tfm_ps_get_support
 .text.ps_system_prepare
                0x0000000000003578       0x1c secure_fw/partitions/protected_storage/libtfm_app_rot_partition_ps.a(ps_object_system.o)
                0x0000000000003578                ps_system_prepare
 .text.ps_object_read
                0x0000000000003594       0x88 secure_fw/partitions/protected_storage/libtfm_app_rot_partition_ps.a(ps_object_system.o)
                0x0000000000003594                ps_object_read
 .text.ps_object_create
                0x000000000000361c      0x16c secure_fw/partitions/protected_storage/libtfm_app_rot_partition_ps.a(ps_object_system.o)
                0x000000000000361c                ps_object_create
 .text.ps_object_get_info
                0x0000000000003788       0x60 secure_fw/partitions/protected_storage/libtfm_app_rot_partition_ps.a(ps_object_system.o)
                0x0000000000003788                ps_object_get_info
 .text.ps_object_delete
                0x00000000000037e8       0x88 secure_fw/partitions/protected_storage/libtfm_app_rot_partition_ps.a(ps_object_system.o)
                0x00000000000037e8                ps_object_delete
 .text.ps_system_wipe_all
                0x0000000000003870        0x4 secure_fw/partitions/protected_storage/libtfm_app_rot_partition_ps.a(ps_object_system.o)
                0x0000000000003870                ps_system_wipe_all
 .text.ps_object_table_authenticate
                0x0000000000003874       0x64 secure_fw/partitions/protected_storage/libtfm_app_rot_partition_ps.a(ps_object_table.o)
 .text.ps_object_table_save_table.constprop.0
                0x00000000000038d8       0xd8 secure_fw/partitions/protected_storage/libtfm_app_rot_partition_ps.a(ps_object_table.o)
 .text.ps_object_table_get_free_fid
                0x00000000000039b0       0x74 secure_fw/partitions/protected_storage/libtfm_app_rot_partition_ps.a(ps_object_table.o)
                0x00000000000039b0                ps_object_table_get_free_fid
 .text.ps_object_table_set_obj_tbl_info
                0x0000000000003a24       0xd0 secure_fw/partitions/protected_storage/libtfm_app_rot_partition_ps.a(ps_object_table.o)
                0x0000000000003a24                ps_object_table_set_obj_tbl_info
 .text.ps_object_table_get_obj_tbl_info
                0x0000000000003af4       0x50 secure_fw/partitions/protected_storage/libtfm_app_rot_partition_ps.a(ps_object_table.o)
                0x0000000000003af4                ps_object_table_get_obj_tbl_info
 .text.ps_object_table_delete_object
                0x0000000000003b44       0x70 secure_fw/partitions/protected_storage/libtfm_app_rot_partition_ps.a(ps_object_table.o)
                0x0000000000003b44                ps_object_table_delete_object
 .text.ps_object_table_delete_old_table
                0x0000000000003bb4       0x14 secure_fw/partitions/protected_storage/libtfm_app_rot_partition_ps.a(ps_object_table.o)
                0x0000000000003bb4                ps_object_table_delete_old_table
 .text.ps_crypto_setkey.constprop.0
                0x0000000000003bc8       0x88 secure_fw/partitions/protected_storage/libtfm_app_rot_partition_ps.a(ps_crypto_interface.o)
 .text.ps_crypto_to_blocks
                0x0000000000003c50        0x8 secure_fw/partitions/protected_storage/libtfm_app_rot_partition_ps.a(ps_crypto_interface.o)
                0x0000000000003c50                ps_crypto_to_blocks
 .text.ps_crypto_set_iv
                0x0000000000003c58       0x10 secure_fw/partitions/protected_storage/libtfm_app_rot_partition_ps.a(ps_crypto_interface.o)
                0x0000000000003c58                ps_crypto_set_iv
 .text.ps_crypto_get_iv
                0x0000000000003c68       0x70 secure_fw/partitions/protected_storage/libtfm_app_rot_partition_ps.a(ps_crypto_interface.o)
                0x0000000000003c68                ps_crypto_get_iv
 .text.ps_crypto_encrypt_and_tag
                0x0000000000003cd8       0x9c secure_fw/partitions/protected_storage/libtfm_app_rot_partition_ps.a(ps_crypto_interface.o)
                0x0000000000003cd8                ps_crypto_encrypt_and_tag
 .text.ps_crypto_auth_and_decrypt
                0x0000000000003d74       0x9c secure_fw/partitions/protected_storage/libtfm_app_rot_partition_ps.a(ps_crypto_interface.o)
                0x0000000000003d74                ps_crypto_auth_and_decrypt
 .text.ps_crypto_generate_auth_tag
                0x0000000000003e10       0x80 secure_fw/partitions/protected_storage/libtfm_app_rot_partition_ps.a(ps_crypto_interface.o)
                0x0000000000003e10                ps_crypto_generate_auth_tag
 .text.ps_crypto_authenticate
                0x0000000000003e90       0x84 secure_fw/partitions/protected_storage/libtfm_app_rot_partition_ps.a(ps_crypto_interface.o)
                0x0000000000003e90                ps_crypto_authenticate
 .text.ps_encrypted_object_read
                0x0000000000003f14       0x68 secure_fw/partitions/protected_storage/libtfm_app_rot_partition_ps.a(ps_encrypted_object.o)
                0x0000000000003f14                ps_encrypted_object_read
 .text.ps_encrypted_object_write
                0x0000000000003f7c       0x6c secure_fw/partitions/protected_storage/libtfm_app_rot_partition_ps.a(ps_encrypted_object.o)
                0x0000000000003f7c                ps_encrypted_object_write
 .text.ps_read_nv_counter
                0x0000000000003fe8       0x18 secure_fw/partitions/protected_storage/libtfm_app_rot_partition_ps.a(ps_nv_counters.o)
                0x0000000000003fe8                ps_read_nv_counter
 .text.ps_increment_nv_counter
                0x0000000000004000       0x14 secure_fw/partitions/protected_storage/libtfm_app_rot_partition_ps.a(ps_nv_counters.o)
                0x0000000000004000                ps_increment_nv_counter
 *tfm_app_rot_partition*:(SORT_BY_ALIGNMENT(.rodata*))
 *fill*         0x0000000000004014        0x4 
 .rodata        0x0000000000004018       0x20 secure_fw/partitions/protected_storage/libtfm_app_rot_partition_ps.a(ps_object_table.o)
 .rodata.tfm_ps_init.str1.4
                0x0000000000004038       0x21 secure_fw/partitions/protected_storage/libtfm_app_rot_partition_ps.a(tfm_protected_storage.o)
 *tfm_*partition_ps.*:(SORT_BY_ALIGNMENT(.text*))
 *tfm_*partition_ps.*:(SORT_BY_ALIGNMENT(.rodata*))
 *(TFM_SP_PS_APP-ROT_ATTR_FN)
 *(TFM_*_APP-ROT_ATTR_FN)
                0x0000000000004060                . = ALIGN (0x20)
 *fill*         0x0000000000004059        0x7 
                0x0000000000003180                Image$$TFM_APP_ROT_LINKER$$RO$$Base = ADDR (.TFM_APP_ROT_LINKER)
                0x0000000000004060                Image$$TFM_APP_ROT_LINKER$$RO$$Limit = (ADDR (.TFM_APP_ROT_LINKER) + SIZEOF (.TFM_APP_ROT_LINKER))
                0x0000000000003180                Image$$TFM_APP_ROT_LINKER$$Base = ADDR (.TFM_APP_ROT_LINKER)
                0x0000000000004060                Image$$TFM_APP_ROT_LINKER$$Limit = (ADDR (.TFM_APP_ROT_LINKER) + SIZEOF (.TFM_APP_ROT_LINKER))
                0x0000000000004060                Image$$TFM_APP_CODE_END$$Base = .

.ARM.extab
 *(.ARM.extab* .gnu.linkonce.armextab.*)
                0x0000000000004060                __exidx_start = .

.ARM.exidx
 *(.ARM.exidx* .gnu.linkonce.armexidx.*)
                0x0000000000004060                __exidx_end = .

.ER_TFM_CODE    0x0000000000004060     0x4b43
                0x0000000000004060                . = ALIGN (0x4)
                0x0000000000004060                PROVIDE (__preinit_array_start = .)
                [!provide]                        PROVIDE (__bothinit_array_start = __preinit_array_start)
 *(.preinit_array)
                0x0000000000004060                PROVIDE (__preinit_array_end = .)
                0x0000000000004060                . = ALIGN (0x4)
                0x0000000000004060                PROVIDE (__init_array_start = .)
 *(SORT_BY_NAME(.init_array.*))
 *(.init_array)
                0x0000000000004060                PROVIDE (__init_array_end = .)
                [!provide]                        PROVIDE (__bothinit_array_end = __init_array_end)
                0x0000000000004060                . = ALIGN (0x4)
                0x0000000000004060                PROVIDE (__fini_array_start = .)
 *(SORT_BY_NAME(.fini_array.*))
 *(.fini_array)
                0x0000000000004060                PROVIDE (__fini_array_end = .)
                0x0000000000004060                . = ALIGN (0x4)
                0x0000000000004060                __copy_table_start__ = .
                0x0000000000004060        0x4 LONG 0x17c78 LOADADDR (.TFM_DATA)
                0x0000000000004064        0x4 LONG 0x2000af00 ADDR (.TFM_DATA)
                0x0000000000004068        0x4 LONG 0x51 (SIZEOF (.TFM_DATA) / 0x4)
                0x000000000000406c        0x4 LONG 0x17c40 LOADADDR (.TFM_PSA_ROT_LINKER_DATA)
                0x0000000000004070        0x4 LONG 0x20002d20 ADDR (.TFM_PSA_ROT_LINKER_DATA)
                0x0000000000004074        0x4 LONG 0xe (SIZEOF (.TFM_PSA_ROT_LINKER_DATA) / 0x4)
                0x0000000000004078        0x4 LONG 0x17c40 LOADADDR (.TFM_APP_ROT_LINKER_DATA)
                0x000000000000407c        0x4 LONG 0x20001c20 ADDR (.TFM_APP_ROT_LINKER_DATA)
                0x0000000000004080        0x4 LONG 0x0 (SIZEOF (.TFM_APP_ROT_LINKER_DATA) / 0x4)
                0x0000000000004084                __copy_table_end__ = .
                0x0000000000004084                . = ALIGN (0x4)
                0x0000000000004084                __zero_table_start__ = .
                0x0000000000004084        0x4 LONG 0x2000b044 ADDR (.TFM_BSS)
                0x0000000000004088        0x4 LONG 0x715 (SIZEOF (.TFM_BSS) / 0x4)
                0x000000000000408c        0x4 LONG 0x20002d58 ADDR (.TFM_PSA_ROT_LINKER_BSS)
                0x0000000000004090        0x4 LONG 0x206a (SIZEOF (.TFM_PSA_ROT_LINKER_BSS) / 0x4)
                0x0000000000004094        0x4 LONG 0x20001c20 ADDR (.TFM_APP_ROT_LINKER_BSS)
                0x0000000000004098        0x4 LONG 0x440 (SIZEOF (.TFM_APP_ROT_LINKER_BSS) / 0x4)
                0x000000000000409c        0x4 LONG 0x20001c00 ADDR (.TFM_SP_META_PTR)
                0x00000000000040a0        0x4 LONG 0x8 (SIZEOF (.TFM_SP_META_PTR) / 0x4)
                0x00000000000040a4                __zero_table_end__ = .
 *startup*(.text*)
 .text.default_irq_handler
                0x00000000000040a4        0x4 secure_fw/CMakeFiles/tfm_s.dir/__/platform/ext/target/nordic_nrf/common/core/startup.o
                0x00000000000040a4                default_irq_handler
 .text.Reset_Handler
                0x00000000000040a8       0x4c secure_fw/CMakeFiles/tfm_s.dir/__/platform/ext/target/nordic_nrf/common/core/startup.o
                0x00000000000040a8                Reset_Handler
 .text.default_tfm_IRQHandler
                0x00000000000040f4       0x1c secure_fw/CMakeFiles/tfm_s.dir/__/platform/ext/target/nordic_nrf/common/core/startup_nrf91.o
                0x00000000000040f4                default_tfm_IRQHandler
 .text.NMI_Handler
                0x0000000000004110        0x8 secure_fw/CMakeFiles/tfm_s.dir/__/platform/ext/target/nordic_nrf/common/core/startup_nrf91.o
                0x0000000000004110                NMI_Handler
 .text.CRYPTOCELL_IRQHandler
                0x0000000000004118        0x8 secure_fw/CMakeFiles/tfm_s.dir/__/platform/ext/target/nordic_nrf/common/core/startup_nrf91.o
                0x0000000000004118                CRYPTOCELL_IRQHandler
 .text.DebugMon_Handler
                0x0000000000004120        0x8 secure_fw/CMakeFiles/tfm_s.dir/__/platform/ext/target/nordic_nrf/common/core/startup_nrf91.o
                0x0000000000004120                DebugMon_Handler
 .text.SysTick_Handler
                0x0000000000004128        0x8 secure_fw/CMakeFiles/tfm_s.dir/__/platform/ext/target/nordic_nrf/common/core/startup_nrf91.o
                0x0000000000004128                SysTick_Handler
 .text.CLOCK_POWER_IRQHandler
                0x0000000000004130        0x8 secure_fw/CMakeFiles/tfm_s.dir/__/platform/ext/target/nordic_nrf/common/core/startup_nrf91.o
                0x0000000000004130                CLOCK_POWER_IRQHandler
 .text.SPIM0_SPIS0_TWIM0_TWIS0_UARTE0_IRQHandler
                0x0000000000004138        0x8 secure_fw/CMakeFiles/tfm_s.dir/__/platform/ext/target/nordic_nrf/common/core/startup_nrf91.o
                0x0000000000004138                SPIM0_SPIS0_TWIM0_TWIS0_UARTE0_IRQHandler
 .text.SPIM1_SPIS1_TWIM1_TWIS1_UARTE1_IRQHandler
                0x0000000000004140        0x8 secure_fw/CMakeFiles/tfm_s.dir/__/platform/ext/target/nordic_nrf/common/core/startup_nrf91.o
                0x0000000000004140                SPIM1_SPIS1_TWIM1_TWIS1_UARTE1_IRQHandler
 .text.SPIM2_SPIS2_TWIM2_TWIS2_UARTE2_IRQHandler
                0x0000000000004148        0x8 secure_fw/CMakeFiles/tfm_s.dir/__/platform/ext/target/nordic_nrf/common/core/startup_nrf91.o
                0x0000000000004148                SPIM2_SPIS2_TWIM2_TWIS2_UARTE2_IRQHandler
 .text.UARTE3_SPIM3_SPIS3_TWIM3_TWIS3_IRQHandler
                0x0000000000004150        0x8 secure_fw/CMakeFiles/tfm_s.dir/__/platform/ext/target/nordic_nrf/common/core/startup_nrf91.o
                0x0000000000004150                UARTE3_SPIM3_SPIS3_TWIM3_TWIS3_IRQHandler
 .text.GPIOTE0_IRQHandler
                0x0000000000004158        0x8 secure_fw/CMakeFiles/tfm_s.dir/__/platform/ext/target/nordic_nrf/common/core/startup_nrf91.o
                0x0000000000004158                GPIOTE0_IRQHandler
 .text.SAADC_IRQHandler
                0x0000000000004160        0x8 secure_fw/CMakeFiles/tfm_s.dir/__/platform/ext/target/nordic_nrf/common/core/startup_nrf91.o
                0x0000000000004160                SAADC_IRQHandler
 .text.TIMER0_IRQHandler
                0x0000000000004168        0x8 secure_fw/CMakeFiles/tfm_s.dir/__/platform/ext/target/nordic_nrf/common/core/startup_nrf91.o
                0x0000000000004168                TIMER0_IRQHandler
 .text.TIMER1_IRQHandler
                0x0000000000004170        0x8 secure_fw/CMakeFiles/tfm_s.dir/__/platform/ext/target/nordic_nrf/common/core/startup_nrf91.o
                0x0000000000004170                TIMER1_IRQHandler
 .text.TIMER2_IRQHandler
                0x0000000000004178        0x8 secure_fw/CMakeFiles/tfm_s.dir/__/platform/ext/target/nordic_nrf/common/core/startup_nrf91.o
                0x0000000000004178                TIMER2_IRQHandler
 .text.RTC0_IRQHandler
                0x0000000000004180        0x8 secure_fw/CMakeFiles/tfm_s.dir/__/platform/ext/target/nordic_nrf/common/core/startup_nrf91.o
                0x0000000000004180                RTC0_IRQHandler
 .text.RTC1_IRQHandler
                0x0000000000004188        0x8 secure_fw/CMakeFiles/tfm_s.dir/__/platform/ext/target/nordic_nrf/common/core/startup_nrf91.o
                0x0000000000004188                RTC1_IRQHandler
 .text.WDT_IRQHandler
                0x0000000000004190        0x8 secure_fw/CMakeFiles/tfm_s.dir/__/platform/ext/target/nordic_nrf/common/core/startup_nrf91.o
                0x0000000000004190                WDT_IRQHandler
 .text.EGU0_IRQHandler
                0x0000000000004198        0x8 secure_fw/CMakeFiles/tfm_s.dir/__/platform/ext/target/nordic_nrf/common/core/startup_nrf91.o
                0x0000000000004198                EGU0_IRQHandler
 .text.EGU1_IRQHandler
                0x00000000000041a0        0x8 secure_fw/CMakeFiles/tfm_s.dir/__/platform/ext/target/nordic_nrf/common/core/startup_nrf91.o
                0x00000000000041a0                EGU1_IRQHandler
 .text.EGU2_IRQHandler
                0x00000000000041a8        0x8 secure_fw/CMakeFiles/tfm_s.dir/__/platform/ext/target/nordic_nrf/common/core/startup_nrf91.o
                0x00000000000041a8                EGU2_IRQHandler
 .text.EGU3_IRQHandler
                0x00000000000041b0        0x8 secure_fw/CMakeFiles/tfm_s.dir/__/platform/ext/target/nordic_nrf/common/core/startup_nrf91.o
                0x00000000000041b0                EGU3_IRQHandler
 .text.EGU4_IRQHandler
                0x00000000000041b8        0x8 secure_fw/CMakeFiles/tfm_s.dir/__/platform/ext/target/nordic_nrf/common/core/startup_nrf91.o
                0x00000000000041b8                EGU4_IRQHandler
 .text.EGU5_IRQHandler
                0x00000000000041c0        0x8 secure_fw/CMakeFiles/tfm_s.dir/__/platform/ext/target/nordic_nrf/common/core/startup_nrf91.o
                0x00000000000041c0                EGU5_IRQHandler
 .text.PWM0_IRQHandler
                0x00000000000041c8        0x8 secure_fw/CMakeFiles/tfm_s.dir/__/platform/ext/target/nordic_nrf/common/core/startup_nrf91.o
                0x00000000000041c8                PWM0_IRQHandler
 .text.PWM1_IRQHandler
                0x00000000000041d0        0x8 secure_fw/CMakeFiles/tfm_s.dir/__/platform/ext/target/nordic_nrf/common/core/startup_nrf91.o
                0x00000000000041d0                PWM1_IRQHandler
 .text.PWM2_IRQHandler
                0x00000000000041d8        0x8 secure_fw/CMakeFiles/tfm_s.dir/__/platform/ext/target/nordic_nrf/common/core/startup_nrf91.o
                0x00000000000041d8                PWM2_IRQHandler
 .text.PWM3_IRQHandler
                0x00000000000041e0        0x8 secure_fw/CMakeFiles/tfm_s.dir/__/platform/ext/target/nordic_nrf/common/core/startup_nrf91.o
                0x00000000000041e0                PWM3_IRQHandler
 .text.PDM_IRQHandler
                0x00000000000041e8        0x8 secure_fw/CMakeFiles/tfm_s.dir/__/platform/ext/target/nordic_nrf/common/core/startup_nrf91.o
                0x00000000000041e8                PDM_IRQHandler
 .text.I2S_IRQHandler
                0x00000000000041f0        0x8 secure_fw/CMakeFiles/tfm_s.dir/__/platform/ext/target/nordic_nrf/common/core/startup_nrf91.o
                0x00000000000041f0                I2S_IRQHandler
 .text.IPC_IRQHandler
                0x00000000000041f8        0x8 secure_fw/CMakeFiles/tfm_s.dir/__/platform/ext/target/nordic_nrf/common/core/startup_nrf91.o
                0x00000000000041f8                IPC_IRQHandler
 .text.FPU_IRQHandler
                0x0000000000004200        0x8 secure_fw/CMakeFiles/tfm_s.dir/__/platform/ext/target/nordic_nrf/common/core/startup_nrf91.o
                0x0000000000004200                FPU_IRQHandler
 .text.GPIOTE1_IRQHandler
                0x0000000000004208        0x8 secure_fw/CMakeFiles/tfm_s.dir/__/platform/ext/target/nordic_nrf/common/core/startup_nrf91.o
                0x0000000000004208                GPIOTE1_IRQHandler
 .text.KMU_IRQHandler
                0x0000000000004210        0x8 secure_fw/CMakeFiles/tfm_s.dir/__/platform/ext/target/nordic_nrf/common/core/startup_nrf91.o
                0x0000000000004210                KMU_IRQHandler
 *libplatform_s*:(SORT_BY_ALIGNMENT(.text*))
 .text.uicr_HFXOCNT_erased
                0x0000000000004218       0x7c platform/libplatform_s.a(system_nrf91.o)
 .text.uicr_HFXOSRC_erased
                0x0000000000004294       0x7c platform/libplatform_s.a(system_nrf91.o)
 .text.SystemInit
                0x0000000000004310      0x2a4 platform/libplatform_s.a(system_nrf91.o)
                0x0000000000004310                SystemInit
 .text.tfm_exception_info_get_context
                0x00000000000045b4        0xc platform/libplatform_s.a(exception_info.o)
                0x00000000000045b4                tfm_exception_info_get_context
 .text.store_and_dump_context
                0x00000000000045c0      0x150 platform/libplatform_s.a(exception_info.o)
                0x00000000000045c0                store_and_dump_context
 .text.tfm_hal_output_spm_log
                0x0000000000004710        0x4 platform/libplatform_s.a(tfm_hal_spm_logdev_peripheral.o)
                0x0000000000004710                tfm_hal_output_spm_log
 .text.stdio_output_string
                0x0000000000004714       0x2c platform/libplatform_s.a(uart_stdout.o)
                0x0000000000004714                stdio_output_string
 .text.stdio_init
                0x0000000000004740       0x38 platform/libplatform_s.a(uart_stdout.o)
                0x0000000000004740                stdio_init
 .text.ARM_USART_GetVersion
                0x0000000000004778       0x1c platform/libplatform_s.a(Driver_USART.o)
 .text.ARM_USART_GetCapabilities
                0x0000000000004794        0x4 platform/libplatform_s.a(Driver_USART.o)
 .text.ARM_USART_Transfer
                0x0000000000004798        0x8 platform/libplatform_s.a(Driver_USART.o)
 .text.ARM_USART_GetStatus
                0x00000000000047a0        0x4 platform/libplatform_s.a(Driver_USART.o)
 .text.ARM_USART_SetModemControl
                0x00000000000047a4        0x8 platform/libplatform_s.a(Driver_USART.o)
 .text.ARM_USART_GetModemStatus
                0x00000000000047ac        0x4 platform/libplatform_s.a(Driver_USART.o)
 .text.ARM_USART1_PowerControl
                0x00000000000047b0        0xc platform/libplatform_s.a(Driver_USART.o)
 .text.ARM_USART1_GetTxCount
                0x00000000000047bc        0xc platform/libplatform_s.a(Driver_USART.o)
 .text.ARM_USART1_GetRxCount
                0x00000000000047c8        0xc platform/libplatform_s.a(Driver_USART.o)
 .text.ARM_USART1_Uninitialize
                0x00000000000047d4       0x10 platform/libplatform_s.a(Driver_USART.o)
 .text.ARM_USART1_Control
                0x00000000000047e4      0x1e4 platform/libplatform_s.a(Driver_USART.o)
 .text.ARM_USART1_Receive
                0x00000000000049c8       0x7c platform/libplatform_s.a(Driver_USART.o)
 .text.ARM_USARTx_Send.constprop.0
                0x0000000000004a44       0x74 platform/libplatform_s.a(Driver_USART.o)
 .text.ARM_USART1_Send
                0x0000000000004ab8        0x4 platform/libplatform_s.a(Driver_USART.o)
 .text.uart_config_set_uart_pins
                0x0000000000004abc       0x44 platform/libplatform_s.a(Driver_USART.o)
                0x0000000000004abc                uart_config_set_uart_pins
 .text.ARM_USART1_Initialize
                0x0000000000004b00       0x34 platform/libplatform_s.a(Driver_USART.o)
 .text.blocking_tx
                0x0000000000004b34      0x1cc platform/libplatform_s.a(nrfx_uarte.o)
 .text.tx_prepare_start.isra.0
                0x0000000000004d00       0x90 platform/libplatform_s.a(nrfx_uarte.o)
 .text.rx_abort
                0x0000000000004d90      0x134 platform/libplatform_s.a(nrfx_uarte.o)
 .text.on_rx_disabled
                0x0000000000004ec4       0x80 platform/libplatform_s.a(nrfx_uarte.o)
 .text.uarte_configure
                0x0000000000004f44      0x23c platform/libplatform_s.a(nrfx_uarte.o)
 .text.nrfx_uarte_init
                0x0000000000005180      0x1a4 platform/libplatform_s.a(nrfx_uarte.o)
                0x0000000000005180                nrfx_uarte_init
 .text.nrfx_uarte_reconfigure
                0x0000000000005324       0x9c platform/libplatform_s.a(nrfx_uarte.o)
                0x0000000000005324                nrfx_uarte_reconfigure
 .text.nrfx_uarte_init_check
                0x00000000000053c0        0xc platform/libplatform_s.a(nrfx_uarte.o)
                0x00000000000053c0                nrfx_uarte_init_check
 .text.nrfx_uarte_tx
                0x00000000000053cc      0x140 platform/libplatform_s.a(nrfx_uarte.o)
                0x00000000000053cc                nrfx_uarte_tx
 .text.nrfx_uarte_tx_abort
                0x000000000000550c       0xa4 platform/libplatform_s.a(nrfx_uarte.o)
                0x000000000000550c                nrfx_uarte_tx_abort
 .text.nrfx_uarte_uninit
                0x00000000000055b0      0x140 platform/libplatform_s.a(nrfx_uarte.o)
                0x00000000000055b0                nrfx_uarte_uninit
 .text.nrfx_uarte_rx_enable
                0x00000000000056f0      0x130 platform/libplatform_s.a(nrfx_uarte.o)
                0x00000000000056f0                nrfx_uarte_rx_enable
 .text.nrfx_uarte_rx_buffer_set
                0x0000000000005820      0x174 platform/libplatform_s.a(nrfx_uarte.o)
                0x0000000000005820                nrfx_uarte_rx_buffer_set
 .text.nrfx_uarte_rx_abort
                0x0000000000005994        0x4 platform/libplatform_s.a(nrfx_uarte.o)
                0x0000000000005994                nrfx_uarte_rx_abort
 .text.nrfx_uarte_rx_ready
                0x0000000000005998       0x3c platform/libplatform_s.a(nrfx_uarte.o)
                0x0000000000005998                nrfx_uarte_rx_ready
 .text.nrfx_critical_section_enter
                0x00000000000059d4       0x10 platform/libplatform_s.a(nrfx_glue.o)
                0x00000000000059d4                nrfx_critical_section_enter
 .text.nrfx_critical_section_exit
                0x00000000000059e4       0x14 platform/libplatform_s.a(nrfx_glue.o)
                0x00000000000059e4                nrfx_critical_section_exit
 .text.ARM_Flash_GetCapabilities
                0x00000000000059f8        0x4 platform/libplatform_s.a(Driver_Flash.o)
 .text.ARM_Flash_Initialize
                0x00000000000059fc        0x4 platform/libplatform_s.a(Driver_Flash.o)
 .text.ARM_Flash_Unitialize
                0x0000000000005a00        0x4 platform/libplatform_s.a(Driver_Flash.o)
 .text.ARM_Flash_GetInfo
                0x0000000000005a04        0x8 platform/libplatform_s.a(Driver_Flash.o)
 .text.ARM_Flash_EraseSector
                0x0000000000005a0c       0x10 platform/libplatform_s.a(Driver_Flash.o)
 .text.ARM_Flash_ProgramData
                0x0000000000005a1c       0x2c platform/libplatform_s.a(Driver_Flash.o)
 .text.ARM_Flash_ReadData
                0x0000000000005a48       0x34 platform/libplatform_s.a(Driver_Flash.o)
 .text.nrfx_nvmc_page_erase
                0x0000000000005a7c       0x38 platform/libplatform_s.a(nrfx_nvmc.o)
                0x0000000000005a7c                nrfx_nvmc_page_erase
 .text.nrfx_nvmc_words_write
                0x0000000000005ab4       0x48 platform/libplatform_s.a(nrfx_nvmc.o)
                0x0000000000005ab4                nrfx_nvmc_words_write
 .text.mpu_armv8m_enable
                0x0000000000005afc       0x38 platform/libplatform_s.a(mpu_armv8m_drv.o)
                0x0000000000005afc                mpu_armv8m_enable
 .text.mpu_armv8m_region_enable
                0x0000000000005b34       0x78 platform/libplatform_s.a(mpu_armv8m_drv.o)
                0x0000000000005b34                mpu_armv8m_region_enable
 .text.mpu_armv8m_clean
                0x0000000000005bac       0x28 platform/libplatform_s.a(mpu_armv8m_drv.o)
                0x0000000000005bac                mpu_armv8m_clean
 .text.spu_enable_interrupts
                0x0000000000005bd4       0x10 platform/libplatform_s.a(spu.o)
                0x0000000000005bd4                spu_enable_interrupts
 .text.spu_events_get
                0x0000000000005be4       0x2c platform/libplatform_s.a(spu.o)
                0x0000000000005be4                spu_events_get
 .text.spu_clear_events
                0x0000000000005c10       0x24 platform/libplatform_s.a(spu.o)
                0x0000000000005c10                spu_clear_events
 .text.spu_regions_reset_unlocked_secure
                0x0000000000005c34       0x30 platform/libplatform_s.a(spu.o)
                0x0000000000005c34                spu_regions_reset_unlocked_secure
 .text.spu_regions_flash_config
                0x0000000000005c64       0x38 platform/libplatform_s.a(spu.o)
                0x0000000000005c64                spu_regions_flash_config
 .text.spu_regions_sram_config
                0x0000000000005c9c       0x40 platform/libplatform_s.a(spu.o)
                0x0000000000005c9c                spu_regions_sram_config
 .text.spu_regions_flash_config_non_secure_callable
                0x0000000000005cdc       0x30 platform/libplatform_s.a(spu.o)
                0x0000000000005cdc                spu_regions_flash_config_non_secure_callable
 .text.spu_regions_flash_get_base_address_in_region
                0x0000000000005d0c        0x4 platform/libplatform_s.a(spu.o)
                0x0000000000005d0c                spu_regions_flash_get_base_address_in_region
 .text.spu_regions_flash_get_last_address_in_region
                0x0000000000005d10        0xc platform/libplatform_s.a(spu.o)
                0x0000000000005d10                spu_regions_flash_get_last_address_in_region
 .text.spu_regions_flash_get_start_id
                0x0000000000005d1c        0x4 platform/libplatform_s.a(spu.o)
                0x0000000000005d1c                spu_regions_flash_get_start_id
 .text.spu_regions_flash_get_last_id
                0x0000000000005d20        0x4 platform/libplatform_s.a(spu.o)
                0x0000000000005d20                spu_regions_flash_get_last_id
 .text.spu_regions_flash_get_region_size
                0x0000000000005d24        0x8 platform/libplatform_s.a(spu.o)
                0x0000000000005d24                spu_regions_flash_get_region_size
 .text.spu_regions_sram_get_base_address_in_region
                0x0000000000005d2c        0xc platform/libplatform_s.a(spu.o)
                0x0000000000005d2c                spu_regions_sram_get_base_address_in_region
 .text.spu_regions_sram_get_last_address_in_region
                0x0000000000005d38       0x10 platform/libplatform_s.a(spu.o)
                0x0000000000005d38                spu_regions_sram_get_last_address_in_region
 .text.spu_regions_sram_get_start_id
                0x0000000000005d48        0x4 platform/libplatform_s.a(spu.o)
                0x0000000000005d48                spu_regions_sram_get_start_id
 .text.spu_regions_sram_get_last_id
                0x0000000000005d4c        0x4 platform/libplatform_s.a(spu.o)
                0x0000000000005d4c                spu_regions_sram_get_last_id
 .text.spu_regions_sram_get_region_size
                0x0000000000005d50        0x8 platform/libplatform_s.a(spu.o)
                0x0000000000005d50                spu_regions_sram_get_region_size
 .text.spu_peripheral_config_secure
                0x0000000000005d58       0x1c platform/libplatform_s.a(spu.o)
                0x0000000000005d58                spu_peripheral_config_secure
 .text.spu_peripheral_config_non_secure
                0x0000000000005d74       0x18 platform/libplatform_s.a(spu.o)
                0x0000000000005d74                spu_peripheral_config_non_secure
 .text.nrf_exception_info_store_context
                0x0000000000005d8c       0x20 platform/libplatform_s.a(nrf_exception_info.o)
                0x0000000000005d8c                nrf_exception_info_store_context
 .text.nrf_exception_info_get_context
                0x0000000000005dac        0xc platform/libplatform_s.a(nrf_exception_info.o)
                0x0000000000005dac                nrf_exception_info_get_context
 .text.tfm_hal_platform_init
                0x0000000000005db8       0x70 platform/libplatform_s.a(tfm_hal_platform.o)
                0x0000000000005db8                tfm_hal_platform_init
 .text.tfm_hal_system_halt
                0x0000000000005e28        0xc platform/libplatform_s.a(tfm_hal_reset_halt.o)
                0x0000000000005e28                tfm_hal_system_halt
 .text.tfm_plat_provisioning_is_required
                0x0000000000005e34       0x14 platform/libplatform_s.a(dummy_provisioning.o)
                0x0000000000005e34                tfm_plat_provisioning_is_required
 .text.tfm_plat_provisioning_perform
                0x0000000000005e48        0x4 platform/libplatform_s.a(dummy_provisioning.o)
                0x0000000000005e48                tfm_plat_provisioning_perform
 .text.tfm_plat_provisioning_check_for_dummy_keys
                0x0000000000005e4c        0x4 platform/libplatform_s.a(dummy_provisioning.o)
                0x0000000000005e4c                tfm_plat_provisioning_check_for_dummy_keys
 .text.hw_unique_key_write_random
                0x0000000000005e50      0x120 platform/libplatform_s.a(hw_unique_key_cc3xx.o)
                0x0000000000005e50                hw_unique_key_write_random
 .text.hw_unique_key_are_any_written
                0x0000000000005f70       0x18 platform/libplatform_s.a(hw_unique_key_cc3xx.o)
                0x0000000000005f70                hw_unique_key_are_any_written
 .text.hw_unique_key_derive_key
                0x0000000000005f88       0x4c platform/libplatform_s.a(hw_unique_key_cc3xx.o)
                0x0000000000005f88                hw_unique_key_derive_key
 .text.hw_unique_key_write
                0x0000000000005fd4       0x30 platform/libplatform_s.a(hw_unique_key_cc3xx_kmu.o)
                0x0000000000005fd4                hw_unique_key_write
 .text.hw_unique_key_is_written
                0x0000000000006004      0x170 platform/libplatform_s.a(hw_unique_key_cc3xx_kmu.o)
                0x0000000000006004                hw_unique_key_is_written
 .text.ns_fault_service_set_handler
                0x0000000000006174       0x1c platform/libplatform_s.a(ns_fault_service.o)
                0x0000000000006174                ns_fault_service_set_handler
 .text.call_ns_callback
                0x0000000000006190       0xdc platform/libplatform_s.a(ns_fault_service.o)
                0x0000000000006190                call_ns_callback
 .text.ns_fault_service_call_handler
                0x000000000000626c       0x3c platform/libplatform_s.a(ns_fault_service.o)
                0x000000000000626c                ns_fault_service_call_handler
 .text.tfm_platform_hal_system_reset
                0x00000000000062a8       0x24 platform/libplatform_s.a(tfm_platform_system.o)
                0x00000000000062a8                tfm_platform_hal_system_reset
 .text.tfm_platform_hal_ioctl
                0x00000000000062cc       0x70 platform/libplatform_s.a(tfm_platform_system.o)
                0x00000000000062cc                tfm_platform_hal_ioctl
 .text.tfm_hal_ps_fs_info
                0x000000000000633c       0x20 platform/libplatform_s.a(tfm_hal_ps.o)
                0x000000000000633c                tfm_hal_ps_fs_info
 .text.tfm_hal_its_fs_info
                0x000000000000635c       0x20 platform/libplatform_s.a(tfm_hal_its.o)
                0x000000000000635c                tfm_hal_its_fs_info
 .text.tfm_plat_init_nv_counter
                0x000000000000637c        0x4 platform/libplatform_s.a(nv_counters.o)
                0x000000000000637c                tfm_plat_init_nv_counter
 .text.tfm_plat_read_nv_counter
                0x0000000000006380       0x3c platform/libplatform_s.a(nv_counters.o)
                0x0000000000006380                tfm_plat_read_nv_counter
 .text.tfm_plat_set_nv_counter
                0x00000000000063bc       0xcc platform/libplatform_s.a(nv_counters.o)
                0x00000000000063bc                tfm_plat_set_nv_counter
 .text.tfm_plat_increment_nv_counter
                0x0000000000006488       0x64 platform/libplatform_s.a(nv_counters.o)
                0x0000000000006488                tfm_plat_increment_nv_counter
 .text.tfm_plat_nv_counter_permissions_check
                0x00000000000064ec       0x30 platform/libplatform_s.a(nv_counters.o)
                0x00000000000064ec                tfm_plat_nv_counter_permissions_check
 .text.tfm_plat_ns_counter_idx_to_nv_counter
                0x000000000000651c       0x18 platform/libplatform_s.a(nv_counters.o)
                0x000000000000651c                tfm_plat_ns_counter_idx_to_nv_counter
 .text.copy_flash_region
                0x0000000000006534       0x8c platform/libplatform_s.a(flash_otp_nv_counters_backend.o)
 .text.make_backup
                0x00000000000065c0       0x2c platform/libplatform_s.a(flash_otp_nv_counters_backend.o)
 .text.read_otp_nv_counters_flash
                0x00000000000065ec       0x8c platform/libplatform_s.a(flash_otp_nv_counters_backend.o)
                0x00000000000065ec                read_otp_nv_counters_flash
 .text.write_otp_nv_counters_flash
                0x0000000000006678      0x1e4 platform/libplatform_s.a(flash_otp_nv_counters_backend.o)
                0x0000000000006678                write_otp_nv_counters_flash
 .text.init_otp_nv_counters_flash
                0x000000000000685c      0x15c platform/libplatform_s.a(flash_otp_nv_counters_backend.o)
                0x000000000000685c                init_otp_nv_counters_flash
 .text.tfm_plat_otp_init
                0x00000000000069b8        0x4 platform/libplatform_s.a(otp_flash.o)
                0x00000000000069b8                tfm_plat_otp_init
 .text.tfm_plat_otp_read
                0x00000000000069bc       0xec platform/libplatform_s.a(otp_flash.o)
                0x00000000000069bc                tfm_plat_otp_read
 .text.tfm_platform_hal_read_service
                0x0000000000006aa8      0x104 platform/libplatform_s.a(tfm_platform_hal_ioctl.o)
                0x0000000000006aa8                tfm_platform_hal_read_service
 .text.tfm_platform_hal_write32_service
                0x0000000000006bac       0x34 platform/libplatform_s.a(tfm_platform_hal_ioctl.o)
                0x0000000000006bac                tfm_platform_hal_write32_service
 *libtfm_spm*:(SORT_BY_ALIGNMENT(.text*))
 .text.tfm_core_panic
                0x0000000000006be0        0x4 secure_fw/spm/libtfm_spm.a(utilities.o)
                0x0000000000006be0                tfm_core_panic
 .text.spm_log_msgval
                0x0000000000006be4       0x5c secure_fw/spm/libtfm_spm.a(spm_log.o)
                0x0000000000006be4                spm_log_msgval
 .text.startup.main
                0x0000000000006c40       0x78 secure_fw/spm/libtfm_spm.a(main.o)
                0x0000000000006c40                main
 .text.tfm_arch_thread_fn_call
                0x0000000000006cb8       0x54 secure_fw/spm/libtfm_spm.a(tfm_arch_v8m_main.o)
                0x0000000000006cb8                tfm_arch_thread_fn_call
 .text.PendSV_Handler
                0x0000000000006d0c       0x54 secure_fw/spm/libtfm_spm.a(tfm_arch_v8m_main.o)
                0x0000000000006d0c                PendSV_Handler
 .text.SVC_Handler
                0x0000000000006d60       0x68 secure_fw/spm/libtfm_spm.a(tfm_arch_v8m_main.o)
                0x0000000000006d60                SVC_Handler
 .text.tfm_arch_set_secure_exception_priorities
                0x0000000000006dc8       0x28 secure_fw/spm/libtfm_spm.a(tfm_arch_v8m_main.o)
                0x0000000000006dc8                tfm_arch_set_secure_exception_priorities
 .text.tfm_arch_config_extensions
                0x0000000000006df0        0x4 secure_fw/spm/libtfm_spm.a(tfm_arch_v8m_main.o)
                0x0000000000006df0                tfm_arch_config_extensions
 .text.ns_agent_tz_main
                0x0000000000006df4       0x30 secure_fw/spm/libtfm_spm.a(ns_agent_tz_v80m.o)
                0x0000000000006df4                ns_agent_tz_main
 .text.tfm_hal_bind_boundary
                0x0000000000006e24       0x94 secure_fw/spm/libtfm_spm.a(tfm_hal_isolation.o)
                0x0000000000006e24                tfm_hal_bind_boundary
 .text.tfm_hal_activate_boundary
                0x0000000000006eb8       0x1c secure_fw/spm/libtfm_spm.a(tfm_hal_isolation.o)
                0x0000000000006eb8                tfm_hal_activate_boundary
 .text.tfm_hal_memory_check
                0x0000000000006ed4      0x158 secure_fw/spm/libtfm_spm.a(tfm_hal_isolation.o)
                0x0000000000006ed4                tfm_hal_memory_check
 .text.mpu_init_cfg
                0x000000000000702c      0x11c secure_fw/spm/libtfm_spm.a(tfm_hal_isolation.o)
                0x000000000000702c                mpu_init_cfg
 .text.tfm_hal_set_up_static_boundaries
                0x0000000000007148       0x28 secure_fw/spm/libtfm_spm.a(tfm_hal_isolation.o)
                0x0000000000007148                tfm_hal_set_up_static_boundaries
 .text.tfm_hal_boundary_need_switch
                0x0000000000007170       0x1c secure_fw/spm/libtfm_spm.a(tfm_hal_isolation.o)
                0x0000000000007170                tfm_hal_boundary_need_switch
 .text.SPU_Handler
                0x000000000000718c       0x3c secure_fw/spm/libtfm_spm.a(faults.o)
                0x000000000000718c                SPU_Handler
 .text.SPU_IRQHandler
                0x00000000000071c8       0x1c secure_fw/spm/libtfm_spm.a(faults.o)
                0x00000000000071c8                SPU_IRQHandler
 .text.enable_fault_handlers
                0x00000000000071e4       0x14 secure_fw/spm/libtfm_spm.a(target_cfg.o)
                0x00000000000071e4                enable_fault_handlers
 .text.system_reset_cfg
                0x00000000000071f8       0x18 secure_fw/spm/libtfm_spm.a(target_cfg.o)
                0x00000000000071f8                system_reset_cfg
 .text.init_debug
                0x0000000000007210        0x4 secure_fw/spm/libtfm_spm.a(target_cfg_53_91.o)
                0x0000000000007210                init_debug
 .text.sau_and_idau_cfg
                0x0000000000007214       0x20 secure_fw/spm/libtfm_spm.a(target_cfg_53_91.o)
                0x0000000000007214                sau_and_idau_cfg
 .text.spu_init_cfg
                0x0000000000007234       0x6c secure_fw/spm/libtfm_spm.a(target_cfg_53_91.o)
                0x0000000000007234                spu_init_cfg
 .text.spu_periph_init_cfg
                0x00000000000072a0       0x5c secure_fw/spm/libtfm_spm.a(target_cfg_53_91.o)
                0x00000000000072a0                spu_periph_init_cfg
 .text.nvic_interrupt_target_state_cfg
                0x00000000000072fc       0x40 secure_fw/spm/libtfm_spm.a(target_cfg_53_91.o)
                0x00000000000072fc                nvic_interrupt_target_state_cfg
 .text.nvic_interrupt_enable
                0x000000000000733c       0x18 secure_fw/spm/libtfm_spm.a(target_cfg_53_91.o)
                0x000000000000733c                nvic_interrupt_enable
 .text.tfm_core_validate_boot_data
                0x0000000000007354        0xc secure_fw/spm/libtfm_spm.a(tfm_boot_data.o)
                0x0000000000007354                tfm_core_validate_boot_data
 .text.tfm_core_get_boot_data_handler
                0x0000000000007360       0x40 secure_fw/spm/libtfm_spm.a(tfm_boot_data.o)
                0x0000000000007360                tfm_core_get_boot_data_handler
 .text.spm_get_async_replied_handle
                0x00000000000073a0       0x50 secure_fw/spm/libtfm_spm.a(spm_ipc.o)
                0x00000000000073a0                spm_get_async_replied_handle
 .text.spm_get_handle_by_signal
                0x00000000000073f0       0x58 secure_fw/spm/libtfm_spm.a(spm_ipc.o)
                0x00000000000073f0                spm_get_handle_by_signal
 .text.tfm_spm_get_service_by_sid
                0x0000000000007448       0x38 secure_fw/spm/libtfm_spm.a(spm_ipc.o)
                0x0000000000007448                tfm_spm_get_service_by_sid
 .text.tfm_spm_check_authorization
                0x0000000000007480       0x4c secure_fw/spm/libtfm_spm.a(spm_ipc.o)
                0x0000000000007480                tfm_spm_check_authorization
 .text.spm_get_idle_connection
                0x00000000000074cc       0xcc secure_fw/spm/libtfm_spm.a(spm_ipc.o)
                0x00000000000074cc                spm_get_idle_connection
 .text.spm_msg_handle_to_connection
                0x0000000000007598       0x3c secure_fw/spm/libtfm_spm.a(spm_ipc.o)
                0x0000000000007598                spm_msg_handle_to_connection
 .text.tfm_spm_partition_get_running_partition_id
                0x00000000000075d4       0x1c secure_fw/spm/libtfm_spm.a(spm_ipc.o)
                0x00000000000075d4                tfm_spm_partition_get_running_partition_id
 .text.tfm_spm_is_ns_caller
                0x00000000000075f0       0x28 secure_fw/spm/libtfm_spm.a(spm_ipc.o)
                0x00000000000075f0                tfm_spm_is_ns_caller
 .text.tfm_spm_get_client_id
                0x0000000000007618       0x38 secure_fw/spm/libtfm_spm.a(spm_ipc.o)
                0x0000000000007618                tfm_spm_get_client_id
 .text.tfm_spm_init
                0x0000000000007650       0x68 secure_fw/spm/libtfm_spm.a(spm_ipc.o)
                0x0000000000007650                tfm_spm_init
 .text.load_a_partition_assuredly
                0x00000000000076b8      0x154 secure_fw/spm/libtfm_spm.a(rom_loader.o)
                0x00000000000076b8                load_a_partition_assuredly
 .text.load_services_assuredly
                0x000000000000780c       0xd8 secure_fw/spm/libtfm_spm.a(rom_loader.o)
                0x000000000000780c                load_services_assuredly
 .text.load_irqs_assuredly
                0x00000000000078e4        0x4 secure_fw/spm/libtfm_spm.a(rom_loader.o)
                0x00000000000078e4                load_irqs_assuredly
 .text.partition_init
                0x00000000000078e8       0x24 secure_fw/spm/libtfm_spm.a(backend_ipc.o)
 .text.ns_agent_tz_init
                0x000000000000790c       0x2c secure_fw/spm/libtfm_spm.a(backend_ipc.o)
 .text.query_state
                0x0000000000007938       0x5c secure_fw/spm/libtfm_spm.a(backend_ipc.o)
 .text.backend_messaging
                0x0000000000007994       0x7c secure_fw/spm/libtfm_spm.a(backend_ipc.o)
                0x0000000000007994                backend_messaging
 .text.backend_replying
                0x0000000000007a10       0x30 secure_fw/spm/libtfm_spm.a(backend_ipc.o)
                0x0000000000007a10                backend_replying
 .text.backend_init_comp_assuredly
                0x0000000000007a40       0xc8 secure_fw/spm/libtfm_spm.a(backend_ipc.o)
                0x0000000000007a40                backend_init_comp_assuredly
 .text.backend_system_run
                0x0000000000007b08       0x34 secure_fw/spm/libtfm_spm.a(backend_ipc.o)
                0x0000000000007b08                backend_system_run
 .text.backend_wait_signals
                0x0000000000007b3c       0x24 secure_fw/spm/libtfm_spm.a(backend_ipc.o)
                0x0000000000007b3c                backend_wait_signals
 .text.backend_abi_entering_spm
                0x0000000000007b60       0x50 secure_fw/spm/libtfm_spm.a(backend_ipc.o)
                0x0000000000007b60                backend_abi_entering_spm
 .text.backend_abi_leaving_spm
                0x0000000000007bb0       0x24 secure_fw/spm/libtfm_spm.a(backend_ipc.o)
                0x0000000000007bb0                backend_abi_leaving_spm
 .text.ipc_schedule
                0x0000000000007bd4       0xd4 secure_fw/spm/libtfm_spm.a(backend_ipc.o)
                0x0000000000007bd4                ipc_schedule
 .text.spm_svc_handler
                0x0000000000007ca8       0xe0 secure_fw/spm/libtfm_spm.a(tfm_svcalls.o)
                0x0000000000007ca8                spm_svc_handler
 .text.thrd_set_query_callback
                0x0000000000007d88        0xc secure_fw/spm/libtfm_spm.a(thread.o)
                0x0000000000007d88                thrd_set_query_callback
 .text.thrd_next
                0x0000000000007d94       0x5c secure_fw/spm/libtfm_spm.a(thread.o)
                0x0000000000007d94                thrd_next
 .text.thrd_start
                0x0000000000007df0       0x5c secure_fw/spm/libtfm_spm.a(thread.o)
                0x0000000000007df0                thrd_start
 .text.thrd_start_scheduler
                0x0000000000007e4c       0x1c secure_fw/spm/libtfm_spm.a(thread.o)
                0x0000000000007e4c                thrd_start_scheduler
 .text.tz_ns_agent_register_client_id_range
                0x0000000000007e68        0xc secure_fw/spm/libtfm_spm.a(tfm_spm_ns_ctx.o)
                0x0000000000007e68                tz_ns_agent_register_client_id_range
 .text.tfm_nspm_get_current_client_id
                0x0000000000007e74       0x14 secure_fw/spm/libtfm_spm.a(tfm_spm_ns_ctx.o)
                0x0000000000007e74                tfm_nspm_get_current_client_id
 .text.tfm_nspm_ctx_init
                0x0000000000007e88       0x18 secure_fw/spm/libtfm_spm.a(tfm_spm_ns_ctx.o)
                0x0000000000007e88                tfm_nspm_ctx_init
 .text.connection_to_handle
                0x0000000000007ea0       0x24 secure_fw/spm/libtfm_spm.a(spm_connection_pool.o)
                0x0000000000007ea0                connection_to_handle
 .text.handle_to_connection
                0x0000000000007ec4       0x10 secure_fw/spm/libtfm_spm.a(spm_connection_pool.o)
                0x0000000000007ec4                handle_to_connection
 .text.spm_init_connection_space
                0x0000000000007ed4       0x20 secure_fw/spm/libtfm_spm.a(spm_connection_pool.o)
                0x0000000000007ed4                spm_init_connection_space
 .text.spm_allocate_connection
                0x0000000000007ef4        0xc secure_fw/spm/libtfm_spm.a(spm_connection_pool.o)
                0x0000000000007ef4                spm_allocate_connection
 .text.spm_validate_connection
                0x0000000000007f00       0x1c secure_fw/spm/libtfm_spm.a(spm_connection_pool.o)
                0x0000000000007f00                spm_validate_connection
 .text.spm_free_connection
                0x0000000000007f1c        0xc secure_fw/spm/libtfm_spm.a(spm_connection_pool.o)
                0x0000000000007f1c                spm_free_connection
 .text.tfm_hal_platform_common_init
                0x0000000000007f28       0x30 secure_fw/spm/libtfm_spm.a(tfm_hal_platform_common.o)
                0x0000000000007f28                tfm_hal_platform_common_init
 .text.tfm_hal_get_ns_VTOR
                0x0000000000007f58        0xc secure_fw/spm/libtfm_spm.a(tfm_hal_platform_common.o)
                0x0000000000007f58                tfm_hal_get_ns_VTOR
 .text.tfm_hal_get_ns_MSP
                0x0000000000007f64        0xc secure_fw/spm/libtfm_spm.a(tfm_hal_platform_common.o)
                0x0000000000007f64                tfm_hal_get_ns_MSP
 .text.tfm_hal_get_ns_entry_point
                0x0000000000007f70        0xc secure_fw/spm/libtfm_spm.a(tfm_hal_platform_common.o)
                0x0000000000007f70                tfm_hal_get_ns_entry_point
 .text.tfm_arch_free_msp_and_exc_ret
                0x0000000000007f7c        0x8 secure_fw/spm/libtfm_spm.a(tfm_arch.o)
                0x0000000000007f7c                tfm_arch_free_msp_and_exc_ret
 .text.tfm_arch_set_context_ret_code
                0x0000000000007f84        0x8 secure_fw/spm/libtfm_spm.a(tfm_arch.o)
                0x0000000000007f84                tfm_arch_set_context_ret_code
 .text.arch_acquire_sched_lock
                0x0000000000007f8c       0x10 secure_fw/spm/libtfm_spm.a(tfm_arch.o)
                0x0000000000007f8c                arch_acquire_sched_lock
 .text.arch_release_sched_lock
                0x0000000000007f9c       0x14 secure_fw/spm/libtfm_spm.a(tfm_arch.o)
                0x0000000000007f9c                arch_release_sched_lock
 .text.arch_attempt_schedule
                0x0000000000007fb0       0x2c secure_fw/spm/libtfm_spm.a(tfm_arch.o)
                0x0000000000007fb0                arch_attempt_schedule
 .text.tfm_arch_init_context
                0x0000000000007fdc       0x6c secure_fw/spm/libtfm_spm.a(tfm_arch.o)
                0x0000000000007fdc                tfm_arch_init_context
 .text.tfm_arch_refresh_hardware_context
                0x0000000000008048       0x18 secure_fw/spm/libtfm_spm.a(tfm_arch.o)
                0x0000000000008048                tfm_arch_refresh_hardware_context
 .text.spm_handle_programmer_errors
                0x0000000000008060       0x1c secure_fw/spm/libtfm_spm.a(psa_api.o)
                0x0000000000008060                spm_handle_programmer_errors
 .text.tfm_spm_get_lifecycle_state
                0x000000000000807c       0x50 secure_fw/spm/libtfm_spm.a(psa_api.o)
                0x000000000000807c                tfm_spm_get_lifecycle_state
 .text.tfm_spm_partition_psa_wait
                0x00000000000080cc       0x40 secure_fw/spm/libtfm_spm.a(psa_api.o)
                0x00000000000080cc                tfm_spm_partition_psa_wait
 .text.tfm_spm_partition_psa_get
                0x000000000000810c       0x80 secure_fw/spm/libtfm_spm.a(psa_api.o)
                0x000000000000810c                tfm_spm_partition_psa_get
 .text.tfm_spm_partition_psa_reply
                0x000000000000818c       0xac secure_fw/spm/libtfm_spm.a(psa_api.o)
                0x000000000000818c                tfm_spm_partition_psa_reply
 .text.tfm_spm_partition_psa_panic
                0x0000000000008238        0xc secure_fw/spm/libtfm_spm.a(psa_api.o)
                0x0000000000008238                tfm_spm_partition_psa_panic
 .text.tfm_pool_init
                0x0000000000008244       0x68 secure_fw/spm/libtfm_spm.a(tfm_pools.o)
                0x0000000000008244                tfm_pool_init
 .text.tfm_pool_alloc
                0x00000000000082ac       0x24 secure_fw/spm/libtfm_spm.a(tfm_pools.o)
                0x00000000000082ac                tfm_pool_alloc
 .text.tfm_pool_free
                0x00000000000082d0       0x14 secure_fw/spm/libtfm_spm.a(tfm_pools.o)
                0x00000000000082d0                tfm_pool_free
 .text.is_valid_chunk_data_in_pool
                0x00000000000082e4       0x38 secure_fw/spm/libtfm_spm.a(tfm_pools.o)
                0x00000000000082e4                is_valid_chunk_data_in_pool
 .text.spm_associate_call_params
                0x000000000000831c      0x1dc secure_fw/spm/libtfm_spm.a(psa_call_api.o)
                0x000000000000831c                spm_associate_call_params
 .text.tfm_spm_client_psa_call
                0x00000000000084f8       0x60 secure_fw/spm/libtfm_spm.a(psa_call_api.o)
                0x00000000000084f8                tfm_spm_client_psa_call
 .text.tfm_spm_client_psa_framework_version
                0x0000000000008558        0x8 secure_fw/spm/libtfm_spm.a(psa_version_api.o)
                0x0000000000008558                tfm_spm_client_psa_framework_version
 .text.tfm_spm_client_psa_version
                0x0000000000008560       0x2c secure_fw/spm/libtfm_spm.a(psa_version_api.o)
                0x0000000000008560                tfm_spm_client_psa_version
 .text.tfm_spm_partition_psa_read
                0x000000000000858c       0x84 secure_fw/spm/libtfm_spm.a(psa_read_write_skip_api.o)
                0x000000000000858c                tfm_spm_partition_psa_read
 .text.tfm_spm_partition_psa_skip
                0x0000000000008610       0x44 secure_fw/spm/libtfm_spm.a(psa_read_write_skip_api.o)
                0x0000000000008610                tfm_spm_partition_psa_skip
 .text.tfm_spm_partition_psa_write
                0x0000000000008654       0x80 secure_fw/spm/libtfm_spm.a(psa_read_write_skip_api.o)
                0x0000000000008654                tfm_spm_partition_psa_write
 *libplatform_s*:*(.rodata*)
 .rodata.CSWTCH.16
                0x00000000000086d4        0x3 platform/libplatform_s.a(system_nrf91.o)
 *fill*         0x00000000000086d7        0x1 
 .rodata.store_and_dump_context.str1.4
                0x00000000000086d8       0x95 platform/libplatform_s.a(exception_info.o)
 *fill*         0x000000000000876d        0x3 
 .rodata.Driver_USART1
                0x0000000000008770       0x38 platform/libplatform_s.a(Driver_USART.o)
                0x0000000000008770                Driver_USART1
 .rodata.UART1_pins
                0x00000000000087a8       0x10 platform/libplatform_s.a(Driver_USART.o)
 .rodata.DriverVersion
                0x00000000000087b8        0x4 platform/libplatform_s.a(Driver_USART.o)
 *fill*         0x00000000000087bc        0x4 
 .rodata.delay_machine_code.0
                0x00000000000087c0        0x6 platform/libplatform_s.a(nrfx_uarte.o)
 *fill*         0x00000000000087c6        0x2 
 .rodata.Driver_FLASH0
                0x00000000000087c8       0x2c platform/libplatform_s.a(Driver_Flash.o)
                0x00000000000087c8                Driver_FLASH0
 .rodata.FlashInfo
                0x00000000000087f4       0x18 platform/libplatform_s.a(Driver_Flash.o)
 .rodata.nrf_exception_info_store_context.str1.4
                0x000000000000880c       0x16 platform/libplatform_s.a(nrf_exception_info.o)
 *fill*         0x0000000000008822        0x2 
 .rodata.tfm_hal_platform_init.str1.4
                0x0000000000008824       0x6e platform/libplatform_s.a(tfm_hal_platform.o)
 *fill*         0x0000000000008892        0x2 
 .rodata.hw_unique_key_write_random.str1.4
                0x0000000000008894      0x142 platform/libplatform_s.a(hw_unique_key_cc3xx.o)
 *fill*         0x00000000000089d6        0x2 
 .rodata.hw_unique_key_derive_key.str1.4
                0x00000000000089d8       0x46 platform/libplatform_s.a(hw_unique_key_cc3xx.o)
 *fill*         0x0000000000008a1e        0x2 
 .rodata.hw_unique_key_write.str1.4
                0x0000000000008a20       0x34 platform/libplatform_s.a(hw_unique_key_cc3xx_kmu.o)
 .rodata.data_width_byte
                0x0000000000008a54        0xc platform/libplatform_s.a(flash_otp_nv_counters_backend.o)
 *libtfm_spm*:*(.rodata*)
 .rodata.HEX_TABLE
                0x0000000000008a60       0x10 secure_fw/spm/libtfm_spm.a(spm_log.o)
 .rodata.main.str1.4
                0x0000000000008a70       0x59 secure_fw/spm/libtfm_spm.a(main.o)
 *fill*         0x0000000000008ac9        0x3 
 .rodata.memory_regions
                0x0000000000008acc       0x14 secure_fw/spm/libtfm_spm.a(target_cfg.o)
                0x0000000000008acc                memory_regions
 .rodata.target_peripherals.0
                0x0000000000008ae0       0x74 secure_fw/spm/libtfm_spm.a(target_cfg_53_91.o)
 .rodata.serv_pool_ea
                0x0000000000008b54        0x4 secure_fw/spm/libtfm_spm.a(rom_loader.o)
 .rodata.part_pool_ea
                0x0000000000008b58        0x4 secure_fw/spm/libtfm_spm.a(rom_loader.o)
 .rodata.ldinf_ea
                0x0000000000008b5c        0x4 secure_fw/spm/libtfm_spm.a(rom_loader.o)
 .rodata.comp_init_fns
                0x0000000000008b60        0x8 secure_fw/spm/libtfm_spm.a(backend_ipc.o)
 .rodata.spm_svc_handler.str1.4
                0x0000000000008b68       0x3b secure_fw/spm/libtfm_spm.a(tfm_svcalls.o)
                0x0000000000000001                ASSERT (((SIZEOF (.TFM_DATA) % 0x4) == 0x0), SIZEOF(.TFM_DATA))
                0x0000000000000001                ASSERT (((SIZEOF (.TFM_PSA_ROT_LINKER_DATA) % 0x4) == 0x0), SIZEOF(.TFM_PSA_ROT_LINKER_DATA))
                0x0000000000000001                ASSERT (((SIZEOF (.TFM_APP_ROT_LINKER_DATA) % 0x4) == 0x0), SIZEOF(.TFM_APP_ROT_LINKER_DATA))
                0x0000000000000001                ASSERT (((SIZEOF (.TFM_PSA_ROT_LINKER_BSS) % 0x4) == 0x0), SIZEOF(.TFM_PSA_ROT_LINKER_BSS))
                0x0000000000000001                ASSERT (((SIZEOF (.TFM_APP_ROT_LINKER_BSS) % 0x4) == 0x0), SIZEOF(.TFM_APP_ROT_LINKER_BSS))
                0x0000000000000001                ASSERT (((SIZEOF (.TFM_SP_META_PTR) % 0x4) == 0x0), SIZEOF(.TFM_SP_META_PTR))

.TFM_UNPRIV_CODE
                0x0000000000008bc0     0xaa80
 *(SORT_BY_ALIGNMENT(.text*))
 .text.clear_caller_context
                0x0000000000008bc0        0x8 secure_fw/CMakeFiles/tfm_s.dir/partitions/ns_agent_tz/psa_api_veneers_v80m.o
 .text.tfm_psa_framework_version_veneer
                0x0000000000008bc8       0x24 secure_fw/CMakeFiles/tfm_s.dir/partitions/ns_agent_tz/psa_api_veneers_v80m.o
                0x0000000000008bc8                __acle_se_tfm_psa_framework_version_veneer
 .text.tfm_psa_version_veneer
                0x0000000000008bec       0x24 secure_fw/CMakeFiles/tfm_s.dir/partitions/ns_agent_tz/psa_api_veneers_v80m.o
                0x0000000000008bec                __acle_se_tfm_psa_version_veneer
 .text.tfm_psa_call_veneer
                0x0000000000008c10       0x2c secure_fw/CMakeFiles/tfm_s.dir/partitions/ns_agent_tz/psa_api_veneers_v80m.o
                0x0000000000008c10                __acle_se_tfm_psa_call_veneer
 .text.tfm_psa_connect_veneer
                0x0000000000008c3c       0x1c secure_fw/CMakeFiles/tfm_s.dir/partitions/ns_agent_tz/psa_api_veneers_v80m.o
                0x0000000000008c3c                __acle_se_tfm_psa_connect_veneer
 .text.tfm_psa_close_veneer
                0x0000000000008c58       0x14 secure_fw/CMakeFiles/tfm_s.dir/partitions/ns_agent_tz/psa_api_veneers_v80m.o
                0x0000000000008c58                __acle_se_tfm_psa_close_veneer
 .text.C_HardFault_Handler
                0x0000000000008c6c        0x4 secure_fw/CMakeFiles/tfm_s.dir/__/platform/ext/common/faults.o
                0x0000000000008c6c                C_HardFault_Handler
 .text.HardFault_Handler
                0x0000000000008c70       0x1c secure_fw/CMakeFiles/tfm_s.dir/__/platform/ext/common/faults.o
                0x0000000000008c70                HardFault_Handler
 .text.C_MemManage_Handler
                0x0000000000008c8c        0x4 secure_fw/CMakeFiles/tfm_s.dir/__/platform/ext/common/faults.o
                0x0000000000008c8c                C_MemManage_Handler
 .text.MemManage_Handler
                0x0000000000008c90       0x1c secure_fw/CMakeFiles/tfm_s.dir/__/platform/ext/common/faults.o
                0x0000000000008c90                MemManage_Handler
 .text.C_BusFault_Handler
                0x0000000000008cac        0x4 secure_fw/CMakeFiles/tfm_s.dir/__/platform/ext/common/faults.o
                0x0000000000008cac                C_BusFault_Handler
 .text.BusFault_Handler