Archive member included to satisfy reference by file (symbol)

app/libapp.a(main.c.obj)      (--whole-archive)
app/libapp.a(echo_benchmark.c.obj)
                              (--whole-archive)
app/libapp.a(mqtt_codec.c.obj)
                              (--whole-archive)
app/libapp.a(mqtt_proxy.c.obj)
                              (--whole-archive)
app/libapp.a(bench_shell.c.obj)
                              (--whole-archive)
app/libapp.a(ethernet_status.c.obj)
                              (--whole-archive)
zephyr/libzephyr.a(validate_libc.c.obj)
                              (--whole-archive)
zephyr/libzephyr.a(heap.c.obj)
                              (--whole-archive)
zephyr/libzephyr.a(cbprintf_packaged.c.obj)
                              (--whole-archive)
zephyr/libzephyr.a(clock.c.obj)
                              (--whole-archive)
zephyr/libzephyr.a(printk.c.obj)
                              (--whole-archive)
zephyr/libzephyr.a(sem.c.obj)
                              (--whole-archive)
zephyr/libzephyr.a(thread_entry.c.obj)
                              (--whole-archive)
zephyr/libzephyr.a(cbprintf_complete.c.obj)
                              (--whole-archive)
zephyr/libzephyr.a(assert.c.obj)
                              (--whole-archive)
zephyr/libzephyr.a(mpsc_pbuf.c.obj)
                              (--whole-archive)
zephyr/libzephyr.a(reboot.c.obj)
                              (--whole-archive)
zephyr/libzephyr.a(dec.c.obj)
                              (--whole-archive)
zephyr/libzephyr.a(hex.c.obj)
                              (--whole-archive)
zephyr/libzephyr.a(rb.c.obj)  (--whole-archive)
zephyr/libzephyr.a(timeutil.c.obj)
                              (--whole-archive)
zephyr/libzephyr.a(bitarray.c.obj)
                              (--whole-archive)
zephyr/libzephyr.a(bitmask.c.obj)
                              (--whole-archive)
zephyr/libzephyr.a(getopt.c.obj)
                              (--whole-archive)
zephyr/libzephyr.a(getopt_common.c.obj)
                              (--whole-archive)
zephyr/libzephyr.a(onoff.c.obj)
                              (--whole-archive)
zephyr/libzephyr.a(notify.c.obj)
                              (--whole-archive)
zephyr/libzephyr.a(ring_buffer.c.obj)
                              (--whole-archive)
zephyr/libzephyr.a(last_section_id.c.obj)
                              (--whole-archive)
zephyr/libzephyr.a(configs.c.obj)
                              (--whole-archive)
zephyr/libzephyr.a(log_core.c.obj)
                              (--whole-archive)
zephyr/libzephyr.a(log_mgmt.c.obj)
                              (--whole-archive)
zephyr/libzephyr.a(log_cache.c.obj)
                              (--whole-archive)
zephyr/libzephyr.a(log_msg.c.obj)
                              (--whole-archive)
zephyr/libzephyr.a(log_output.c.obj)
                              (--whole-archive)
zephyr/libzephyr.a(log_backend_uart.c.obj)
                              (--whole-archive)
zephyr/libzephyr.a(mem_attr.c.obj)
                              (--whole-archive)
zephyr/libzephyr.a(tracing_none.c.obj)
                              (--whole-archive)
zephyr/libzephyr.a(addr_utils.c.obj)
                              (--whole-archive)
zephyr/libzephyr.a(kernel_shell.c.obj)
                              (--whole-archive)
zephyr/libzephyr.a(cycles.c.obj)
                              (--whole-archive)
zephyr/libzephyr.a(sleep.c.obj)
                              (--whole-archive)
zephyr/libzephyr.a(uptime.c.obj)
                              (--whole-archive)
zephyr/libzephyr.a(version.c.obj)
                              (--whole-archive)
zephyr/libzephyr.a(log-level.c.obj)
                              (--whole-archive)
zephyr/libzephyr.a(reboot.c.obj)
                              (--whole-archive)
zephyr/libzephyr.a(thread.c.obj)
                              (--whole-archive)
zephyr/libzephyr.a(list.c.obj)
                              (--whole-archive)
zephyr/libzephyr.a(stacks.c.obj)
                              (--whole-archive)
zephyr/libzephyr.a(suspend.c.obj)
                              (--whole-archive)
zephyr/libzephyr.a(resume.c.obj)
                              (--whole-archive)
zephyr/libzephyr.a(kill.c.obj)
                              (--whole-archive)
zephyr/libzephyr.a(device_service.c.obj)
                              (--whole-archive)
zephyr/libzephyr.a(date_service.c.obj)
                              (--whole-archive)
zephyr/libzephyr.a(devmem_service.c.obj)
                              (--whole-archive)
zephyr/libzephyr.a(shell_uart.c.obj)
                              (--whole-archive)
zephyr/libzephyr.a(shell.c.obj)
                              (--whole-archive)
zephyr/libzephyr.a(shell_fprintf.c.obj)
                              (--whole-archive)
zephyr/libzephyr.a(shell_utils.c.obj)
                              (--whole-archive)
zephyr/libzephyr.a(shell_ops.c.obj)
                              (--whole-archive)
[...]
Memory Configuration

Name             Origin             Length             Attributes
FLASH            0x0000000000040000 0x00000000000a8000 xr
RAM              0x0000000020016000 0x000000000002a000 xw
IDT_LIST         0x00000000ffff7fff 0x0000000000008000 xw
*default*        0x0000000000000000 0xffffffffffffffff

Linker script and memory map

                0x000000000006aba4                vfprintf = __d_vfprintf
                0x0000000000000000                vfscanf = __d_vfscanf
LOAD zephyr/CMakeFiles/zephyr_pre0.dir/misc/empty_file.c.obj
LOAD zephyr/CMakeFiles/offsets.dir/./arch/arm/core/offsets/offsets.c.obj
LOAD tfm/api_ns/interface/lib/s_veneers.o
LOAD app/libapp.a
LOAD zephyr/libzephyr.a
LOAD zephyr/arch/common/libarch__common.a
LOAD zephyr/arch/arch/arm/core/libarch__arm__core.a
LOAD zephyr/arch/arch/arm/core/cortex_m/libarch__arm__core__cortex_m.a
LOAD zephyr/arch/arch/arm/core/cortex_m/cmse/libarch__arm__core__cortex_m__cmse.a
LOAD zephyr/arch/arch/arm/core/mpu/libarch__arm__core__mpu.a
LOAD zephyr/lib/libc/picolibc/liblib__libc__picolibc.a
LOAD zephyr/lib/libc/common/liblib__libc__common.a
LOAD zephyr/lib/posix/c_lib_ext/liblib__posix__c_lib_ext.a
LOAD zephyr/lib/net_buf/liblib__net_buf.a
LOAD zephyr/lib/os/zvfs/liblib__os__zvfs.a
LOAD zephyr/soc/soc/nrf9151/libsoc__nordic.a
LOAD zephyr/subsys/random/libsubsys__random.a
LOAD zephyr/subsys/net/libsubsys__net.a
LOAD zephyr/subsys/net/l2/offloaded_netdev/libsubsys__net__l2__offloaded_netdev.a
LOAD zephyr/subsys/net/l2/ethernet/libsubsys__net__l2__ethernet.a
LOAD zephyr/subsys/net/ip/libsubsys__net__ip.a
LOAD zephyr/subsys/net/lib/mqtt/libsubsys__net__lib__mqtt.a
LOAD zephyr/subsys/net/lib/config/libsubsys__net__lib__config.a
LOAD zephyr/subsys/net/conn_mgr/libsubsys__net__conn_mgr.a
LOAD zephyr/drivers/clock_control/libdrivers__clock_control.a
LOAD zephyr/drivers/console/libdrivers__console.a
LOAD zephyr/drivers/entropy/libdrivers__entropy.a
LOAD zephyr/drivers/ethernet/libdrivers__ethernet.a
LOAD zephyr/drivers/gpio/libdrivers__gpio.a
LOAD zephyr/drivers/pinctrl/libdrivers__pinctrl.a
LOAD zephyr/drivers/serial/libdrivers__serial.a
LOAD zephyr/drivers/spi/libdrivers__spi.a
LOAD zephyr/drivers/timer/libdrivers__timer.a
LOAD modules/nrf/subsys/nrf_security/src/zephyr/libmbedtls_zephyr.a
LOAD modules/nrf/modules/trusted-firmware-m/lib..__nrf__modules__trusted-firmware-m.a
LOAD modules/nrf/modules/trusted-firmware-m/libtfm_api_nrf.a
LOAD modules/trusted-firmware-m/libtfm_api.a
LOAD modules/hal_nordic/modules/hal_nordic/nrfx/libnrfx.a
LOAD modules/stcp/libstcp.a
LOAD zephyr/kernel/libkernel.a
LOAD modules/nrf/subsys/nrf_security/src/libmbedcrypto.a
LOAD modules/nrf/subsys/nrf_security/src/libmbedcrypto_base.a
LOAD modules/nrf/subsys/nrf_security/src/libnrf_security_utils.a
LOAD zephyr/kernel/libkernel.a
LOAD /home/pomo/git/STCP/STCPv2/zephyr/nordic/ncs-3.3.0/nrfxlib/crypto/nrf_oberon/lib/cortex-m33/soft-float/liboberon_mbedtls_3.0.19.a
LOAD /home/pomo/git/STCP/STCPv2/zephyr/nordic/ncs-3.3.0/nrfxlib/crypto/nrf_oberon/lib/cortex-m33/soft-float/liboberon_3.0.19.a
LOAD zephyr/arch/common/libisr_tables.a
LOAD /home/pomo/ncs/toolchains/911f4c5c26/opt/zephyr-sdk/arm-zephyr-eabi/bin/../lib/gcc/../../picolibc/arm-zephyr-eabi/lib/thumb/v8-m.main/nofp/libc.a
LOAD /home/pomo/ncs/toolchains/911f4c5c26/opt/zephyr-sdk/arm-zephyr-eabi/bin/../lib/gcc/arm-zephyr-eabi/12.2.0/thumb/v8-m.main/nofp/libgcc.a
                0x0000000000000020                _region_min_align = 0x20

.rel.plt        0x0000000000040000        0x0
 *(SORT_BY_ALIGNMENT(.rel.plt))
                [!provide]                        PROVIDE (__rel_iplt_start = .)
 *(SORT_BY_ALIGNMENT(.rel.iplt))
 .rel.iplt      0x0000000000040000        0x0 app/libapp.a(main.c.obj)
                [!provide]                        PROVIDE (__rel_iplt_end = .)

.rela.plt       0x0000000000000000        0x0
 *(SORT_BY_ALIGNMENT(.rela.plt))
                [!provide]                        PROVIDE (__rela_iplt_start = .)
 *(SORT_BY_ALIGNMENT(.rela.iplt))
                [!provide]                        PROVIDE (__rela_iplt_end = .)

.rel.dyn
 *(SORT_BY_ALIGNMENT(.rel.*))

.rela.dyn
 *(SORT_BY_ALIGNMENT(.rela.*))

/DISCARD/
 *(SORT_BY_ALIGNMENT(.plt))

/DISCARD/
 *(SORT_BY_ALIGNMENT(.iplt))
                0x0000000000040000                __rom_region_start = 0x40000

rom_start       0x0000000000040000      0x144
                0x0000000000040000                __rom_start_address = .
 FILL mask 0x00
                0x0000000000040000                . = (. + (0x0 - (. - __rom_start_address)))
                0x0000000000040000                . = ALIGN (0x4)
                0x0000000000040000                . = ALIGN (0x80)
                0x0000000000040000                . = ALIGN (0x200)
                0x0000000000040000                _vector_start = .
 *(SORT_BY_ALIGNMENT(.exc_vector_table))
 *(SORT_BY_ALIGNMENT(.exc_vector_table.*))
 .exc_vector_table._vector_table_section
                0x0000000000040000       0x40 zephyr/arch/arch/arm/core/cortex_m/libarch__arm__core__cortex_m.a(vector_table.S.obj)
                0x0000000000040000                _vector_table
 *(SORT_BY_ALIGNMENT(.vectors))
                0x0000000000040144                _vector_end = .
                0x0000000000040040                . = ALIGN (0x4)
 *(SORT_BY_ALIGNMENT(.gnu.linkonce.irq_vector_table*))
 .gnu.linkonce.irq_vector_table
                0x0000000000040040      0x104 zephyr/arch/common/libisr_tables.a(isr_tables.c.obj)
                0x0000000000040040                _irq_vector_table
                0x0000000000040144                _vector_end = .

text            0x0000000000040148    0x2c020
                0x0000000000040148                __text_region_start = .
 *(SORT_BY_ALIGNMENT(.text))
 .text          0x0000000000040148       0xa0 /home/pomo/ncs/toolchains/911f4c5c26/opt/zephyr-sdk/arm-zephyr-eabi/bin/../lib/gcc/arm-zephyr-eabi/12.2.0/thumb/v8-m.main/nofp/libgcc.a(_aeabi_ldivmod.o)
                0x0000000000040148                __aeabi_ldivmod
 .text          0x00000000000401e8       0x30 /home/pomo/ncs/toolchains/911f4c5c26/opt/zephyr-sdk/arm-zephyr-eabi/bin/../lib/gcc/arm-zephyr-eabi/12.2.0/thumb/v8-m.main/nofp/libgcc.a(_aeabi_uldivmod.o)
                0x00000000000401e8                __aeabi_uldivmod
 .text          0x0000000000040218        0x4 /home/pomo/ncs/toolchains/911f4c5c26/opt/zephyr-sdk/arm-zephyr-eabi/bin/../lib/gcc/arm-zephyr-eabi/12.2.0/thumb/v8-m.main/nofp/libgcc.a(_dvmd_tls.o)
                0x0000000000040218                __aeabi_ldiv0
                0x0000000000040218                __aeabi_idiv0
 .text          0x000000000004021c       0x14 /home/pomo/ncs/toolchains/911f4c5c26/opt/zephyr-sdk/arm-zephyr-eabi/bin/../lib/gcc/../../picolibc/arm-zephyr-eabi/lib/thumb/v8-m.main/nofp/libc.a(strcmp.S.o)
                0x000000000004021c                strcmp
 .text          0x0000000000040230       0x10 /home/pomo/ncs/toolchains/911f4c5c26/opt/zephyr-sdk/arm-zephyr-eabi/bin/../lib/gcc/../../picolibc/arm-zephyr-eabi/lib/thumb/v8-m.main/nofp/libc.a(strcpy.S.o)
                0x0000000000040230                strcpy
 .text          0x0000000000040240       0x10 /home/pomo/ncs/toolchains/911f4c5c26/opt/zephyr-sdk/arm-zephyr-eabi/bin/../lib/gcc/../../picolibc/arm-zephyr-eabi/lib/thumb/v8-m.main/nofp/libc.a(strlen.S.o)
                0x0000000000040240                strlen
 .text          0x0000000000040250      0x29c /home/pomo/ncs/toolchains/911f4c5c26/opt/zephyr-sdk/arm-zephyr-eabi/bin/../lib/gcc/arm-zephyr-eabi/12.2.0/thumb/v8-m.main/nofp/libgcc.a(_udivmoddi4.o)
                0x0000000000040250                __udivmoddi4
 *(SORT_BY_ALIGNMENT(.text.*))
 *fill*         0x00000000000404ec        0x4 
 .text.send_request.isra.0
                0x00000000000404f0       0x30 app/libapp.a(echo_benchmark.c.obj)
 .text.cmd_kernel_uptime
                0x0000000000040520      0x104 zephyr/libzephyr.a(uptime.c.obj)
 .text._OffsetAbsSyms
                0x0000000000040624        0x4 zephyr/CMakeFiles/offsets.dir/./arch/arm/core/offsets/offsets.c.obj
                0x0000000000040624                _OffsetAbsSyms
 .text.main     0x0000000000040628       0x68 app/libapp.a(main.c.obj)
                0x0000000000040628                main
 .text.validate_config
                0x0000000000040690       0x48 app/libapp.a(echo_benchmark.c.obj)
 .text.zsock_fcntl_wrapper
                0x00000000000406d8       0x20 app/libapp.a(echo_benchmark.c.obj)
 .text.wait_socket_ready
                0x00000000000406f8       0xc4 app/libapp.a(echo_benchmark.c.obj)
 .text.report_progress
                0x00000000000407bc      0x128 app/libapp.a(echo_benchmark.c.obj)
 .text.connect_server
                0x00000000000408e4      0x1c0 app/libapp.a(echo_benchmark.c.obj)
 .text.log_rate_line.part.0
                0x0000000000040aa4       0x80 app/libapp.a(echo_benchmark.c.obj)
 .text.stream_recv.constprop.0
                0x0000000000040b24      0x14c app/libapp.a(echo_benchmark.c.obj)
 .text.stream_send.constprop.0
                0x0000000000040c70      0x188 app/libapp.a(echo_benchmark.c.obj)
 .text.sender_entry
                0x0000000000040df8       0x2c app/libapp.a(echo_benchmark.c.obj)
 .text.recv_reply
                0x0000000000040e24      0x12c app/libapp.a(echo_benchmark.c.obj)
 .text.send_all.constprop.0
                0x0000000000040f50      0x100 app/libapp.a(echo_benchmark.c.obj)
 .text.bench_run_full.part.0
                0x0000000000041050      0x394 app/libapp.a(echo_benchmark.c.obj)
 .text.bench_run_download.part.0
                0x00000000000413e4      0x250 app/libapp.a(echo_benchmark.c.obj)
 .text.bench_run_upload.part.0
                0x0000000000041634      0x224 app/libapp.a(echo_benchmark.c.obj)
 .text.bench_last_result
                0x0000000000041858       0x4c app/libapp.a(echo_benchmark.c.obj)
                0x0000000000041858                bench_last_result
 .text.bench_print_last_summary
                0x00000000000418a4      0x128 app/libapp.a(echo_benchmark.c.obj)
                0x00000000000418a4                bench_print_last_summary
 .text.bench_run_upload
                0x00000000000419cc       0x34 app/libapp.a(echo_benchmark.c.obj)
                0x00000000000419cc                bench_run_upload
 .text.bench_run_download
                0x0000000000041a00       0x34 app/libapp.a(echo_benchmark.c.obj)
                0x0000000000041a00                bench_run_download
 .text.bench_run_full
                0x0000000000041a34       0x34 app/libapp.a(echo_benchmark.c.obj)
                0x0000000000041a34                bench_run_full
 .text.bench_config_defaults
                0x0000000000041a68       0x50 app/libapp.a(echo_benchmark.c.obj)
                0x0000000000041a68                bench_config_defaults
 .text.bench_transport_name
                0x0000000000041ab8       0x18 app/libapp.a(echo_benchmark.c.obj)
                0x0000000000041ab8                bench_transport_name
 .text.bench_run_all
                0x0000000000041ad0      0x16c app/libapp.a(echo_benchmark.c.obj)
                0x0000000000041ad0                bench_run_all
 .text.cmd_net_status
                0x0000000000041c3c        0x4 app/libapp.a(bench_shell.c.obj)
 .text.parse_u32
                0x0000000000041c40       0x6c app/libapp.a(bench_shell.c.obj)
 .text.run_and_report
                0x0000000000041cac      0x110 app/libapp.a(bench_shell.c.obj)
 .text.cmd_bench_all
                0x0000000000041dbc       0x10 app/libapp.a(bench_shell.c.obj)
 .text.cmd_bench_full
                0x0000000000041dcc       0x10 app/libapp.a(bench_shell.c.obj)
 .text.cmd_bench_download
                0x0000000000041ddc       0x10 app/libapp.a(bench_shell.c.obj)
 .text.cmd_bench_upload
                0x0000000000041dec       0x10 app/libapp.a(bench_shell.c.obj)
 .text.cmd_config_chunk
                0x0000000000041dfc       0x58 app/libapp.a(bench_shell.c.obj)
 .text.cmd_config_total
                0x0000000000041e54       0x58 app/libapp.a(bench_shell.c.obj)
 .text.cmd_config_timeout
                0x0000000000041eac       0x5c app/libapp.a(bench_shell.c.obj)
 .text.cmd_config_report
                0x0000000000041f08       0x58 app/libapp.a(bench_shell.c.obj)
 .text.cmd_config_host
                0x0000000000041f60       0x5c app/libapp.a(bench_shell.c.obj)
 .text.cmd_config_port
                0x0000000000041fbc       0x68 app/libapp.a(bench_shell.c.obj)
 .text.cmd_config_transport
                0x0000000000042024       0x80 app/libapp.a(bench_shell.c.obj)
 .text.cmd_config_show
                0x00000000000420a4       0x98 app/libapp.a(bench_shell.c.obj)
 .text.format_mac.constprop.0
                0x000000000004213c       0x4c app/libapp.a(ethernet_status.c.obj)
 .text.ethernet_status_show
                0x0000000000042188      0x154 app/libapp.a(ethernet_status.c.obj)
                0x0000000000042188                ethernet_status_show
 .text.ethernet_status_log_startup
                0x00000000000422dc      0x190 app/libapp.a(ethernet_status.c.obj)
                0x00000000000422dc                ethernet_status_log_startup
 .text.free_list_remove_bidx
                0x000000000004246c       0x70 zephyr/libzephyr.a(heap.c.obj)
 .text.split_chunks
                0x00000000000424dc       0x74 zephyr/libzephyr.a(heap.c.obj)
 .text.merge_chunks
                0x0000000000042550       0x5c zephyr/libzephyr.a(heap.c.obj)
 .text.free_list_remove
                0x00000000000425ac       0x30 zephyr/libzephyr.a(heap.c.obj)
 .text.free_list_add
                0x00000000000425dc       0xa8 zephyr/libzephyr.a(heap.c.obj)
 .text.free_chunk
                0x0000000000042684       0xc8 zephyr/libzephyr.a(heap.c.obj)
 .text.alloc_chunk
                0x000000000004274c       0x8c zephyr/libzephyr.a(heap.c.obj)
 .text.sys_heap_free
                0x00000000000427d8       0x88 zephyr/libzephyr.a(heap.c.obj)
                0x00000000000427d8                sys_heap_free
 .text.sys_heap_alloc
                0x0000000000042860       0x98 zephyr/libzephyr.a(heap.c.obj)
                0x0000000000042860                sys_heap_alloc
 .text.sys_heap_noalign_alloc
                0x00000000000428f8        0x8 zephyr/libzephyr.a(heap.c.obj)
                0x00000000000428f8                sys_heap_noalign_alloc
 .text.sys_heap_init
                0x0000000000042900      0x120 zephyr/libzephyr.a(heap.c.obj)
                0x0000000000042900                sys_heap_init
 .text.cbvprintf_package
                0x0000000000042a20      0x490 zephyr/libzephyr.a(cbprintf_packaged.c.obj)
                0x0000000000042a20                cbvprintf_package
 .text.cbpprintf_external
                0x0000000000042eb0       0x60 zephyr/libzephyr.a(cbprintf_packaged.c.obj)
                0x0000000000042eb0                cbpprintf_external
 .text.is_ptr   0x0000000000042f10       0x64 zephyr/libzephyr.a(cbprintf_packaged.c.obj)
                0x0000000000042f10                is_ptr
 .text.cbprintf_package_convert
                0x0000000000042f74      0x500 zephyr/libzephyr.a(cbprintf_packaged.c.obj)
                0x0000000000042f74                cbprintf_package_convert
 .text.z_impl_sys_clock_getrtoffset
                0x0000000000043474       0x7c zephyr/libzephyr.a(clock.c.obj)
                0x0000000000043474                z_impl_sys_clock_getrtoffset
 .text.sys_clock_gettime
                0x00000000000434f0       0xe0 zephyr/libzephyr.a(clock.c.obj)
                0x00000000000434f0                sys_clock_gettime
 .text.z_impl_sys_clock_settime
                0x00000000000435d0      0x118 zephyr/libzephyr.a(clock.c.obj)
                0x00000000000435d0                z_impl_sys_clock_settime
 .text.arch_printk_char_out
                0x00000000000436e8        0x4 zephyr/libzephyr.a(printk.c.obj)
                0x00000000000436e8                arch_printk_char_out
 .text.__printk_hook_install
                0x00000000000436ec        0xc zephyr/libzephyr.a(printk.c.obj)
                0x00000000000436ec                __printk_hook_install
 .text.printk   0x00000000000436f8       0x1c zephyr/libzephyr.a(printk.c.obj)
                0x00000000000436f8                printk
 .text.z_thread_entry
                0x0000000000043714       0x44 zephyr/libzephyr.a(thread_entry.c.obj)
                0x0000000000043714                z_thread_entry
 .text.assert_post_action
                0x0000000000043758       0x14 zephyr/libzephyr.a(assert.c.obj)
                0x0000000000043758                assert_post_action
 .text.add_skip_item
                0x000000000004376c       0x64 zephyr/libzephyr.a(mpsc_pbuf.c.obj)
 .text.post_drop_action
                0x00000000000437d0       0x60 zephyr/libzephyr.a(mpsc_pbuf.c.obj)
 .text.drop_item_locked
                0x0000000000043830      0x15c zephyr/libzephyr.a(mpsc_pbuf.c.obj)
 .text.mpsc_pbuf_init
                0x000000000004398c       0x50 zephyr/libzephyr.a(mpsc_pbuf.c.obj)
                0x000000000004398c                mpsc_pbuf_init
 .text.mpsc_pbuf_alloc
                0x00000000000439dc      0x180 zephyr/libzephyr.a(mpsc_pbuf.c.obj)
                0x00000000000439dc                mpsc_pbuf_alloc
 .text.mpsc_pbuf_commit
                0x0000000000043b5c       0xac zephyr/libzephyr.a(mpsc_pbuf.c.obj)
                0x0000000000043b5c                mpsc_pbuf_commit
 .text.mpsc_pbuf_claim
                0x0000000000043c08      0x138 zephyr/libzephyr.a(mpsc_pbuf.c.obj)
                0x0000000000043c08                mpsc_pbuf_claim
 .text.mpsc_pbuf_free
                0x0000000000043d40       0xd0 zephyr/libzephyr.a(mpsc_pbuf.c.obj)
                0x0000000000043d40                mpsc_pbuf_free
 .text.mpsc_pbuf_is_pending
                0x0000000000043e10       0x6c zephyr/libzephyr.a(mpsc_pbuf.c.obj)
                0x0000000000043e10                mpsc_pbuf_is_pending
 .text.sys_reboot
                0x0000000000043e7c       0x2c zephyr/libzephyr.a(reboot.c.obj)
                0x0000000000043e7c                sys_reboot
 .text.hex2bin  0x0000000000043ea8       0xd4 zephyr/libzephyr.a(hex.c.obj)
                0x0000000000043ea8                hex2bin
 .text.timeutil_timegm64
                0x0000000000043f7c      0x214 zephyr/libzephyr.a(timeutil.c.obj)
                0x0000000000043f7c                timeutil_timegm64
 .text.timeutil_timegm
                0x0000000000044190       0x1c zephyr/libzephyr.a(timeutil.c.obj)
                0x0000000000044190                timeutil_timegm
 .text.timespec_normalize
                0x00000000000441ac       0xbc zephyr/libzephyr.a(timeutil.c.obj)
                0x00000000000441ac                timespec_normalize
 .text.sys_getopt_init
                0x0000000000044268       0x4c zephyr/libzephyr.a(getopt.c.obj)
                0x0000000000044268                sys_getopt_init
 .text.sys_getopt
                0x00000000000442b4      0x128 zephyr/libzephyr.a(getopt.c.obj)
                0x00000000000442b4                sys_getopt
 .text.z_getopt_global_state_update
                0x00000000000443dc       0x40 zephyr/libzephyr.a(getopt_common.c.obj)
                0x00000000000443dc                z_getopt_global_state_update
 .text.sys_getopt_state_get
                0x000000000004441c        0x8 zephyr/libzephyr.a(getopt_common.c.obj)
                0x000000000004441c                sys_getopt_state_get
 .text.process_event
                0x0000000000044424      0x324 zephyr/libzephyr.a(onoff.c.obj)
 .text.transition_complete
                0x0000000000044748       0x44 zephyr/libzephyr.a(onoff.c.obj)
 .text.onoff_manager_init
                0x000000000004478c       0x2c zephyr/libzephyr.a(onoff.c.obj)
                0x000000000004478c                onoff_manager_init
 .text.onoff_request
                0x00000000000447b8      0x124 zephyr/libzephyr.a(onoff.c.obj)
                0x00000000000447b8                onoff_request
 .text.sys_notify_validate
                0x00000000000448dc       0x2c zephyr/libzephyr.a(notify.c.obj)
                0x00000000000448dc                sys_notify_validate
 .text.sys_notify_finalize
                0x0000000000044908       0x44 zephyr/libzephyr.a(notify.c.obj)
                0x0000000000044908                sys_notify_finalize
 .text.ring_buf_area_claim
                0x000000000004494c       0x40 zephyr/libzephyr.a(ring_buffer.c.obj)
                0x000000000004494c                ring_buf_area_claim
 .text.ring_buf_area_finish
                0x000000000004498c       0x4c zephyr/libzephyr.a(ring_buffer.c.obj)
                0x000000000004498c                ring_buf_area_finish
 .text.ring_buf_put
                0x00000000000449d8       0xa4 zephyr/libzephyr.a(ring_buffer.c.obj)
                0x00000000000449d8                ring_buf_put
 .text.ring_buf_get
                0x0000000000044a7c       0xa0 zephyr/libzephyr.a(ring_buffer.c.obj)
                0x0000000000044a7c                ring_buf_get
 .text._ConfigAbsSyms
                0x0000000000044b1c        0x4 zephyr/libzephyr.a(configs.c.obj)
                0x0000000000044b1c                _ConfigAbsSyms
 .text.dummy_timestamp
                0x0000000000044b20        0x4 zephyr/libzephyr.a(log_core.c.obj)
 .text.default_get_timestamp
                0x0000000000044b24        0x4 zephyr/libzephyr.a(log_core.c.obj)
 .text.log_process_thread_timer_expiry_fn
                0x0000000000044b28        0xc zephyr/libzephyr.a(log_core.c.obj)
 .text.enable_logger
                0x0000000000044b34       0x5c zephyr/libzephyr.a(log_core.c.obj)
 .text.log_msg_generic_get_wlen
                0x0000000000044b90       0x20 zephyr/libzephyr.a(log_core.c.obj)
 .text.activate_foreach_backend
                0x0000000000044bb0       0x64 zephyr/libzephyr.a(log_core.c.obj)
 .text.z_log_init
                0x0000000000044c14       0xf4 zephyr/libzephyr.a(log_core.c.obj)
 .text.z_log_notify_drop
                0x0000000000044d08       0x44 zephyr/libzephyr.a(log_core.c.obj)
 .text.log_format_func_t_get
                0x0000000000044d4c        0xc zephyr/libzephyr.a(log_core.c.obj)
                0x0000000000044d4c                log_format_func_t_get
 .text.z_log_vprintk
                0x0000000000044d58       0x20 zephyr/libzephyr.a(log_core.c.obj)
                0x0000000000044d58                z_log_vprintk
 .text.log_core_init
                0x0000000000044d78       0xa4 zephyr/libzephyr.a(log_core.c.obj)
                0x0000000000044d78                log_core_init
 .text.dropped_notify
                0x0000000000044e1c       0x78 zephyr/libzephyr.a(log_core.c.obj)
                0x0000000000044e1c                dropped_notify
 .text.z_impl_log_process.part.0
                0x0000000000044e94      0x14c zephyr/libzephyr.a(log_core.c.obj)
 .text.z_log_msg_post_finalize
                0x0000000000044fe0       0xc4 zephyr/libzephyr.a(log_core.c.obj)
 .text.log_process_thread_func
                0x00000000000450a4      0x134 zephyr/libzephyr.a(log_core.c.obj)
 .text.z_impl_log_panic
                0x00000000000451d8       0x8c zephyr/libzephyr.a(log_core.c.obj)
                0x00000000000451d8                z_impl_log_panic
 .text.z_log_notify_backend_enabled
                0x0000000000045264       0x24 zephyr/libzephyr.a(log_core.c.obj)
                0x0000000000045264                z_log_notify_backend_enabled
 .text.z_log_dropped
                0x0000000000045288       0x48 zephyr/libzephyr.a(log_core.c.obj)
                0x0000000000045288                z_log_dropped
 .text.z_log_msg_alloc
                0x00000000000452d0       0x10 zephyr/libzephyr.a(log_core.c.obj)
                0x00000000000452d0                z_log_msg_alloc
 .text.z_log_msg_commit
                0x00000000000452e0       0x28 zephyr/libzephyr.a(log_core.c.obj)
                0x00000000000452e0                z_log_msg_commit
 .text.z_log_get_tag
                0x0000000000045308        0x4 zephyr/libzephyr.a(log_core.c.obj)
                0x0000000000045308                z_log_get_tag
 .text.log_source_name_get
                0x000000000004530c       0x1c zephyr/libzephyr.a(log_mgmt.c.obj)
                0x000000000004530c                log_source_name_get
 .text.z_log_runtime_filters_init
                0x0000000000045328       0x3c zephyr/libzephyr.a(log_mgmt.c.obj)
                0x0000000000045328                z_log_runtime_filters_init
 .text.log_source_id_get
                0x0000000000045364       0x34 zephyr/libzephyr.a(log_mgmt.c.obj)
                0x0000000000045364                log_source_id_get
 .text.filter_set
                0x0000000000045398       0xcc zephyr/libzephyr.a(log_mgmt.c.obj)
                0x0000000000045398                filter_set
 .text.z_impl_log_filter_set
                0x0000000000045464       0x14 zephyr/libzephyr.a(log_mgmt.c.obj)
                0x0000000000045464                z_impl_log_filter_set
 .text.log_backend_enable
                0x0000000000045478       0x4c zephyr/libzephyr.a(log_mgmt.c.obj)
                0x0000000000045478                log_backend_enable
 .text.log_backend_disable
                0x00000000000454c4       0x54 zephyr/libzephyr.a(log_mgmt.c.obj)
                0x00000000000454c4                log_backend_disable
 .text.log_filter_get
                0x0000000000045518       0x58 zephyr/libzephyr.a(log_mgmt.c.obj)
                0x0000000000045518                log_filter_get
 .text.z_cbprintf_cpy
                0x0000000000045570       0x34 zephyr/libzephyr.a(log_msg.c.obj)
 .text.z_impl_z_log_msg_simple_create_0
                0x00000000000455a4       0x34 zephyr/libzephyr.a(log_msg.c.obj)
                0x00000000000455a4                z_impl_z_log_msg_simple_create_0
 .text.z_impl_z_log_msg_simple_create_1
                0x00000000000455d8       0x38 zephyr/libzephyr.a(log_msg.c.obj)
                0x00000000000455d8                z_impl_z_log_msg_simple_create_1
 .text.z_impl_z_log_msg_simple_create_2
                0x0000000000045610       0x40 zephyr/libzephyr.a(log_msg.c.obj)
                0x0000000000045610                z_impl_z_log_msg_simple_create_2
 .text.z_impl_z_log_msg_static_create
                0x0000000000045650      0x140 zephyr/libzephyr.a(log_msg.c.obj)
                0x0000000000045650                z_impl_z_log_msg_static_create
 .text.z_log_msg_runtime_vcreate
                0x0000000000045790      0x138 zephyr/libzephyr.a(log_msg.c.obj)
                0x0000000000045790                z_log_msg_runtime_vcreate
 .text.log_msg_get_source_id
                0x00000000000458c8       0x18 zephyr/libzephyr.a(log_msg.c.obj)
                0x00000000000458c8                log_msg_get_source_id
 .text.print_formatted
                0x00000000000458e0       0x24 zephyr/libzephyr.a(log_output.c.obj)
 .text.out_func
                0x0000000000045904       0x64 zephyr/libzephyr.a(log_output.c.obj)
 .text.cr_out_func
                0x0000000000045968       0x28 zephyr/libzephyr.a(log_output.c.obj)
 .text.log_output_process
                0x0000000000045990      0x3c8 zephyr/libzephyr.a(log_output.c.obj)
                0x0000000000045990                log_output_process
 .text.log_output_msg_process
                0x0000000000045d58       0x64 zephyr/libzephyr.a(log_output.c.obj)
                0x0000000000045d58                log_output_msg_process
 .text.log_output_dropped_process
                0x0000000000045dbc       0x7c zephyr/libzephyr.a(log_output.c.obj)
                0x0000000000045dbc                log_output_dropped_process
 .text.log_output_timestamp_freq_set
                0x0000000000045e38       0x38 zephyr/libzephyr.a(log_output.c.obj)
                0x0000000000045e38                log_output_timestamp_freq_set
 .text.char_out
                0x0000000000045e70       0x2c zephyr/libzephyr.a(log_backend_uart.c.obj)
 .text.format_set
                0x0000000000045e9c       0x10 zephyr/libzephyr.a(log_backend_uart.c.obj)
 .text.panic    0x0000000000045eac       0x3c zephyr/libzephyr.a(log_backend_uart.c.obj)
 .text.dropped  0x0000000000045ee8        0xc zephyr/libzephyr.a(log_backend_uart.c.obj)
 .text.process  0x0000000000045ef4       0x20 zephyr/libzephyr.a(log_backend_uart.c.obj)
 .text.log_backend_uart_init
                0x0000000000045f14       0x28 zephyr/libzephyr.a(log_backend_uart.c.obj)
 .text.mem_attr_get_regions
                0x0000000000045f3c       0x10 zephyr/libzephyr.a(mem_attr.c.obj)
                0x0000000000045f3c                mem_attr_get_regions
 .text.cmd_kernel_cycles
                0x0000000000045f4c       0x1c zephyr/libzephyr.a(cycles.c.obj)
 .text.cmd_kernel_sleep
                0x0000000000045f68       0x5c zephyr/libzephyr.a(sleep.c.obj)
 .text.cmd_kernel_version
                0x0000000000045fc4       0x18 zephyr/libzephyr.a(version.c.obj)
 .text.cmd_kernel_log_level_set
                0x0000000000045fdc       0x90 zephyr/libzephyr.a(log-level.c.obj)
 .text.cmd_kernel_reboot_cold
                0x000000000004606c        0x8 zephyr/libzephyr.a(reboot.c.obj)
 .text.cmd_kernel_reboot_warm
                0x0000000000046074        0x8 zephyr/libzephyr.a(reboot.c.obj)
 .text.thread_valid_cb
                0x000000000004607c        0xc zephyr/libzephyr.a(thread.c.obj)
 .text.z_thread_is_valid
                0x0000000000046088       0x24 zephyr/libzephyr.a(thread.c.obj)
                0x0000000000046088                z_thread_is_valid
 .text.cmd_kernel_thread_list
                0x00000000000460ac       0x34 zephyr/libzephyr.a(list.c.obj)
 .text.shell_tdata_dump
                0x00000000000460e0       0xe4 zephyr/libzephyr.a(list.c.obj)
 .text.cmd_kernel_thread_stacks
                0x00000000000461c4       0x84 zephyr/libzephyr.a(stacks.c.obj)
 .text.shell_stack_dump
                0x0000000000046248       0x64 zephyr/libzephyr.a(stacks.c.obj)
 .text.cmd_kernel_thread_suspend
                0x00000000000462ac       0x7c zephyr/libzephyr.a(suspend.c.obj)
 .text.cmd_kernel_thread_resume
                0x0000000000046328       0x7c zephyr/libzephyr.a(resume.c.obj)
 .text.cmd_kernel_thread_kill
                0x00000000000463a4       0x7c zephyr/libzephyr.a(kill.c.obj)
 .text.device_name_lookup
                0x0000000000046420       0x20 zephyr/libzephyr.a(device_service.c.obj)
 .text.device_name_get_non_ready
                0x0000000000046440       0x20 zephyr/libzephyr.a(device_service.c.obj)
 .text.cmd_device_init
                0x0000000000046460       0x6c zephyr/libzephyr.a(device_service.c.obj)
 .text.cmd_device_list
                0x00000000000464cc       0xf8 zephyr/libzephyr.a(device_service.c.obj)
 .text.get_h_m_s
                0x00000000000465c4       0xac zephyr/libzephyr.a(date_service.c.obj)
 .text.cmd_date_set
                0x0000000000046670      0x13c zephyr/libzephyr.a(date_service.c.obj)
 .text.cmd_date_get
                0x00000000000467ac       0x44 zephyr/libzephyr.a(date_service.c.obj)
 .text.cmd_devmem
                0x00000000000467f0       0xcc zephyr/libzephyr.a(devmem_service.c.obj)
 .text.cmd_dump
                0x00000000000468bc      0x188 zephyr/libzephyr.a(devmem_service.c.obj)
 .text.cmd_load
                0x0000000000046a44      0x114 zephyr/libzephyr.a(devmem_service.c.obj)
 .text.bypass_cb
                0x0000000000046b58      0x164 zephyr/libzephyr.a(devmem_service.c.obj)
 .text.read_uart
                0x0000000000046cbc       0x14 zephyr/libzephyr.a(shell_uart.c.obj)
 .text.write_uart
                0x0000000000046cd0       0x70 zephyr/libzephyr.a(shell_uart.c.obj)
 .text.enable_shell_uart
                0x0000000000046d40       0x38 zephyr/libzephyr.a(shell_uart.c.obj)
 .text.log_msg_generic_get_wlen
                0x0000000000046d78       0x20 zephyr/libzephyr.a(shell_uart.c.obj)
 .text.init     0x0000000000046d98       0x54 zephyr/libzephyr.a(shell_uart.c.obj)
 .text.uart_callback
                0x0000000000046dec      0x14c zephyr/libzephyr.a(shell_uart.c.obj)
 .text.uninit   0x0000000000046f38       0x24 zephyr/libzephyr.a(shell_uart.c.obj)
 .text.enable   0x0000000000046f5c       0x1c zephyr/libzephyr.a(shell_uart.c.obj)
 .text.z_shell_raw_fprintf
                0x0000000000046f78       0x1c zephyr/libzephyr.a(shell.c.obj)
 .text.transport_evt_handler
                0x0000000000046f94       0x3c zephyr/libzephyr.a(shell.c.obj)
 .text.history_handle
                0x0000000000046fd0       0xcc zephyr/libzephyr.a(shell.c.obj)
 .text.execute  0x000000000004709c      0x414 zephyr/libzephyr.a(shell.c.obj)
 .text.shell_start
                0x00000000000474b0      0x100 zephyr/libzephyr.a(shell.c.obj)
                0x00000000000474b0                shell_start
 .text.shell_process
                0x00000000000475b0      0xa38 zephyr/libzephyr.a(shell.c.obj)
                0x00000000000475b0                shell_process
 .text.shell_thread
                0x0000000000047fe8      0x200 zephyr/libzephyr.a(shell.c.obj)
                0x0000000000047fe8                shell_thread
 .text.shell_vfprintf
                0x00000000000481e8      0x12c zephyr/libzephyr.a(shell.c.obj)
                0x00000000000481e8                shell_vfprintf
 .text.shell_fprintf_impl
                0x0000000000048314       0x1c zephyr/libzephyr.a(shell.c.obj)
                0x0000000000048314                shell_fprintf_impl
 .text.shell_fprintf_info
                0x0000000000048330       0x20 zephyr/libzephyr.a(shell.c.obj)
                0x0000000000048330                shell_fprintf_info
 .text.shell_fprintf_normal
                0x0000000000048350       0x20 zephyr/libzephyr.a(shell.c.obj)
                0x0000000000048350                shell_fprintf_normal
 .text.cmd_help
                0x0000000000048370       0x44 zephyr/libzephyr.a(shell.c.obj)
 .text.shell_fprintf_warn
                0x00000000000483b4       0x20 zephyr/libzephyr.a(shell.c.obj)
                0x00000000000483b4                shell_fprintf_warn
 .text.shell_fprintf_error
                0x00000000000483d4       0x20 zephyr/libzephyr.a(shell.c.obj)
                0x00000000000483d4                shell_fprintf_error
 .text.shell_hexdump_line
                0x00000000000483f4      0x100 zephyr/libzephyr.a(shell.c.obj)
                0x00000000000483f4                shell_hexdump_line
 .text.shell_hexdump
                0x00000000000484f4       0x40 zephyr/libzephyr.a(shell.c.obj)
                0x00000000000484f4                shell_hexdump
 .text.shell_prompt_change
                0x0000000000048534       0x7c zephyr/libzephyr.a(shell.c.obj)
                0x0000000000048534                shell_prompt_change
 .text.shell_init
                0x00000000000485b0      0x13c zephyr/libzephyr.a(shell.c.obj)
                0x00000000000485b0                shell_init
 .text.shell_help
                0x00000000000486ec       0x40 zephyr/libzephyr.a(shell.c.obj)
                0x00000000000486ec                shell_help
 .text.shell_get_return_value
                0x000000000004872c       0x10 zephyr/libzephyr.a(shell.c.obj)
                0x000000000004872c                shell_get_return_value
 .text.shell_set_bypass
                0x000000000004873c       0x34 zephyr/libzephyr.a(shell.c.obj)
                0x000000000004873c                shell_set_bypass
 .text.out_func
                0x0000000000048770       0x4c zephyr/libzephyr.a(shell_fprintf.c.obj)
 .text.z_shell_fprintf_fmt
                0x00000000000487bc       0x30 zephyr/libzephyr.a(shell_fprintf.c.obj)
                0x00000000000487bc                z_shell_fprintf_fmt
 .text.z_shell_fprintf_buffer_flush
                0x00000000000487ec       0x18 zephyr/libzephyr.a(shell_fprintf.c.obj)
                0x00000000000487ec                z_shell_fprintf_buffer_flush
 .text.shell_device_internal
                0x0000000000048804       0x94 zephyr/libzephyr.a(shell_utils.c.obj)
 .text.z_column_span_with_buffer_offsets_get
                0x0000000000048898       0x20 zephyr/libzephyr.a(shell_utils.c.obj)
                0x0000000000048898                z_column_span_with_buffer_offsets_get
 .text.z_row_span_with_buffer_offsets_get
                0x00000000000488b8       0x18 zephyr/libzephyr.a(shell_utils.c.obj)
                0x00000000000488b8                z_row_span_with_buffer_offsets_get
 .text.z_shell_multiline_data_calc
                0x00000000000488d0       0x34 zephyr/libzephyr.a(shell_utils.c.obj)
                0x00000000000488d0                z_shell_multiline_data_calc
 .text.z_shell_make_argv
                0x0000000000048904      0x240 zephyr/libzephyr.a(shell_utils.c.obj)
                0x0000000000048904                z_shell_make_argv
 .text.z_shell_pattern_remove
                0x0000000000048b44       0x50 zephyr/libzephyr.a(shell_utils.c.obj)
                0x0000000000048b44                z_shell_pattern_remove
 .text.z_shell_cmd_get
                0x0000000000048b94       0x8c zephyr/libzephyr.a(shell_utils.c.obj)
                0x0000000000048b94                z_shell_cmd_get
 .text.z_shell_find_cmd
                0x0000000000048c20       0x48 zephyr/libzephyr.a(shell_utils.c.obj)
                0x0000000000048c20                z_shell_find_cmd
 .text.z_shell_get_last_command
                0x0000000000048c68       0x78 zephyr/libzephyr.a(shell_utils.c.obj)
                0x0000000000048c68                z_shell_get_last_command
 .text.z_shell_spaces_trim
                0x0000000000048ce0       0x94 zephyr/libzephyr.a(shell_utils.c.obj)
                0x0000000000048ce0                z_shell_spaces_trim
 .text.z_shell_cmd_trim
                0x0000000000048d74       0x88 zephyr/libzephyr.a(shell_utils.c.obj)
                0x0000000000048d74                z_shell_cmd_trim
 .text.shell_device_lookup_all
                0x0000000000048dfc        0x8 zephyr/libzephyr.a(shell_utils.c.obj)
                0x0000000000048dfc                shell_device_lookup_all
 .text.shell_device_lookup_non_ready
                0x0000000000048e04        0x8 zephyr/libzephyr.a(shell_utils.c.obj)
                0x0000000000048e04                shell_device_lookup_non_ready
 .text.shell_device_get_binding_all
                0x0000000000048e0c       0xac zephyr/libzephyr.a(shell_utils.c.obj)
                0x0000000000048e0c                shell_device_get_binding_all
 .text.shell_strtol
                0x0000000000048eb8       0x48 zephyr/libzephyr.a(shell_utils.c.obj)
                0x0000000000048eb8                shell_strtol
 .text.shell_strtoul
                0x0000000000048f00       0x50 zephyr/libzephyr.a(shell_utils.c.obj)
                0x0000000000048f00                shell_strtoul
 .text.z_shell_raw_fprintf
                0x0000000000048f50       0x1c zephyr/libzephyr.a(shell_ops.c.obj)
 .text.z_shell_op_cursor_vert_move
                0x0000000000048f6c       0x34 zephyr/libzephyr.a(shell_ops.c.obj)
                0x0000000000048f6c                z_shell_op_cursor_vert_move
 .text.z_shell_op_cursor_horiz_move
                0x0000000000048fa0       0x34 zephyr/libzephyr.a(shell_ops.c.obj)
                0x0000000000048fa0                z_shell_op_cursor_horiz_move
 .text.z_shell_cursor_in_empty_line
                0x0000000000048fd4       0x30 zephyr/libzephyr.a(shell_ops.c.obj)
                0x0000000000048fd4                z_shell_cursor_in_empty_line
 .text.z_shell_op_cond_next_line
                0x0000000000049004       0x50 zephyr/libzephyr.a(shell_ops.c.obj)
                0x0000000000049004                z_shell_op_cond_next_line
 .text.z_shell_op_cursor_position_synchronize
                0x0000000000049054       0xc8 zephyr/libzephyr.a(shell_ops.c.obj)
                0x0000000000049054                z_shell_op_cursor_position_synchronize
 .text.z_shell_op_cursor_move
                0x000000000004911c       0xac zephyr/libzephyr.a(shell_ops.c.obj)
                0x000000000004911c                z_shell_op_cursor_move
 .text.z_shell_op_cursor_word_move
                0x00000000000491c8       0x90 zephyr/libzephyr.a(shell_ops.c.obj)
                0x00000000000491c8                z_shell_op_cursor_word_move
 .text.z_shell_op_cursor_home_move
                0x0000000000049258       0x10 zephyr/libzephyr.a(shell_ops.c.obj)
                0x0000000000049258                z_shell_op_cursor_home_move
 .text.z_shell_op_cursor_end_move
                0x0000000000049268       0x14 zephyr/libzephyr.a(shell_ops.c.obj)
                0x0000000000049268                z_shell_op_cursor_end_move
 .text.z_shell_op_left_arrow
                0x000000000004927c       0x14 zephyr/libzephyr.a(shell_ops.c.obj)
                0x000000000004927c                z_shell_op_left_arrow
 .text.z_shell_op_right_arrow
                0x0000000000049290       0x18 zephyr/libzephyr.a(shell_ops.c.obj)
                0x0000000000049290                z_shell_op_right_arrow
 .text.z_shell_op_delete_from_cursor
                0x00000000000492a8       0x30 zephyr/libzephyr.a(shell_ops.c.obj)
                0x00000000000492a8                z_shell_op_delete_from_cursor
 .text.z_shell_cmd_line_erase
                0x00000000000492d8       0xa4 zephyr/libzephyr.a(shell_ops.c.obj)
                0x00000000000492d8                z_shell_cmd_line_erase
 .text.z_shell_print_cmd
                0x000000000004937c       0x84 zephyr/libzephyr.a(shell_ops.c.obj)
                0x000000000004937c                z_shell_print_cmd
 .text.z_shell_write
                0x0000000000049400       0xb4 zephyr/libzephyr.a(shell_ops.c.obj)
                0x0000000000049400                z_shell_write
 .text.z_shell_print_stream
                0x00000000000494b4        0x4 zephyr/libzephyr.a(shell_ops.c.obj)
                0x00000000000494b4                z_shell_print_stream
 .text.z_shell_vt100_color_set
                0x00000000000494b8       0x40 zephyr/libzephyr.a(shell_ops.c.obj)
                0x00000000000494b8                z_shell_vt100_color_set
 .text.z_shell_vt100_colors_restore
                0x00000000000494f8       0x78 zephyr/libzephyr.a(shell_ops.c.obj)
                0x00000000000494f8                z_shell_vt100_colors_restore
 .text.z_shell_vfprintf
                0x0000000000049570       0x50 zephyr/libzephyr.a(shell_ops.c.obj)
                0x0000000000049570                z_shell_vfprintf
 .text.z_shell_fprintf
                0x00000000000495c0       0x74 zephyr/libzephyr.a(shell_ops.c.obj)
                0x00000000000495c0                z_shell_fprintf
 .text.z_shell_op_word_remove
                0x0000000000049634      0x124 zephyr/libzephyr.a(shell_ops.c.obj)
                0x0000000000049634                z_shell_op_word_remove
 .text.reprint_from_cursor
                0x0000000000049758      0x128 zephyr/libzephyr.a(shell_ops.c.obj)
 .text.z_shell_op_char_insert
                0x0000000000049880       0xe4 zephyr/libzephyr.a(shell_ops.c.obj)
                0x0000000000049880                z_shell_op_char_insert
 .text.z_shell_op_char_delete
                0x0000000000049964       0x40 zephyr/libzephyr.a(shell_ops.c.obj)
                0x0000000000049964                z_shell_op_char_delete
 .text.z_shell_op_char_backspace
                0x00000000000499a4       0x28 zephyr/libzephyr.a(shell_ops.c.obj)
                0x00000000000499a4                z_shell_op_char_backspace
 .text.z_shell_op_completion_insert
                0x00000000000499cc       0x78 zephyr/libzephyr.a(shell_ops.c.obj)
                0x00000000000499cc                z_shell_op_completion_insert
 .text.z_shell_print_prompt_and_cmd
                0x0000000000049a44       0x30 zephyr/libzephyr.a(shell_ops.c.obj)
                0x0000000000049a44                z_shell_print_prompt_and_cmd
 .text.z_shell_backend_rx_buffer_flush
                0x0000000000049a74       0x40 zephyr/libzephyr.a(shell_ops.c.obj)
                0x0000000000049a74                z_shell_backend_rx_buffer_flush
 .text.dropped  0x0000000000049ab4       0x28 zephyr/libzephyr.a(shell_log_backend.c.obj)
 .text.process_msg_from_buffer.isra.0
                0x0000000000049adc       0x30 zephyr/libzephyr.a(shell_log_backend.c.obj)
 .text.panic    0x0000000000049b0c       0x74 zephyr/libzephyr.a(shell_log_backend.c.obj)
 .text.process  0x0000000000049b80      0x16c zephyr/libzephyr.a(shell_log_backend.c.obj)
 .text.z_shell_log_backend_output_func
                0x0000000000049cec       0x14 zephyr/libzephyr.a(shell_log_backend.c.obj)
                0x0000000000049cec                z_shell_log_backend_output_func
 .text.z_shell_log_backend_enable
                0x0000000000049d00       0x30 zephyr/libzephyr.a(shell_log_backend.c.obj)
                0x0000000000049d00                z_shell_log_backend_enable
 .text.z_shell_log_backend_disable
                0x0000000000049d30       0x14 zephyr/libzephyr.a(shell_log_backend.c.obj)
                0x0000000000049d30                z_shell_log_backend_disable
 .text.z_shell_log_backend_process
                0x0000000000049d44       0x64 zephyr/libzephyr.a(shell_log_backend.c.obj)
                0x0000000000049d44                z_shell_log_backend_process
 .text.z_shell_raw_fprintf
                0x0000000000049da8       0x1c zephyr/libzephyr.a(shell_help.c.obj)
 .text.formatted_text_print.constprop.0
                0x0000000000049dc4      0x138 zephyr/libzephyr.a(shell_help.c.obj)
 .text.formatted_structured_help_print
                0x0000000000049efc       0x40 zephyr/libzephyr.a(shell_help.c.obj)
 .text.z_shell_help_subcmd_print
                0x0000000000049f3c       0xdc zephyr/libzephyr.a(shell_help.c.obj)
                0x0000000000049f3c                z_shell_help_subcmd_print
 .text.z_shell_help_cmd_print
                0x000000000004a018       0x68 zephyr/libzephyr.a(shell_help.c.obj)
                0x000000000004a018                z_shell_help_cmd_print
 .text.z_shell_help_request
                0x000000000004a080       0x28 zephyr/libzephyr.a(shell_help.c.obj)
                0x000000000004a080                z_shell_help_request
 .text.cmd_comment
                0x000000000004a0a8        0x4 zephyr/libzephyr.a(shell_cmds.c.obj)
 .text.cmd_shell_stats_reset
                0x000000000004a0ac        0xc zephyr/libzephyr.a(shell_cmds.c.obj)
 .text.z_shell_raw_fprintf
                0x000000000004a0b8       0x1c zephyr/libzephyr.a(shell_cmds.c.obj)
 .text.cmd_resize_default
                0x000000000004a0d4       0x2c zephyr/libzephyr.a(shell_cmds.c.obj)
 .text.cmd_shell_stats_show
                0x000000000004a100       0x14 zephyr/libzephyr.a(shell_cmds.c.obj)
 .text.cmd_prompt_on
                0x000000000004a114        0xc zephyr/libzephyr.a(shell_cmds.c.obj)
 .text.cmd_prompt_off
                0x000000000004a120       0x10 zephyr/libzephyr.a(shell_cmds.c.obj)
 .text.cmd_history
                0x000000000004a130       0x44 zephyr/libzephyr.a(shell_cmds.c.obj)
 .text.cmd_get_retval
                0x000000000004a174       0x1c zephyr/libzephyr.a(shell_cmds.c.obj)
 .text.cmd_echo
                0x000000000004a190       0x50 zephyr/libzephyr.a(shell_cmds.c.obj)
 .text.cmd_backends
                0x000000000004a1e0       0x60 zephyr/libzephyr.a(shell_cmds.c.obj)
 .text.cmd_resize
                0x000000000004a240      0x1c0 zephyr/libzephyr.a(shell_cmds.c.obj)
 .text.cmd_clear
                0x000000000004a400       0x40 zephyr/libzephyr.a(shell_cmds.c.obj)
 .text.cmd_backspace_mode_delete
                0x000000000004a440       0x1c zephyr/libzephyr.a(shell_cmds.c.obj)
 .text.cmd_echo_off
                0x000000000004a45c       0x1c zephyr/libzephyr.a(shell_cmds.c.obj)
 .text.cmd_vt100_on
                0x000000000004a478       0x1c zephyr/libzephyr.a(shell_cmds.c.obj)
 .text.cmd_colors_on
                0x000000000004a494       0x1c zephyr/libzephyr.a(shell_cmds.c.obj)
 .text.cmd_echo_on
                0x000000000004a4b0       0x1c zephyr/libzephyr.a(shell_cmds.c.obj)
 .text.cmd_backspace_mode_backspace
                0x000000000004a4cc       0x1c zephyr/libzephyr.a(shell_cmds.c.obj)
 .text.cmd_colors_off
                0x000000000004a4e8       0x1c zephyr/libzephyr.a(shell_cmds.c.obj)
 .text.cmd_vt100_off
                0x000000000004a504       0x1c zephyr/libzephyr.a(shell_cmds.c.obj)
 .text.z_shell_history_mode_exit
                0x000000000004a520        0x8 zephyr/libzephyr.a(shell_history.c.obj)
                0x000000000004a520                z_shell_history_mode_exit
 .text.z_shell_history_get
                0x000000000004a528       0x60 zephyr/libzephyr.a(shell_history.c.obj)
                0x000000000004a528                z_shell_history_get
 .text.z_shell_history_put
                0x000000000004a588       0x78 zephyr/libzephyr.a(shell_history.c.obj)
                0x000000000004a588                z_shell_history_put
 .text.z_shell_history_purge
                0x000000000004a600       0x30 zephyr/libzephyr.a(shell_history.c.obj)
                0x000000000004a600                z_shell_history_purge
 .text.z_shell_has_wildcard
                0x000000000004a630       0x34 zephyr/libzephyr.a(shell_wildcard.c.obj)
                0x000000000004a630                z_shell_has_wildcard
 .text.z_shell_wildcard_prepare
                0x000000000004a664       0x44 zephyr/libzephyr.a(shell_wildcard.c.obj)
                0x000000000004a664                z_shell_wildcard_prepare
 .text.z_shell_wildcard_process
                0x000000000004a6a8      0x134 zephyr/libzephyr.a(shell_wildcard.c.obj)
                0x000000000004a6a8                z_shell_wildcard_process
 .text.z_shell_wildcard_finalize
                0x000000000004a7dc       0x20 zephyr/libzephyr.a(shell_wildcard.c.obj)
                0x000000000004a7dc                z_shell_wildcard_finalize
 .text.ncs_boot_banner
                0x000000000004a7fc       0x1c zephyr/libzephyr.a(banner.c.obj)
 .text.arch_early_memset
                0x000000000004a818        0x4 zephyr/arch/common/libarch__common.a(init.c.obj)
                0x000000000004a818                arch_early_memset
 .text.arch_early_memcpy
                0x000000000004a81c        0x4 zephyr/arch/common/libarch__common.a(init.c.obj)
                0x000000000004a81c                arch_early_memcpy
 .text.arch_bss_zero
                0x000000000004a820       0x18 zephyr/arch/common/libarch__common.a(init.c.obj)
                0x000000000004a820                arch_bss_zero
 .text.arch_data_copy
                0x000000000004a838       0x38 zephyr/arch/common/libarch__common.a(xip.c.obj)
                0x000000000004a838                arch_data_copy
 .text.esf_dump
                0x000000000004a870       0xb0 zephyr/arch/arch/arm/core/libarch__arm__core.a(fatal.c.obj)
 .text.z_arm_fatal_error
                0x000000000004a920       0x48 zephyr/arch/arch/arm/core/libarch__arm__core.a(fatal.c.obj)
                0x000000000004a920                z_arm_fatal_error
 .text.z_do_kernel_oops
                0x000000000004a968       0x44 zephyr/arch/arch/arm/core/libarch__arm__core.a(fatal.c.obj)
                0x000000000004a968                z_do_kernel_oops
 .text.z_arm_nmi
                0x000000000004a9ac       0x10 zephyr/arch/arch/arm/core/libarch__arm__core.a(nmi.c.obj)
                0x000000000004a9ac                z_arm_nmi
 .text.z_SysNmiOnReset
                0x000000000004a9bc        0x8 zephyr/arch/arch/arm/core/libarch__arm__core.a(nmi_on_reset.S.obj)
                0x000000000004a9bc                z_SysNmiOnReset
 .text.arch_tls_stack_setup
                0x000000000004a9c4       0x44 zephyr/arch/arch/arm/core/libarch__arm__core.a(tls.c.obj)
                0x000000000004a9c4                arch_tls_stack_setup
 .text._HandlerModeExit
                0x000000000004aa08       0x20 zephyr/arch/arch/arm/core/cortex_m/libarch__arm__core__cortex_m.a(exc_exit.c.obj)
                0x000000000004aa08                z_arm_exc_exit
                0x000000000004aa08                z_arm_int_exit
 .text.usage_fault.constprop.0
                0x000000000004aa28      0x12c zephyr/arch/arch/arm/core/cortex_m/libarch__arm__core__cortex_m.a(fault.c.obj)
 .text.bus_fault.constprop.0
                0x000000000004ab54      0x16c zephyr/arch/arch/arm/core/cortex_m/libarch__arm__core__cortex_m.a(fault.c.obj)
 .text.mem_manage_fault.constprop.0
                0x000000000004acc0      0x164 zephyr/arch/arch/arm/core/cortex_m/libarch__arm__core__cortex_m.a(fault.c.obj)
 .text.z_arm_fault
                0x000000000004ae24      0x290 zephyr/arch/arch/arm/core/cortex_m/libarch__arm__core__cortex_m.a(fault.c.obj)
                0x000000000004ae24                z_arm_fault
 .text.z_arm_fault_init
                0x000000000004b0b4       0x20 zephyr/arch/arch/arm/core/cortex_m/libarch__arm__core__cortex_m.a(fault.c.obj)
                0x000000000004b0b4                z_arm_fault_init
 .text.__fault  0x000000000004b0d4       0x14 zephyr/arch/arch/arm/core/cortex_m/libarch__arm__core__cortex_m.a(fault_s.S.obj)
                0x000000000004b0d4                z_arm_bus_fault
                0x000000000004b0d4                z_arm_usage_fault
                0x000000000004b0d4                z_arm_mpu_fault
                0x000000000004b0d4                z_arm_exc_spurious
                0x000000000004b0d4                z_arm_debug_monitor
                0x000000000004b0d4                z_arm_hard_fault
 .text._reset_section
                0x000000000004b0e8       0x6c zephyr/arch/arch/arm/core/cortex_m/libarch__arm__core__cortex_m.a(reset.S.obj)
                0x000000000004b0e8                z_arm_reset
                0x000000000004b0e8                __start
 .text.sys_arch_reboot
                0x000000000004b154       0x24 zephyr/arch/arch/arm/core/cortex_m/libarch__arm__core__cortex_m.a(scb.c.obj)
                0x000000000004b154                sys_arch_reboot
 .text.z_arm_init_arch_hw_at_boot
                0x000000000004b178       0x68 zephyr/arch/arch/arm/core/cortex_m/libarch__arm__core__cortex_m.a(scb.c.obj)
                0x000000000004b178                z_arm_init_arch_hw_at_boot
 .text.z_impl_k_thread_abort
                0x000000000004b1e0       0x34 zephyr/arch/arch/arm/core/cortex_m/libarch__arm__core__cortex_m.a(thread_abort.c.obj)
                0x000000000004b1e0                z_impl_k_thread_abort
 .text.z_arm_pendsv
                0x000000000004b214       0x70 zephyr/arch/arch/arm/core/cortex_m/libarch__arm__core__cortex_m.a(swap_helper.S.obj)
                0x000000000004b214                z_arm_pendsv
 .text.z_arm_svc
                0x000000000004b284       0x24 zephyr/arch/arch/arm/core/cortex_m/libarch__arm__core__cortex_m.a(swap_helper.S.obj)
                0x000000000004b284                z_arm_svc
 .text.arm_irq_enable
                0x000000000004b2a8       0x1c zephyr/arch/arch/arm/core/cortex_m/libarch__arm__core__cortex_m.a(irq_manage.c.obj)
                0x000000000004b2a8                arm_irq_enable
 .text.arm_irq_disable
                0x000000000004b2c4       0x28 zephyr/arch/arch/arm/core/cortex_m/libarch__arm__core__cortex_m.a(irq_manage.c.obj)
                0x000000000004b2c4                arm_irq_disable
 .text.arm_irq_is_enabled
                0x000000000004b2ec       0x1c zephyr/arch/arch/arm/core/cortex_m/libarch__arm__core__cortex_m.a(irq_manage.c.obj)
                0x000000000004b2ec                arm_irq_is_enabled
 .text.arm_irq_priority_set
                0x000000000004b308       0x3c zephyr/arch/arch/arm/core/cortex_m/libarch__arm__core__cortex_m.a(irq_manage.c.obj)
                0x000000000004b308                arm_irq_priority_set
 .text.z_irq_spurious
                0x000000000004b344        0x8 zephyr/arch/arch/arm/core/cortex_m/libarch__arm__core__cortex_m.a(irq_manage.c.obj)
                0x000000000004b344                z_irq_spurious
 .text.relocate_vector_table
                0x000000000004b34c       0x1c zephyr/arch/arch/arm/core/cortex_m/libarch__arm__core__cortex_m.a(prep_c.c.obj)
                0x000000000004b34c                relocate_vector_table
 .text.z_prep_c
                0x000000000004b368       0x28 zephyr/arch/arch/arm/core/cortex_m/libarch__arm__core__cortex_m.a(prep_c.c.obj)
                0x000000000004b368                z_prep_c
 .text.arch_new_thread
                0x000000000004b390       0x48 zephyr/arch/arch/arm/core/cortex_m/libarch__arm__core__cortex_m.a(thread.c.obj)
                0x000000000004b390                arch_new_thread
 .text.configure_builtin_stack_guard
                0x000000000004b3d8        0xc zephyr/arch/arch/arm/core/cortex_m/libarch__arm__core__cortex_m.a(thread.c.obj)
                0x000000000004b3d8                configure_builtin_stack_guard
 .text.arch_coprocessors_disable
                0x000000000004b3e4        0x8 zephyr/arch/arch/arm/core/cortex_m/libarch__arm__core__cortex_m.a(thread.c.obj)
                0x000000000004b3e4                arch_coprocessors_disable
 .text.arch_switch_to_main_thread
                0x000000000004b3ec       0x44 zephyr/arch/arch/arm/core/cortex_m/libarch__arm__core__cortex_m.a(thread.c.obj)
                0x000000000004b3ec                arch_switch_to_main_thread
 .text.arch_irq_unlock_outlined
                0x000000000004b430       0x10 zephyr/arch/arch/arm/core/cortex_m/libarch__arm__core__cortex_m.a(thread.c.obj)
                0x000000000004b430                arch_irq_unlock_outlined
 .text.z_arm_cpu_idle_init
                0x000000000004b440        0xc zephyr/arch/arch/arm/core/cortex_m/libarch__arm__core__cortex_m.a(cpu_idle.c.obj)
                0x000000000004b440                z_arm_cpu_idle_init
 .text.arch_cpu_idle
                0x000000000004b44c       0x1c zephyr/arch/arch/arm/core/cortex_m/libarch__arm__core__cortex_m.a(cpu_idle.c.obj)
                0x000000000004b44c                arch_cpu_idle
 .text.arch_cpu_atomic_idle
                0x000000000004b468       0x20 zephyr/arch/arch/arm/core/cortex_m/libarch__arm__core__cortex_m.a(cpu_idle.c.obj)
                0x000000000004b468                arch_cpu_atomic_idle
 .text.z_arm_interrupt_init
                0x000000000004b488       0x18 zephyr/arch/arch/arm/core/cortex_m/libarch__arm__core__cortex_m.a(irq_init.c.obj)
                0x000000000004b488                z_arm_interrupt_init
 .text._isr_wrapper
                0x000000000004b4a0       0x24 zephyr/arch/arch/arm/core/cortex_m/libarch__arm__core__cortex_m.a(isr_wrapper.c.obj)
                0x000000000004b4a0                _isr_wrapper
 .text.arm_cmse_mpu_region_get
                0x000000000004b4c4       0x14 zephyr/arch/arch/arm/core/cortex_m/cmse/libarch__arm__core__cortex_m__cmse.a(arm_core_cmse.c.obj)
                0x000000000004b4c4                arm_cmse_mpu_region_get
 .text.z_arm_configure_static_mpu_regions
                0x000000000004b4d8       0x3c zephyr/arch/arch/arm/core/mpu/libarch__arm__core__mpu.a(arm_core_mpu.c.obj)
                0x000000000004b4d8                z_arm_configure_static_mpu_regions
 .text.region_allocate_and_init
                0x000000000004b514       0x6c zephyr/arch/arch/arm/core/mpu/libarch__arm__core__mpu.a(arm_mpu.c.obj)
 .text.mpu_configure_region
                0x000000000004b580       0x74 zephyr/arch/arch/arm/core/mpu/libarch__arm__core__mpu.a(arm_mpu.c.obj)
 .text.mpu_configure_regions_and_partition.constprop.0
                0x000000000004b5f4      0x19c zephyr/arch/arch/arm/core/mpu/libarch__arm__core__mpu.a(arm_mpu.c.obj)
 .text.arm_core_mpu_configure_static_mpu_regions
                0x000000000004b790       0x24 zephyr/arch/arch/arm/core/mpu/libarch__arm__core__mpu.a(arm_mpu.c.obj)
                0x000000000004b790                arm_core_mpu_configure_static_mpu_regions
 .text.arm_core_mpu_mark_areas_for_dynamic_regions
                0x000000000004b7b4       0xc4 zephyr/arch/arch/arm/core/mpu/libarch__arm__core__mpu.a(arm_mpu.c.obj)
                0x000000000004b7b4                arm_core_mpu_mark_areas_for_dynamic_regions
 .text.z_arm_mpu_init
                0x000000000004b878      0x1e0 zephyr/arch/arch/arm/core/mpu/libarch__arm__core__mpu.a(arm_mpu.c.obj)
                0x000000000004b878                z_arm_mpu_init
 .text.cbputc   0x000000000004ba58        0xc zephyr/lib/libc/picolibc/liblib__libc__picolibc.a(cbprintf.c.obj)
 .text.cbvprintf
                0x000000000004ba64       0x34 zephyr/lib/libc/picolibc/liblib__libc__picolibc.a(cbprintf.c.obj)
                0x000000000004ba64                cbvprintf
 .text.picolibc_put
                0x000000000004ba98       0x10 zephyr/lib/libc/picolibc/liblib__libc__picolibc.a(stdio.c.obj)
 .text.__stdout_hook_install
                0x000000000004baa8       0x18 zephyr/lib/libc/picolibc/liblib__libc__picolibc.a(stdio.c.obj)
                0x000000000004baa8                __stdout_hook_install
 .text.malloc_prepare
                0x000000000004bac0       0x24 zephyr/lib/libc/common/liblib__libc__common.a(malloc.c.obj)
 .text.fnmatchx
                0x000000000004bae4      0x63c zephyr/lib/posix/c_lib_ext/liblib__posix__c_lib_ext.a(fnmatch.c.obj)
 .text.fnmatch  0x000000000004c120       0x14 zephyr/lib/posix/c_lib_ext/liblib__posix__c_lib_ext.a(fnmatch.c.obj)
                0x000000000004c120                fnmatch
 .text.z_getopt_global_state_update_shim
                0x000000000004c134       0x34 zephyr/lib/posix/c_lib_ext/liblib__posix__c_lib_ext.a(getopt_shim.c.obj)
                0x000000000004c134                z_getopt_global_state_update_shim
 .text.fixed_data_alloc
                0x000000000004c168       0x3c zephyr/lib/net_buf/liblib__net_buf.a(buf.c.obj)
 .text.fixed_data_unref
                0x000000000004c1a4        0x4 zephyr/lib/net_buf/liblib__net_buf.a(buf.c.obj)
 .text.net_buf_alloc_len
                0x000000000004c1a8      0x188 zephyr/lib/net_buf/liblib__net_buf.a(buf.c.obj)
                0x000000000004c1a8                net_buf_alloc_len
 .text.net_buf_alloc_fixed
                0x000000000004c330        0x8 zephyr/lib/net_buf/liblib__net_buf.a(buf.c.obj)
                0x000000000004c330                net_buf_alloc_fixed
 .text.net_buf_unref
                0x000000000004c338       0x8c zephyr/lib/net_buf/liblib__net_buf.a(buf.c.obj)
                0x000000000004c338                net_buf_unref
 .text.net_buf_frag_last
                0x000000000004c3c4       0x20 zephyr/lib/net_buf/liblib__net_buf.a(buf.c.obj)
                0x000000000004c3c4                net_buf_frag_last
 .text.net_buf_frag_insert
                0x000000000004c3e4       0x34 zephyr/lib/net_buf/liblib__net_buf.a(buf.c.obj)
                0x000000000004c3e4                net_buf_frag_insert
 .text.net_buf_frag_add
                0x000000000004c418       0x2c zephyr/lib/net_buf/liblib__net_buf.a(buf.c.obj)
                0x000000000004c418                net_buf_frag_add
 .text.net_buf_linearize
                0x000000000004c444       0x64 zephyr/lib/net_buf/liblib__net_buf.a(buf.c.obj)
                0x000000000004c444                net_buf_linearize
 .text.net_buf_simple_remove_mem.part.0
                0x000000000004c4a8       0x10 zephyr/lib/net_buf/liblib__net_buf.a(buf_simple.c.obj)
 .text.net_buf_simple_reserve
                0x000000000004c4b8       0x24 zephyr/lib/net_buf/liblib__net_buf.a(buf_simple.c.obj)
                0x000000000004c4b8                net_buf_simple_reserve
 .text.net_buf_simple_add
                0x000000000004c4dc       0x34 zephyr/lib/net_buf/liblib__net_buf.a(buf_simple.c.obj)
                0x000000000004c4dc                net_buf_simple_add
 .text.net_buf_simple_add_mem
                0x000000000004c510       0x3c zephyr/lib/net_buf/liblib__net_buf.a(buf_simple.c.obj)
                0x000000000004c510                net_buf_simple_add_mem
 .text.net_buf_simple_remove_mem
                0x000000000004c54c       0x18 zephyr/lib/net_buf/liblib__net_buf.a(buf_simple.c.obj)
                0x000000000004c54c                net_buf_simple_remove_mem
 .text.net_buf_simple_pull
                0x000000000004c564       0x24 zephyr/lib/net_buf/liblib__net_buf.a(buf_simple.c.obj)
                0x000000000004c564                net_buf_simple_pull
 .text.net_buf_simple_tailroom
                0x000000000004c588       0x14 zephyr/lib/net_buf/liblib__net_buf.a(buf_simple.c.obj)
                0x000000000004c588                net_buf_simple_tailroom
 .text.net_buf_simple_max_len
                0x000000000004c59c       0x10 zephyr/lib/net_buf/liblib__net_buf.a(buf_simple.c.obj)
                0x000000000004c59c                net_buf_simple_max_len
 .text.zvfs_fdtable_call_ioctl
                0x000000000004c5ac       0x20 zephyr/lib/os/zvfs/liblib__os__zvfs.a(zvfs_fdtable.c.obj)
 .text.zvfs_get_fd_obj_and_vtable
                0x000000000004c5cc       0x5c zephyr/lib/os/zvfs/liblib__os__zvfs.a(zvfs_fdtable.c.obj)
                0x000000000004c5cc                zvfs_get_fd_obj_and_vtable
 .text.zvfs_reserve_fd
                0x000000000004c628       0x90 zephyr/lib/os/zvfs/liblib__os__zvfs.a(zvfs_fdtable.c.obj)
                0x000000000004c628                zvfs_reserve_fd
 .text.zvfs_finalize_typed_fd
                0x000000000004c6b8       0x4c zephyr/lib/os/zvfs/liblib__os__zvfs.a(zvfs_fdtable.c.obj)
                0x000000000004c6b8                zvfs_finalize_typed_fd
 .text.zvfs_free_fd
                0x000000000004c704       0x48 zephyr/lib/os/zvfs/liblib__os__zvfs.a(zvfs_fdtable.c.obj)
                0x000000000004c704                zvfs_free_fd
 .text.zvfs_close
                0x000000000004c74c       0xa8 zephyr/lib/os/zvfs/liblib__os__zvfs.a(zvfs_fdtable.c.obj)
                0x000000000004c74c                zvfs_close
 .text.zvfs_fdtable_call_ioctl
                0x000000000004c7f4       0x20 zephyr/lib/os/zvfs/liblib__os__zvfs.a(zvfs_poll.c.obj)
 .text.zvfs_poll_internal
                0x000000000004c814      0x264 zephyr/lib/os/zvfs/liblib__os__zvfs.a(zvfs_poll.c.obj)
                0x000000000004c814                zvfs_poll_internal
 .text.z_impl_zvfs_poll
                0x000000000004ca78       0x44 zephyr/lib/os/zvfs/liblib__os__zvfs.a(zvfs_poll.c.obj)
                0x000000000004ca78                z_impl_zvfs_poll
 .text.nordicsemi_nrf91_init
                0x000000000004cabc       0x10 zephyr/soc/soc/nrf9151/libsoc__nordic.a(soc.c.obj)
 .text.arch_busy_wait
                0x000000000004cacc       0x28 zephyr/soc/soc/nrf9151/libsoc__nordic.a(soc.c.obj)
                0x000000000004cacc                arch_busy_wait
 .text.gppi_init
                0x000000000004caf4       0x1c zephyr/soc/soc/nrf9151/libsoc__nordic.a(gppi_init.c.obj)
 .text.rand_get
                0x000000000004cb10       0x6c zephyr/subsys/random/libsubsys__random.a(random_entropy_device.c.obj)
 .text.z_impl_sys_rand_get
                0x000000000004cb7c        0x8 zephyr/subsys/random/libsubsys__random.a(random_entropy_device.c.obj)
                0x000000000004cb7c                z_impl_sys_rand_get
 .text.z_impl_sys_csrand_get
                0x000000000004cb84       0x14 zephyr/subsys/random/libsubsys__random.a(random_entropy_device.c.obj)
                0x000000000004cb84                z_impl_sys_csrand_get
 .text.zsock_getaddrinfo
                0x000000000004cb98      0x108 zephyr/subsys/net/libsubsys__net.a(getaddrinfo.c.obj)
                0x000000000004cb98                zsock_getaddrinfo
 .text.zsock_freeaddrinfo
                0x000000000004cca0       0x20 zephyr/subsys/net/libsubsys__net.a(getaddrinfo.c.obj)
                0x000000000004cca0                zsock_freeaddrinfo
 .text.zvfs_fdtable_call_ioctl
                0x000000000004ccc0       0x20 zephyr/subsys/net/libsubsys__net.a(sockets.c.obj)
 .text.z_impl_zsock_socket
                0x000000000004cce0       0x90 zephyr/subsys/net/libsubsys__net.a(sockets.c.obj)
                0x000000000004cce0                z_impl_zsock_socket
 .text.z_impl_zsock_close
                0x000000000004cd70        0x4 zephyr/subsys/net/libsubsys__net.a(sockets.c.obj)
                0x000000000004cd70                z_impl_zsock_close
 .text.z_impl_zsock_shutdown
                0x000000000004cd74       0x58 zephyr/subsys/net/libsubsys__net.a(sockets.c.obj)
                0x000000000004cd74                z_impl_zsock_shutdown
 .text.z_impl_zsock_bind
                0x000000000004cdcc       0x5c zephyr/subsys/net/libsubsys__net.a(sockets.c.obj)
                0x000000000004cdcc                z_impl_zsock_bind
 .text.z_impl_zsock_connect
                0x000000000004ce28       0x5c zephyr/subsys/net/libsubsys__net.a(sockets.c.obj)
                0x000000000004ce28                z_impl_zsock_connect
 .text.z_impl_zsock_listen
                0x000000000004ce84       0x58 zephyr/subsys/net/libsubsys__net.a(sockets.c.obj)
                0x000000000004ce84                z_impl_zsock_listen
 .text.z_impl_zsock_accept
                0x000000000004cedc       0x5c zephyr/subsys/net/libsubsys__net.a(sockets.c.obj)
                0x000000000004cedc                z_impl_zsock_accept
 .text.z_impl_zsock_sendto
                0x000000000004cf38       0x68 zephyr/subsys/net/libsubsys__net.a(sockets.c.obj)
                0x000000000004cf38                z_impl_zsock_sendto
 .text.z_impl_zsock_recvfrom
                0x000000000004cfa0       0x68 zephyr/subsys/net/libsubsys__net.a(sockets.c.obj)
                0x000000000004cfa0                z_impl_zsock_recvfrom
 .text.z_impl_zsock_fcntl_impl
                0x000000000004d008       0x50 zephyr/subsys/net/libsubsys__net.a(sockets.c.obj)
                0x000000000004d008                z_impl_zsock_fcntl_impl
 .text.z_impl_zsock_getsockopt
                0x000000000004d058       0x64 zephyr/subsys/net/libsubsys__net.a(sockets.c.obj)
                0x000000000004d058                z_impl_zsock_getsockopt
 .text.z_impl_zsock_setsockopt
                0x000000000004d0bc       0x64 zephyr/subsys/net/libsubsys__net.a(sockets.c.obj)
                0x000000000004d0bc                z_impl_zsock_setsockopt
 .text.z_impl_zsock_getpeername
                0x000000000004d120       0x5c zephyr/subsys/net/libsubsys__net.a(sockets.c.obj)
                0x000000000004d120                z_impl_zsock_getpeername
 .text.z_impl_zsock_getsockname
                0x000000000004d17c       0x5c zephyr/subsys/net/libsubsys__net.a(sockets.c.obj)
                0x000000000004d17c                z_impl_zsock_getsockname
 .text.inet_is_supported
                0x000000000004d1d8        0xc zephyr/subsys/net/libsubsys__net.a(sockets_inet.c.obj)
 .text.zsock_recv_stream_immediate
                0x000000000004d1e4      0x12c zephyr/subsys/net/libsubsys__net.a(sockets_inet.c.obj)
 .text.zsock_received_cb
                0x000000000004d310       0x9c zephyr/subsys/net/libsubsys__net.a(sockets_inet.c.obj)
 .text.ipv4_multicast_group
                0x000000000004d3ac       0x7c zephyr/subsys/net/libsubsys__net.a(sockets_inet.c.obj)
 .text.zsock_socket_internal
                0x000000000004d428       0x98 zephyr/subsys/net/libsubsys__net.a(sockets_inet.c.obj)
 .text.net_context_get_type.part.0
                0x000000000004d4c0       0x10 zephyr/subsys/net/libsubsys__net.a(sockets_inet.c.obj)
 .text.net_context_get_state.part.0
                0x000000000004d4d0       0x10 zephyr/subsys/net/libsubsys__net.a(sockets_inet.c.obj)
 .text.zsock_flush_queue
                0x000000000004d4e0       0x4c zephyr/subsys/net/libsubsys__net.a(sockets_inet.c.obj)
 .text.net_context_get_family.part.0
                0x000000000004d52c       0x10 zephyr/subsys/net/libsubsys__net.a(sockets_inet.c.obj)
 .text.zsock_connected_cb
                0x000000000004d53c       0x28 zephyr/subsys/net/libsubsys__net.a(sockets_inet.c.obj)
 .text.zsock_accepted_cb
                0x000000000004d564       0x74 zephyr/subsys/net/libsubsys__net.a(sockets_inet.c.obj)
 .text.sock_ioctl_vmeth
                0x000000000004d5d8      0x20c zephyr/subsys/net/libsubsys__net.a(sockets_inet.c.obj)
 .text.send_check_and_wait
                0x000000000004d7e4      0x174 zephyr/subsys/net/libsubsys__net.a(sockets_inet.c.obj)
 .text.sock_getsockname_vmeth
                0x000000000004d958       0x68 zephyr/subsys/net/libsubsys__net.a(sockets_inet.c.obj)
 .text.sock_bind_vmeth
                0x000000000004d9c0       0x54 zephyr/subsys/net/libsubsys__net.a(sockets_inet.c.obj)
 .text.zsock_close_ctx
                0x000000000004da14       0x64 zephyr/subsys/net/libsubsys__net.a(sockets_inet.c.obj)
                0x000000000004da14                zsock_close_ctx
 .text.sock_close2_vmeth
                0x000000000004da78        0x4 zephyr/subsys/net/libsubsys__net.a(sockets_inet.c.obj)
 .text.zsock_shutdown_ctx
                0x000000000004da7c       0x70 zephyr/subsys/net/libsubsys__net.a(sockets_inet.c.obj)
                0x000000000004da7c                zsock_shutdown_ctx
 .text.sock_shutdown_vmeth
                0x000000000004daec        0x4 zephyr/subsys/net/libsubsys__net.a(sockets_inet.c.obj)
 .text.zsock_connect_ctx
                0x000000000004daf0       0xfc zephyr/subsys/net/libsubsys__net.a(sockets_inet.c.obj)
                0x000000000004daf0                zsock_connect_ctx
 .text.sock_connect_vmeth
                0x000000000004dbec        0x4 zephyr/subsys/net/libsubsys__net.a(sockets_inet.c.obj)
 .text.zsock_listen_ctx
                0x000000000004dbf0       0x58 zephyr/subsys/net/libsubsys__net.a(sockets_inet.c.obj)
                0x000000000004dbf0                zsock_listen_ctx
 .text.sock_listen_vmeth
                0x000000000004dc48        0x4 zephyr/subsys/net/libsubsys__net.a(sockets_inet.c.obj)
 .text.zsock_sendto_ctx
                0x000000000004dc4c      0x12c zephyr/subsys/net/libsubsys__net.a(sockets_inet.c.obj)
                0x000000000004dc4c                zsock_sendto_ctx
 .text.sock_sendto_vmeth
                0x000000000004dd78        0x4 zephyr/subsys/net/libsubsys__net.a(sockets_inet.c.obj)
 .text.sock_write_vmeth
                0x000000000004dd7c       0x14 zephyr/subsys/net/libsubsys__net.a(sockets_inet.c.obj)
 .text.zsock_sendmsg_ctx
                0x000000000004dd90       0xc4 zephyr/subsys/net/libsubsys__net.a(sockets_inet.c.obj)
                0x000000000004dd90                zsock_sendmsg_ctx
 .text.sock_sendmsg_vmeth
                0x000000000004de54        0x4 zephyr/subsys/net/libsubsys__net.a(sockets_inet.c.obj)
 .text.zsock_wait_data
                0x000000000004de58       0x38 zephyr/subsys/net/libsubsys__net.a(sockets_inet.c.obj)
                0x000000000004de58                zsock_wait_data
 .text.zsock_accept_ctx
                0x000000000004de90      0x160 zephyr/subsys/net/libsubsys__net.a(sockets_inet.c.obj)
                0x000000000004de90                zsock_accept_ctx
 .text.sock_accept_vmeth
                0x000000000004dff0        0x4 zephyr/subsys/net/libsubsys__net.a(sockets_inet.c.obj)
 .text.zsock_recv_dgram
                0x000000000004dff4      0x2f0 zephyr/subsys/net/libsubsys__net.a(sockets_inet.c.obj)
 .text.zsock_recv_stream
                0x000000000004e2e4      0x1bc zephyr/subsys/net/libsubsys__net.a(sockets_inet.c.obj)
 .text.sock_recvfrom_vmeth
                0x000000000004e4a0       0x5c zephyr/subsys/net/libsubsys__net.a(sockets_inet.c.obj)
 .text.sock_read_vmeth
                0x000000000004e4fc       0x58 zephyr/subsys/net/libsubsys__net.a(sockets_inet.c.obj)
 .text.zsock_recvmsg_ctx
                0x000000000004e554       0x90 zephyr/subsys/net/libsubsys__net.a(sockets_inet.c.obj)
                0x000000000004e554                zsock_recvmsg_ctx
 .text.sock_recvmsg_vmeth
                0x000000000004e5e4        0x4 zephyr/subsys/net/libsubsys__net.a(sockets_inet.c.obj)
 .text.zsock_getsockopt_ctx
                0x000000000004e5e8      0x290 zephyr/subsys/net/libsubsys__net.a(sockets_inet.c.obj)
                0x000000000004e5e8                zsock_getsockopt_ctx
 .text.sock_getsockopt_vmeth
                0x000000000004e878        0x4 zephyr/subsys/net/libsubsys__net.a(sockets_inet.c.obj)
 .text.zsock_setsockopt_ctx
                0x000000000004e87c      0x300 zephyr/subsys/net/libsubsys__net.a(sockets_inet.c.obj)
                0x000000000004e87c                zsock_setsockopt_ctx
 .text.sock_setsockopt_vmeth
                0x000000000004eb7c        0x4 zephyr/subsys/net/libsubsys__net.a(sockets_inet.c.obj)
 .text.zsock_getpeername_ctx
                0x000000000004eb80       0x80 zephyr/subsys/net/libsubsys__net.a(sockets_inet.c.obj)
                0x000000000004eb80                zsock_getpeername_ctx
 .text.sock_getpeername_vmeth
                0x000000000004ec00        0x4 zephyr/subsys/net/libsubsys__net.a(sockets_inet.c.obj)
 .text.socket_offload_dns_is_enabled
                0x000000000004ec04       0x14 zephyr/subsys/net/libsubsys__net.a(socket_offload.c.obj)
                0x000000000004ec04                socket_offload_dns_is_enabled
 .text.socket_offload_getaddrinfo
                0x000000000004ec18       0x2c zephyr/subsys/net/libsubsys__net.a(socket_offload.c.obj)
                0x000000000004ec18                socket_offload_getaddrinfo
 .text.socket_offload_freeaddrinfo
                0x000000000004ec44       0x2c zephyr/subsys/net/libsubsys__net.a(socket_offload.c.obj)
                0x000000000004ec44                socket_offload_freeaddrinfo
 .text.get_iface_idx
                0x000000000004ec70       0x7c zephyr/subsys/net/libsubsys__net.a(net_shell.c.obj)
                0x000000000004ec70                get_iface_idx
 .text.addrtype2str
                0x000000000004ecec       0x18 zephyr/subsys/net/libsubsys__net.a(net_shell.c.obj)
                0x000000000004ecec                addrtype2str
 .text.addrstate2str
                0x000000000004ed04       0x1c zephyr/subsys/net/libsubsys__net.a(net_shell.c.obj)
                0x000000000004ed04                addrstate2str
 .text.get_addresses
                0x000000000004ed20       0xb8 zephyr/subsys/net/libsubsys__net.a(net_shell.c.obj)
                0x000000000004ed20                get_addresses
 .text.iface2str
                0x000000000004edd8       0x50 zephyr/subsys/net/libsubsys__net.a(net_shell.c.obj)
                0x000000000004edd8                iface2str
 .text.net_shell_init
                0x000000000004ee28        0x4 zephyr/subsys/net/libsubsys__net.a(net_shell.c.obj)
                0x000000000004ee28                net_shell_init
 .text.cmd_net_allocs
                0x000000000004ee2c       0x2c zephyr/subsys/net/libsubsys__net.a(allocs.c.obj)
 .text.arp_cb   0x000000000004ee58       0xb8 zephyr/subsys/net/libsubsys__net.a(arp.c.obj)
 .text.cmd_net_arp_flush
                0x000000000004ef10       0x28 zephyr/subsys/net/libsubsys__net.a(arp.c.obj)
 .text.cmd_net_arp
                0x000000000004ef38       0x40 zephyr/subsys/net/libsubsys__net.a(arp.c.obj)
 .text.cmd_net_capture
                0x000000000004ef78       0x2c zephyr/subsys/net/libsubsys__net.a(capture.c.obj)
 .text.cmd_net_capture_disable
                0x000000000004efa4       0x2c zephyr/subsys/net/libsubsys__net.a(capture.c.obj)
 .text.cmd_net_capture_setup
                0x000000000004efd0       0x2c zephyr/subsys/net/libsubsys__net.a(capture.c.obj)
 .text.cmd_net_capture_cleanup
                0x000000000004effc       0x2c zephyr/subsys/net/libsubsys__net.a(capture.c.obj)
 .text.cmd_net_capture_enable
                0x000000000004f028       0x2c zephyr/subsys/net/libsubsys__net.a(capture.c.obj)
 .text.cmd_net_conn
                0x000000000004f054      0x11c zephyr/subsys/net/libsubsys__net.a(conn.c.obj)
 .text.tcp_cb   0x000000000004f170       0xa8 zephyr/subsys/net/libsubsys__net.a(conn.c.obj)
 .text.conn_handler_cb
                0x000000000004f218      0x110 zephyr/subsys/net/libsubsys__net.a(conn.c.obj)
 .text.context_cb
                0x000000000004f328      0x164 zephyr/subsys/net/libsubsys__net.a(conn.c.obj)
 .text.cmd_net_dhcpv4_client_start
                0x000000000004f48c       0x2c zephyr/subsys/net/libsubsys__net.a(dhcpv4.c.obj)
 .text.cmd_net_dhcpv4_server_start
                0x000000000004f4b8       0x2c zephyr/subsys/net/libsubsys__net.a(dhcpv4.c.obj)
 .text.cmd_net_dhcpv4_client_stop
                0x000000000004f4e4       0x2c zephyr/subsys/net/libsubsys__net.a(dhcpv4.c.obj)
 .text.cmd_net_dhcpv4_server_stop
                0x000000000004f510       0x2c zephyr/subsys/net/libsubsys__net.a(dhcpv4.c.obj)
 .text.cmd_net_dhcpv4_server_status
                0x000000000004f53c       0x2c zephyr/subsys/net/libsubsys__net.a(dhcpv4.c.obj)
 .text.cmd_net_dhcpv6_client_start
                0x000000000004f568       0x2c zephyr/subsys/net/libsubsys__net.a(dhcpv6.c.obj)
 .text.cmd_net_dhcpv6_client_stop
                0x000000000004f594       0x2c zephyr/subsys/net/libsubsys__net.a(dhcpv6.c.obj)
 .text.cmd_net_dns_list
                0x000000000004f5c0       0x1c zephyr/subsys/net/libsubsys__net.a(dns.c.obj)
 .text.cmd_net_dns_query
                0x000000000004f5dc       0x1c zephyr/subsys/net/libsubsys__net.a(dns.c.obj)
 .text.cmd_net_dns_cancel
                0x000000000004f5f8       0x2c zephyr/subsys/net/libsubsys__net.a(dns.c.obj)
 .text.cmd_net_dns
                0x000000000004f624       0x1c zephyr/subsys/net/libsubsys__net.a(dns.c.obj)
 .text.cmd_net_dns_service
                0x000000000004f640       0x1c zephyr/subsys/net/libsubsys__net.a(dns.c.obj)
 .text.cmd_net_events_on
                0x000000000004f65c       0x1c zephyr/subsys/net/libsubsys__net.a(events.c.obj)
 .text.cmd_net_events
                0x000000000004f678       0x1c zephyr/subsys/net/libsubsys__net.a(events.c.obj)
 .text.cmd_net_events_off
                0x000000000004f694       0x1c zephyr/subsys/net/libsubsys__net.a(events.c.obj)
 .text.cmd_net_gptp_port
                0x000000000004f6b0       0x2c zephyr/subsys/net/libsubsys__net.a(gptp.c.obj)
 .text.cmd_net_gptp
                0x000000000004f6dc       0x2c zephyr/subsys/net/libsubsys__net.a(gptp.c.obj)
 .text.cmd_net_http
                0x000000000004f708       0x2c zephyr/subsys/net/libsubsys__net.a(http.c.obj)
 .text.iface_index_get
                0x000000000004f734       0xbc zephyr/subsys/net/libsubsys__net.a(iface.c.obj)
 .text.cmd_net_set_mac
                0x000000000004f7f0       0x20 zephyr/subsys/net/libsubsys__net.a(iface.c.obj)
 .text.cmd_net_iface
                0x000000000004f810       0x7c zephyr/subsys/net/libsubsys__net.a(iface.c.obj)
 .text.cmd_net_link_speed
                0x000000000004f88c      0x24c zephyr/subsys/net/libsubsys__net.a(iface.c.obj)
 .text.cmd_net_default_iface
                0x000000000004fad8       0x98 zephyr/subsys/net/libsubsys__net.a(iface.c.obj)
 .text.cmd_net_iface_down
                0x000000000004fb70       0x7c zephyr/subsys/net/libsubsys__net.a(iface.c.obj)
 .text.iface_flags2str
                0x000000000004fbec      0x16c zephyr/subsys/net/libsubsys__net.a(iface.c.obj)
 .text.cmd_net_iface_up
                0x000000000004fd58       0xb8 zephyr/subsys/net/libsubsys__net.a(iface.c.obj)
 .text.iface_cb
                0x000000000004fe10      0x734 zephyr/subsys/net/libsubsys__net.a(iface.c.obj)
 .text.parse_ifi_target
                0x0000000000050544       0x98 zephyr/subsys/net/libsubsys__net.a(cm.c.obj)
 .text.cm_get_iface_info.constprop.0
                0x00000000000505dc       0x50 zephyr/subsys/net/libsubsys__net.a(cm.c.obj)
 .text.cm_iface_ignore
                0x000000000005062c       0x34 zephyr/subsys/net/libsubsys__net.a(cm.c.obj)
 .text.cm_iface_watch
                0x0000000000050660       0x34 zephyr/subsys/net/libsubsys__net.a(cm.c.obj)
 .text.parse_getset.constprop.0
                0x0000000000050694       0x5c zephyr/subsys/net/libsubsys__net.a(cm.c.obj)
 .text.parse_target.constprop.0
                0x00000000000506f0      0x154 zephyr/subsys/net/libsubsys__net.a(cm.c.obj)
 .text.cmd_net_cm_up
                0x0000000000050844       0xe8 zephyr/subsys/net/libsubsys__net.a(cm.c.obj)
 .text.cm_iface_status
                0x000000000005092c      0x154 zephyr/subsys/net/libsubsys__net.a(cm.c.obj)
 .text.cmd_net_cm_status
                0x0000000000050a80       0x88 zephyr/subsys/net/libsubsys__net.a(cm.c.obj)
 .text.cmd_net_cm_ignore
                0x0000000000050b08       0xec zephyr/subsys/net/libsubsys__net.a(cm.c.obj)
 .text.cmd_net_cm_watch
                0x0000000000050bf4       0xec zephyr/subsys/net/libsubsys__net.a(cm.c.obj)
 .text.cmd_net_cm_down
                0x0000000000050ce0       0xf8 zephyr/subsys/net/libsubsys__net.a(cm.c.obj)
 .text.cmd_net_cm_connect
                0x0000000000050dd8      0x10c zephyr/subsys/net/libsubsys__net.a(cm.c.obj)
 .text.cmd_net_cm_disconnect
                0x0000000000050ee4      0x10c zephyr/subsys/net/libsubsys__net.a(cm.c.obj)
 .text.cmd_net_cm_timeout
                0x0000000000050ff0      0x22c zephyr/subsys/net/libsubsys__net.a(cm.c.obj)
 .text.cmd_net_cm_flag
                0x000000000005121c      0x394 zephyr/subsys/net/libsubsys__net.a(cm.c.obj)
 .text.cmd_net_ipv4
                0x00000000000515b0       0xc4 zephyr/subsys/net/libsubsys__net.a(ipv4.c.obj)
 .text.ip_address_lifetime_cb
                0x0000000000051674      0x140 zephyr/subsys/net/libsubsys__net.a(ipv4.c.obj)
 .text.cmd_net_ip_gateway
                0x00000000000517b4       0x90 zephyr/subsys/net/libsubsys__net.a(ipv4.c.obj)
 .text.cmd_net_ip_add
                0x0000000000051844      0x19c zephyr/subsys/net/libsubsys__net.a(ipv4.c.obj)
 .text.cmd_net_ip_del
                0x00000000000519e0      0x11c zephyr/subsys/net/libsubsys__net.a(ipv4.c.obj)
 .text.cmd_net_ipv6
                0x0000000000051afc       0x28 zephyr/subsys/net/libsubsys__net.a(ipv6.c.obj)
 .text.cmd_net_ip6_pe
                0x0000000000051b24       0x3c zephyr/subsys/net/libsubsys__net.a(ipv6.c.obj)
 .text.cmd_net_ip6_add
                0x0000000000051b60       0x2c zephyr/subsys/net/libsubsys__net.a(ipv6.c.obj)
 .text.cmd_net_ip6_del
                0x0000000000051b8c       0x2c zephyr/subsys/net/libsubsys__net.a(ipv6.c.obj)
 .text.cmd_net_mem
                0x0000000000051bb8       0xe8 zephyr/subsys/net/libsubsys__net.a(mem.c.obj)
 .text.cmd_net_nbr_rm
                0x0000000000051ca0       0x1c zephyr/subsys/net/libsubsys__net.a(nbr.c.obj)
 .text.cmd_net_nbr
                0x0000000000051cbc       0x1c zephyr/subsys/net/libsubsys__net.a(nbr.c.obj)
 .text.handle_ipv4_echo_reply
                0x0000000000051cd8      0x164 zephyr/subsys/net/libsubsys__net.a(ping.c.obj)
 .text.parse_arg
                0x0000000000051e3c       0x50 zephyr/subsys/net/libsubsys__net.a(ping.c.obj)
 .text.cmd_net_ping
                0x0000000000051e8c      0x278 zephyr/subsys/net/libsubsys__net.a(ping.c.obj)
 .text.ping_bypass
                0x0000000000052104       0x3c zephyr/subsys/net/libsubsys__net.a(ping.c.obj)
 .text.ping_work
                0x0000000000052140      0x104 zephyr/subsys/net/libsubsys__net.a(ping.c.obj)
 .text.cmd_net_pkt
                0x0000000000052244      0x250 zephyr/subsys/net/libsubsys__net.a(pkt.c.obj)
 .text.cmd_net_filter
                0x0000000000052494       0x2c zephyr/subsys/net/libsubsys__net.a(filter.c.obj)
 .text.cmd_net_pmtu
                0x00000000000524c0       0x2c zephyr/subsys/net/libsubsys__net.a(pmtu.c.obj)
 .text.cmd_net_pmtu_flush
                0x00000000000524ec       0x2c zephyr/subsys/net/libsubsys__net.a(pmtu.c.obj)
 .text.cmd_net_ppp_status
                0x0000000000052518       0x2c zephyr/subsys/net/libsubsys__net.a(ppp.c.obj)
 .text.cmd_net_ppp_ping
                0x0000000000052544       0x2c zephyr/subsys/net/libsubsys__net.a(ppp.c.obj)
 .text.cmd_net_resume
                0x0000000000052570       0x1c zephyr/subsys/net/libsubsys__net.a(resume.c.obj)
 .text.cmd_net_route
                0x000000000005258c       0x2c zephyr/subsys/net/libsubsys__net.a(route.c.obj)
 .text.cmd_net_ip6_route_del
                0x00000000000525b8       0x3c zephyr/subsys/net/libsubsys__net.a(route.c.obj)
 .text.cmd_net_ip6_route_add
                0x00000000000525f4       0x3c zephyr/subsys/net/libsubsys__net.a(route.c.obj)
 .text.cmd_net_sockets
                0x0000000000052630       0x40 zephyr/subsys/net/libsubsys__net.a(sockets.c.obj)
 .text.parse_stats_options
                0x0000000000052670       0xd0 zephyr/subsys/net/libsubsys__net.a(stats.c.obj)
 .text.cmd_net_stats_all
                0x0000000000052740       0x2c zephyr/subsys/net/libsubsys__net.a(stats.c.obj)
                0x0000000000052740                cmd_net_stats_all
 .text.net_shell_print_statistics
                0x000000000005276c      0x4ac zephyr/subsys/net/libsubsys__net.a(stats.c.obj)
 .text.cmd_net_stats_iface
                0x0000000000052c18       0xa0 zephyr/subsys/net/libsubsys__net.a(stats.c.obj)
                0x0000000000052c18                cmd_net_stats_iface
 .text.iface_index_get
                0x0000000000052cb8       0xbc zephyr/subsys/net/libsubsys__net.a(stats.c.obj)
 .text.cmd_net_stats
                0x0000000000052d74       0x54 zephyr/subsys/net/libsubsys__net.a(stats.c.obj)
 .text.cmd_net_suspend
                0x0000000000052dc8       0x1c zephyr/subsys/net/libsubsys__net.a(suspend.c.obj)
 .text.cmd_net_tcp
                0x0000000000052de4        0x4 zephyr/subsys/net/libsubsys__net.a(tcp.c.obj)
 .text.cmd_net_tcp_close
                0x0000000000052de8       0x74 zephyr/subsys/net/libsubsys__net.a(tcp.c.obj)
 .text.cmd_net_tcp_recv
                0x0000000000052e5c       0x70 zephyr/subsys/net/libsubsys__net.a(tcp.c.obj)
 .text.tcp_recv_cb
                0x0000000000052ecc       0xc4 zephyr/subsys/net/libsubsys__net.a(tcp.c.obj)
 .text.cmd_net_tcp_send
                0x0000000000052f90       0x9c zephyr/subsys/net/libsubsys__net.a(tcp.c.obj)
 .text.tcp_sent_cb
                0x000000000005302c       0x1c zephyr/subsys/net/libsubsys__net.a(tcp.c.obj)
 .text.tcp_connected
                0x0000000000053048       0x30 zephyr/subsys/net/libsubsys__net.a(tcp.c.obj)
 .text.cmd_net_tcp_connect
                0x0000000000053078      0x21c zephyr/subsys/net/libsubsys__net.a(tcp.c.obj)
 .text.cmd_net_udp
                0x0000000000053294        0x4 zephyr/subsys/net/libsubsys__net.a(udp.c.obj)
 .text.udp_sent
                0x0000000000053298       0x34 zephyr/subsys/net/libsubsys__net.a(udp.c.obj)
 .text.udp_rcvd
                0x00000000000532cc       0xa4 zephyr/subsys/net/libsubsys__net.a(udp.c.obj)
 .text.cmd_net_udp_close
                0x0000000000053370       0x5c zephyr/subsys/net/libsubsys__net.a(udp.c.obj)
 .text.cmd_net_udp_bind
                0x00000000000533cc      0x1c8 zephyr/subsys/net/libsubsys__net.a(udp.c.obj)
 .text.cmd_net_udp_send
                0x0000000000053594      0x208 zephyr/subsys/net/libsubsys__net.a(udp.c.obj)
 .text.cmd_virtual_show
                0x000000000005379c       0x2c zephyr/subsys/net/libsubsys__net.a(virtual.c.obj)
 .text.cmd_virtual_detach
                0x00000000000537c8       0x2c zephyr/subsys/net/libsubsys__net.a(virtual.c.obj)
 .text.cmd_virtual_attach
                0x00000000000537f4       0x2c zephyr/subsys/net/libsubsys__net.a(virtual.c.obj)
 .text.cmd_net_vlan
                0x0000000000053820       0x2c zephyr/subsys/net/libsubsys__net.a(vlan.c.obj)
 .text.cmd_net_vlan_del
                0x000000000005384c       0x2c zephyr/subsys/net/libsubsys__net.a(vlan.c.obj)
 .text.cmd_net_vlan_add
                0x0000000000053878       0x2c zephyr/subsys/net/libsubsys__net.a(vlan.c.obj)
 .text.cmd_net_websocket
                0x00000000000538a4       0x2c zephyr/subsys/net/libsubsys__net.a(websocket.c.obj)
 .text.cmd_net_qbv
                0x00000000000538d0       0x34 zephyr/subsys/net/libsubsys__net.a(qbv_shell.c.obj)
 .text.cmd_qbv_get_info
                0x0000000000053904       0x34 zephyr/subsys/net/libsubsys__net.a(qbv_shell.c.obj)
 .text.cmd_qbv_enable
                0x0000000000053938       0x34 zephyr/subsys/net/libsubsys__net.a(qbv_shell.c.obj)
 .text.cmd_qbv_set_config
                0x000000000005396c       0x34 zephyr/subsys/net/libsubsys__net.a(qbv_shell.c.obj)
 .text.cmd_qbv_set_gc
                0x00000000000539a0       0x34 zephyr/subsys/net/libsubsys__net.a(qbv_shell.c.obj)
 .text.offloaded_netdev_if_enable
                0x00000000000539d4       0x1c zephyr/subsys/net/l2/offloaded_netdev/libsubsys__net__l2__offloaded_netdev.a(offloaded_netdev.c.obj)
 .text.ethernet_mcast_monitor_cb
                0x00000000000539f0       0x84 zephyr/subsys/net/l2/ethernet/libsubsys__net__l2__ethernet.a(ethernet.c.obj)
 .text.ethernet_flags
                0x0000000000053a74       0x14 zephyr/subsys/net/l2/ethernet/libsubsys__net__l2__ethernet.a(ethernet.c.obj)
                0x0000000000053a74                ethernet_flags
 .text.ethernet_enable
                0x0000000000053a88       0x4c zephyr/subsys/net/l2/ethernet/libsubsys__net__l2__ethernet.a(ethernet.c.obj)
 .text.carrier_on_off
                0x0000000000053ad4       0x30 zephyr/subsys/net/l2/ethernet/libsubsys__net__l2__ethernet.a(ethernet.c.obj)
 .text.ethernet_ip_recv
                0x0000000000053b04       0x84 zephyr/subsys/net/l2/ethernet/libsubsys__net__l2__ethernet.a(ethernet.c.obj)
 .text.ethernet_send
                0x0000000000053b88      0x348 zephyr/subsys/net/l2/ethernet/libsubsys__net__l2__ethernet.a(ethernet.c.obj)
 .text.ethernet_recv
                0x0000000000053ed0      0x320 zephyr/subsys/net/l2/ethernet/libsubsys__net__l2__ethernet.a(ethernet.c.obj)
 .text.net_eth_broadcast_addr
                0x00000000000541f0        0x8 zephyr/subsys/net/l2/ethernet/libsubsys__net__l2__ethernet.a(ethernet.c.obj)
                0x00000000000541f0                net_eth_broadcast_addr
 .text.net_eth_carrier_on
                0x00000000000541f8       0x24 zephyr/subsys/net/l2/ethernet/libsubsys__net__l2__ethernet.a(ethernet.c.obj)
                0x00000000000541f8                net_eth_carrier_on
 .text.net_eth_carrier_off
                0x000000000005421c       0x24 zephyr/subsys/net/l2/ethernet/libsubsys__net__l2__ethernet.a(ethernet.c.obj)
                0x000000000005421c                net_eth_carrier_off
 .text.net_eth_get_phy