Archive member included to satisfy reference by file (symbol)

app/libapp.a(shmem.c.obj)     (--whole-archive)
app/libapp.a(main.c.obj)      (--whole-archive)
zephyr/libzephyr.a(validate_libc.c.obj)
                              (--whole-archive)
zephyr/libzephyr.a(heap.c.obj)
                              (--whole-archive)
zephyr/libzephyr.a(cbprintf_packaged.c.obj)
                              (--whole-archive)
zephyr/libzephyr.a(clock.c.obj)
                              (--whole-archive)
zephyr/libzephyr.a(printk.c.obj)
                              (--whole-archive)
zephyr/libzephyr.a(sem.c.obj)
                              (--whole-archive)
zephyr/libzephyr.a(thread_entry.c.obj)
                              (--whole-archive)
zephyr/libzephyr.a(cbprintf_complete.c.obj)
                              (--whole-archive)
zephyr/libzephyr.a(assert.c.obj)
                              (--whole-archive)
zephyr/libzephyr.a(dec.c.obj)
                              (--whole-archive)
zephyr/libzephyr.a(hex.c.obj)
                              (--whole-archive)
zephyr/libzephyr.a(rb.c.obj)  (--whole-archive)
zephyr/libzephyr.a(set.c.obj)
                              (--whole-archive)
zephyr/libzephyr.a(timeutil.c.obj)
                              (--whole-archive)
zephyr/libzephyr.a(bitarray.c.obj)
                              (--whole-archive)
zephyr/libzephyr.a(bitmask.c.obj)
                              (--whole-archive)
zephyr/libzephyr.a(getopt.c.obj)
                              (--whole-archive)
zephyr/libzephyr.a(getopt_common.c.obj)
                              (--whole-archive)
zephyr/libzephyr.a(onoff.c.obj)
                              (--whole-archive)
zephyr/libzephyr.a(notify.c.obj)
                              (--whole-archive)
zephyr/libzephyr.a(ring_buffer.c.obj)
                              (--whole-archive)
zephyr/libzephyr.a(last_section_id.c.obj)
                              (--whole-archive)
zephyr/libzephyr.a(configs.c.obj)
                              (--whole-archive)
zephyr/libzephyr.a(mem_attr.c.obj)
                              (--whole-archive)
zephyr/libzephyr.a(random_psa.c.obj)
                              (--whole-archive)
zephyr/libzephyr.a(tracing_none.c.obj)
                              (--whole-archive)
zephyr/libzephyr.a(banner.c.obj)
                              (--whole-archive)
zephyr/arch/common/libarch__common.a(sw_isr_common.c.obj)
                              (--whole-archive)
zephyr/arch/common/libarch__common.a(init.c.obj)
                              (--whole-archive)
zephyr/arch/common/libarch__common.a(xip.c.obj)
                              (--whole-archive)
zephyr/arch/arch/arm/core/libarch__arm__core.a(fatal.c.obj)
                              (--whole-archive)
zephyr/arch/arch/arm/core/libarch__arm__core.a(nmi.c.obj)
                              (--whole-archive)
zephyr/arch/arch/arm/core/libarch__arm__core.a(nmi_on_reset.S.obj)
                              (--whole-archive)
zephyr/arch/arch/arm/core/libarch__arm__core.a(tls.c.obj)
                              (--whole-archive)
zephyr/arch/arch/arm/core/cortex_m/libarch__arm__core__cortex_m.a(fault.c.obj)
                              (--whole-archive)
zephyr/arch/arch/arm/core/cortex_m/libarch__arm__core__cortex_m.a(fault_s.S.obj)
                              (--whole-archive)
zephyr/arch/arch/arm/core/cortex_m/libarch__arm__core__cortex_m.a(fpu.c.obj)
                              (--whole-archive)
zephyr/arch/arch/arm/core/cortex_m/libarch__arm__core__cortex_m.a(reset.S.obj)
                              (--whole-archive)
zephyr/arch/arch/arm/core/cortex_m/libarch__arm__core__cortex_m.a(scb.c.obj)
                              (--whole-archive)
zephyr/arch/arch/arm/core/cortex_m/libarch__arm__core__cortex_m.a(vector_table.S.obj)
                              (--whole-archive)
zephyr/arch/arch/arm/core/cortex_m/libarch__arm__core__cortex_m.a(svc.S.obj)
                              (--whole-archive)
zephyr/arch/arch/arm/core/cortex_m/libarch__arm__core__cortex_m.a(irq_manage.c.obj)
                              (--whole-archive)
zephyr/arch/arch/arm/core/cortex_m/libarch__arm__core__cortex_m.a(prep_c.c.obj)
                              (--whole-archive)
zephyr/arch/arch/arm/core/cortex_m/libarch__arm__core__cortex_m.a(thread.c.obj)
                              (--whole-archive)
zephyr/arch/arch/arm/core/cortex_m/libarch__arm__core__cortex_m.a(cpu_idle.c.obj)
                              (--whole-archive)
zephyr/arch/arch/arm/core/cortex_m/libarch__arm__core__cortex_m.a(exc_exit.c.obj)
                              (--whole-archive)
zephyr/arch/arch/arm/core/cortex_m/libarch__arm__core__cortex_m.a(thread_abort.c.obj)
                              (--whole-archive)
zephyr/arch/arch/arm/core/cortex_m/libarch__arm__core__cortex_m.a(swap_helper.S.obj)
                              (--whole-archive)
zephyr/arch/arch/arm/core/cortex_m/libarch__arm__core__cortex_m.a(irq_init.c.obj)
[...]
Memory Configuration

Name             Origin             Length             Attributes
FLASH            0x00050000         0x00030000         xr
RAM              0x20020000         0x00020000         xw
IDT_LIST         0xffff7fff         0x00008000         xw
*default*        0x00000000         0xffffffff

Linker script and memory map

                0x00054ee4                        vfprintf = __l_vfprintf
                0x00000000                        vfscanf = __l_vfscanf
LOAD zephyr/CMakeFiles/zephyr_pre0.dir/misc/empty_file.c.obj
LOAD zephyr/CMakeFiles/offsets.dir/./arch/arm/core/offsets/offsets.c.obj
LOAD tfm/api_ns/interface/lib/s_veneers.o
LOAD app/libapp.a
LOAD zephyr/libzephyr.a
LOAD zephyr/arch/common/libarch__common.a
LOAD zephyr/arch/arch/arm/core/libarch__arm__core.a
LOAD zephyr/arch/arch/arm/core/cortex_m/libarch__arm__core__cortex_m.a
LOAD zephyr/arch/arch/arm/core/cortex_m/cmse/libarch__arm__core__cortex_m__cmse.a
LOAD zephyr/arch/arch/arm/core/mpu/libarch__arm__core__mpu.a
LOAD zephyr/lib/libc/picolibc/liblib__libc__picolibc.a
LOAD zephyr/lib/libc/common/liblib__libc__common.a
LOAD zephyr/lib/posix/c_lib_ext/liblib__posix__c_lib_ext.a
LOAD zephyr/soc/soc/nrf9151/libsoc__nordic.a
LOAD zephyr/drivers/clock_control/libdrivers__clock_control.a
LOAD zephyr/drivers/console/libdrivers__console.a
LOAD zephyr/drivers/gpio/libdrivers__gpio.a
LOAD zephyr/drivers/pinctrl/libdrivers__pinctrl.a
LOAD zephyr/drivers/serial/libdrivers__serial.a
LOAD zephyr/drivers/timer/libdrivers__timer.a
LOAD modules/nrf/lib/nrf_modem_lib/lib..__nrf__lib__nrf_modem_lib.a
LOAD modules/nrf/lib/modem_antenna/lib..__nrf__lib__modem_antenna.a
LOAD modules/nrf/subsys/nrf_security/src/zephyr/libmbedtls_zephyr.a
LOAD modules/nrf/modules/trusted-firmware-m/lib..__nrf__modules__trusted-firmware-m.a
LOAD modules/nrf/modules/trusted-firmware-m/libtfm_api_nrf.a
LOAD modules/mbedtls/mbedtls/library/libmbedtls.a
LOAD modules/trusted-firmware-m/libtfm_api.a
LOAD modules/hal_nordic/modules/hal_nordic/nrfx/libnrfx.a
LOAD /home/pomo/git/STCP/STCPv2/zephyr/nordic/nrfxlib/nrf_modem/lib/cellular/nrf9120/soft-float/libmodem.a
LOAD zephyr/kernel/libkernel.a
LOAD zephyr/arch/common/libisr_tables.a
LOAD modules/mbedtls/mbedtls/library/libmbedx509.a
LOAD modules/nrf/subsys/nrf_security/src/libmbedcrypto.a
LOAD modules/nrf/subsys/nrf_security/src/libnrf_security_utils.a
LOAD zephyr/kernel/libkernel.a
LOAD /home/pomo/zephyr-sdk-1.0.1/gnu/arm-zephyr-eabi/bin/../lib/gcc/arm-zephyr-eabi/14.3.0/../../../../arm-zephyr-eabi/lib/thumb/v8-m.main/nofp/space/libc.a
LOAD /home/pomo/zephyr-sdk-1.0.1/gnu/arm-zephyr-eabi/bin/../lib/gcc/arm-zephyr-eabi/14.3.0/thumb/v8-m.main/nofp/space/libgcc.a
                0x00000020                        _region_min_align = 0x20

.rel.plt        0x00050000        0x0
 *(SORT_BY_ALIGNMENT(.rel.plt))
                [!provide]                        PROVIDE (__rel_iplt_start = .)
 *(SORT_BY_ALIGNMENT(.rel.iplt))
 .rel.iplt      0x00050000        0x0 app/libapp.a(main.c.obj)
                [!provide]                        PROVIDE (__rel_iplt_end = .)

.rela.plt       0x00000000        0x0
 *(SORT_BY_ALIGNMENT(.rela.plt))
                [!provide]                        PROVIDE (__rela_iplt_start = .)
 *(SORT_BY_ALIGNMENT(.rela.iplt))
                [!provide]                        PROVIDE (__rela_iplt_end = .)

.rel.dyn
 *(SORT_BY_ALIGNMENT(.rel.*))

.rela.dyn
 *(SORT_BY_ALIGNMENT(.rela.*))

/DISCARD/
 *(SORT_BY_ALIGNMENT(.plt))

/DISCARD/
 *(SORT_BY_ALIGNMENT(.iplt))
                0x00050000                        __rom_region_start = 0x50000

rom_start       0x00050000      0x144
                0x00050000                        __rom_start_address = .
 FILL mask 0x00
                0x00050000                        . = (. + (0x0 - (. - __rom_start_address)))
                0x00050000                        . = ALIGN (0x4)
                0x00050000                        . = ALIGN (0x80)
                0x00050000                        . = ALIGN (0x200)
                0x00050000                        _vector_start = .
 *(SORT_BY_ALIGNMENT(.exc_vector_table))
 *(SORT_BY_ALIGNMENT(.exc_vector_table.*))
 .exc_vector_table._vector_table_section
                0x00050000       0x40 zephyr/arch/arch/arm/core/cortex_m/libarch__arm__core__cortex_m.a(vector_table.S.obj)
                0x00050000                _vector_table
 *(SORT_BY_ALIGNMENT(.vectors))
                0x00050144                        _vector_end = .
                0x00050040                        . = ALIGN (0x4)
 *(SORT_BY_ALIGNMENT(.gnu.linkonce.irq_vector_table*))
 .gnu.linkonce.irq_vector_table
                0x00050040      0x104 zephyr/arch/common/libisr_tables.a(isr_tables.c.obj)
                0x00050040                _irq_vector_table
                0x00050144                        _vector_end = .

text            0x00050144     0x6bd8
                0x00050144                        __text_region_start = .
 *(SORT_BY_ALIGNMENT(.text))
 .text          0x00050144       0x30 /home/pomo/zephyr-sdk-1.0.1/gnu/arm-zephyr-eabi/bin/../lib/gcc/arm-zephyr-eabi/14.3.0/thumb/v8-m.main/nofp/space/libgcc.a(_aeabi_uldivmod.o)
                0x00050144                __aeabi_uldivmod
 .text          0x00050174        0x4 /home/pomo/zephyr-sdk-1.0.1/gnu/arm-zephyr-eabi/bin/../lib/gcc/arm-zephyr-eabi/14.3.0/thumb/v8-m.main/nofp/space/libgcc.a(_dvmd_tls.o)
                0x00050174                __aeabi_ldiv0
                0x00050174                __aeabi_idiv0
 .text          0x00050178       0x10 /home/pomo/zephyr-sdk-1.0.1/gnu/arm-zephyr-eabi/bin/../lib/gcc/arm-zephyr-eabi/14.3.0/../../../../arm-zephyr-eabi/lib/thumb/v8-m.main/nofp/space/libc.a(strlen.S.o)
                0x00050178                strlen
 .text          0x00050188      0x2ba /home/pomo/zephyr-sdk-1.0.1/gnu/arm-zephyr-eabi/bin/../lib/gcc/arm-zephyr-eabi/14.3.0/thumb/v8-m.main/nofp/space/libgcc.a(_udivmoddi4.o)
                0x00050188                __udivmoddi4
 *(SORT_BY_ALIGNMENT(.text.*))
 *fill*         0x00050442        0x2 
 .text.main     0x00050444       0x18 app/libapp.a(main.c.obj)
                0x00050444                main
 .text.char_out
                0x0005045c        0xc zephyr/libzephyr.a(printk.c.obj)
 .text.__printk_hook_install
                0x00050468        0xc zephyr/libzephyr.a(printk.c.obj)
                0x00050468                __printk_hook_install
 .text.vprintk  0x00050474       0x30 zephyr/libzephyr.a(printk.c.obj)
                0x00050474                vprintk
 .text.z_thread_entry
                0x000504a4       0x34 zephyr/libzephyr.a(thread_entry.c.obj)
                0x000504a4                z_thread_entry
 .text.process_event
                0x000504d8      0x1e8 zephyr/libzephyr.a(onoff.c.obj)
 .text.mem_attr_get_regions
                0x000506c0        0xc zephyr/libzephyr.a(mem_attr.c.obj)
                0x000506c0                mem_attr_get_regions
 .text.ncs_boot_banner
                0x000506cc       0x1c zephyr/libzephyr.a(banner.c.obj)
 .text.arch_bss_zero
                0x000506e8       0x18 zephyr/arch/common/libarch__common.a(init.c.obj)
                0x000506e8                arch_bss_zero
 .text.arch_data_copy
                0x00050700       0x38 zephyr/arch/common/libarch__common.a(xip.c.obj)
                0x00050700                arch_data_copy
 .text.z_arm_fatal_error
                0x00050738       0x60 zephyr/arch/arch/arm/core/libarch__arm__core.a(fatal.c.obj)
                0x00050738                z_arm_fatal_error
 .text.z_SysNmiOnReset
                0x00050798        0x8 zephyr/arch/arch/arm/core/libarch__arm__core.a(nmi_on_reset.S.obj)
                0x00050798                z_SysNmiOnReset
 .text.arch_tls_stack_setup
                0x000507a0       0x40 zephyr/arch/arch/arm/core/libarch__arm__core.a(tls.c.obj)
                0x000507a0                arch_tls_stack_setup
 .text.usage_fault.isra.0
                0x000507e0       0xa8 zephyr/arch/arch/arm/core/cortex_m/libarch__arm__core__cortex_m.a(fault.c.obj)
 .text.bus_fault.isra.0
                0x00050888       0xb8 zephyr/arch/arch/arm/core/cortex_m/libarch__arm__core__cortex_m.a(fault.c.obj)
 .text.mem_manage_fault.isra.0
                0x00050940       0xbc zephyr/arch/arch/arm/core/cortex_m/libarch__arm__core__cortex_m.a(fault.c.obj)
 .text.z_arm_fault
                0x000509fc      0x1b4 zephyr/arch/arch/arm/core/cortex_m/libarch__arm__core__cortex_m.a(fault.c.obj)
                0x000509fc                z_arm_fault
 .text.z_arm_fault_init
                0x00050bb0       0x20 zephyr/arch/arch/arm/core/cortex_m/libarch__arm__core__cortex_m.a(fault.c.obj)
                0x00050bb0                z_arm_fault_init
 .text.__fault  0x00050bd0       0x14 zephyr/arch/arch/arm/core/cortex_m/libarch__arm__core__cortex_m.a(fault_s.S.obj)
                0x00050bd0                z_arm_bus_fault
                0x00050bd0                z_arm_usage_fault
                0x00050bd0                z_arm_mpu_fault
                0x00050bd0                z_arm_exc_spurious
                0x00050bd0                z_arm_debug_monitor
                0x00050bd0                z_arm_hard_fault
 .text._reset_section
                0x00050be4       0x60 zephyr/arch/arch/arm/core/cortex_m/libarch__arm__core__cortex_m.a(reset.S.obj)
                0x00050be4                z_arm_reset
                0x00050be4                __start
 .text.z_arm_clear_arm_mpu_config
                0x00050c44       0x24 zephyr/arch/arch/arm/core/cortex_m/libarch__arm__core__cortex_m.a(scb.c.obj)
                0x00050c44                z_arm_clear_arm_mpu_config
 .text.z_arm_init_arch_hw_at_boot
                0x00050c68       0x4c zephyr/arch/arch/arm/core/cortex_m/libarch__arm__core__cortex_m.a(scb.c.obj)
                0x00050c68                z_arm_init_arch_hw_at_boot
 .text.z_arm_svc
                0x00050cb4       0x24 zephyr/arch/arch/arm/core/cortex_m/libarch__arm__core__cortex_m.a(svc.S.obj)
                0x00050cb4                z_arm_svc
 .text.arm_irq_enable
                0x00050cd8       0x1c zephyr/arch/arch/arm/core/cortex_m/libarch__arm__core__cortex_m.a(irq_manage.c.obj)
                0x00050cd8                arm_irq_enable
 .text.arm_irq_disable
                0x00050cf4       0x28 zephyr/arch/arch/arm/core/cortex_m/libarch__arm__core__cortex_m.a(irq_manage.c.obj)
                0x00050cf4                arm_irq_disable
 .text.arm_irq_is_enabled
                0x00050d1c       0x1c zephyr/arch/arch/arm/core/cortex_m/libarch__arm__core__cortex_m.a(irq_manage.c.obj)
                0x00050d1c                arm_irq_is_enabled
 .text.arm_irq_priority_set
                0x00050d38       0x2c zephyr/arch/arch/arm/core/cortex_m/libarch__arm__core__cortex_m.a(irq_manage.c.obj)
                0x00050d38                arm_irq_priority_set
 .text.relocate_vector_table
                0x00050d64       0x1c zephyr/arch/arch/arm/core/cortex_m/libarch__arm__core__cortex_m.a(prep_c.c.obj)
                0x00050d64                relocate_vector_table
 .text.z_prep_c
                0x00050d80       0x28 zephyr/arch/arch/arm/core/cortex_m/libarch__arm__core__cortex_m.a(prep_c.c.obj)
                0x00050d80                z_prep_c
 .text.arch_new_thread
                0x00050da8       0x3c zephyr/arch/arch/arm/core/cortex_m/libarch__arm__core__cortex_m.a(thread.c.obj)
                0x00050da8                arch_new_thread
 .text.arch_switch_to_main_thread
                0x00050de4       0x40 zephyr/arch/arch/arm/core/cortex_m/libarch__arm__core__cortex_m.a(thread.c.obj)
                0x00050de4                arch_switch_to_main_thread
 .text.z_arm_cpu_idle_init
                0x00050e24        0xc zephyr/arch/arch/arm/core/cortex_m/libarch__arm__core__cortex_m.a(cpu_idle.c.obj)
                0x00050e24                z_arm_cpu_idle_init
 .text._HandlerModeExit
                0x00050e30       0x20 zephyr/arch/arch/arm/core/cortex_m/libarch__arm__core__cortex_m.a(exc_exit.c.obj)
                0x00050e30                z_arm_exc_exit
                0x00050e30                z_arm_int_exit
 .text.z_impl_k_thread_abort
                0x00050e50       0x2c zephyr/arch/arch/arm/core/cortex_m/libarch__arm__core__cortex_m.a(thread_abort.c.obj)
                0x00050e50                z_impl_k_thread_abort
 .text.z_arm_pendsv
                0x00050e7c       0x68 zephyr/arch/arch/arm/core/cortex_m/libarch__arm__core__cortex_m.a(swap_helper.S.obj)
                0x00050e7c                z_arm_pendsv
 .text.z_arm_interrupt_init
                0x00050ee4       0x18 zephyr/arch/arch/arm/core/cortex_m/libarch__arm__core__cortex_m.a(irq_init.c.obj)
                0x00050ee4                z_arm_interrupt_init
 .text._isr_wrapper
                0x00050efc       0x24 zephyr/arch/arch/arm/core/cortex_m/libarch__arm__core__cortex_m.a(isr_wrapper.c.obj)
                0x00050efc                _isr_wrapper
 .text.__aeabi_read_tp
                0x00050f20        0xc zephyr/arch/arch/arm/core/cortex_m/libarch__arm__core__cortex_m.a(__aeabi_read_tp.S.obj)
                0x00050f20                __aeabi_read_tp
 .text.z_arm_configure_static_mpu_regions
                0x00050f2c       0x3c zephyr/arch/arch/arm/core/mpu/libarch__arm__core__mpu.a(arm_core_mpu.c.obj)
                0x00050f2c                z_arm_configure_static_mpu_regions
 .text.region_init
                0x00050f68       0x30 zephyr/arch/arch/arm/core/mpu/libarch__arm__core__mpu.a(arm_mpu.c.obj)
 .text.region_allocate_and_init
                0x00050f98       0x24 zephyr/arch/arch/arm/core/mpu/libarch__arm__core__mpu.a(arm_mpu.c.obj)
 .text.mpu_configure_regions_and_partition.constprop.0
                0x00050fbc      0x140 zephyr/arch/arch/arm/core/mpu/libarch__arm__core__mpu.a(arm_mpu.c.obj)
 .text.arm_core_mpu_enable
                0x000510fc       0x18 zephyr/arch/arch/arm/core/mpu/libarch__arm__core__mpu.a(arm_mpu.c.obj)
                0x000510fc                arm_core_mpu_enable
 .text.arm_core_mpu_disable
                0x00051114       0x14 zephyr/arch/arch/arm/core/mpu/libarch__arm__core__mpu.a(arm_mpu.c.obj)
                0x00051114                arm_core_mpu_disable
 .text.arm_core_mpu_configure_static_mpu_regions
                0x00051128       0x14 zephyr/arch/arch/arm/core/mpu/libarch__arm__core__mpu.a(arm_mpu.c.obj)
                0x00051128                arm_core_mpu_configure_static_mpu_regions
 .text.arm_core_mpu_mark_areas_for_dynamic_regions
                0x0005113c       0xb8 zephyr/arch/arch/arm/core/mpu/libarch__arm__core__mpu.a(arm_mpu.c.obj)
                0x0005113c                arm_core_mpu_mark_areas_for_dynamic_regions
 .text.z_arm_mpu_init
                0x000511f4      0x164 zephyr/arch/arch/arm/core/mpu/libarch__arm__core__mpu.a(arm_mpu.c.obj)
                0x000511f4                z_arm_mpu_init
 .text.z_impl_zephyr_fputc
                0x00051358       0x10 zephyr/lib/libc/picolibc/liblib__libc__picolibc.a(stdio.c.obj)
                0x00051358                z_impl_zephyr_fputc
 .text.__stdout_hook_install
                0x00051368       0x18 zephyr/lib/libc/picolibc/liblib__libc__picolibc.a(stdio.c.obj)
                0x00051368                __stdout_hook_install
 .text.malloc_prepare
                0x00051380       0x24 zephyr/lib/libc/common/liblib__libc__common.a(malloc.c.obj)
 .text.nordicsemi_nrf91_init
                0x000513a4       0x10 zephyr/soc/soc/nrf9151/libsoc__nordic.a(soc.c.obj)
 .text.arch_busy_wait
                0x000513b4       0x24 zephyr/soc/soc/nrf9151/libsoc__nordic.a(soc.c.obj)
                0x000513b4                arch_busy_wait
 .text.gppi_init
                0x000513d8       0x1c zephyr/soc/soc/nrf9151/libsoc__nordic.a(gppi_init.c.obj)
 .text.onoff_stop
                0x000513f4       0x30 zephyr/drivers/clock_control/libdrivers__clock_control.a(clock_control_nrf.c.obj)
 .text.onoff_start
                0x00051424       0x44 zephyr/drivers/clock_control/libdrivers__clock_control.a(clock_control_nrf.c.obj)
 .text.clk_init
                0x00051468       0x58 zephyr/drivers/clock_control/libdrivers__clock_control.a(clock_control_nrf.c.obj)
 .text.api_blocking_start
                0x000514c0       0x30 zephyr/drivers/clock_control/libdrivers__clock_control.a(clock_control_nrf.c.obj)
 .text.generic_hfclk_stop
                0x000514f0       0x34 zephyr/drivers/clock_control/libdrivers__clock_control.a(clock_control_nrf.c.obj)
 .text.clkstarted_handle.constprop.0
                0x00051524       0x4c zephyr/drivers/clock_control/libdrivers__clock_control.a(clock_control_nrf.c.obj)
 .text.generic_hfclk_start
                0x00051570       0x7c zephyr/drivers/clock_control/libdrivers__clock_control.a(clock_control_nrf.c.obj)
 .text.clock_event_handler
                0x000515ec       0x1c zephyr/drivers/clock_control/libdrivers__clock_control.a(clock_control_nrf.c.obj)
 .text.z_nrf_clock_control_lf_on
                0x00051608       0xf8 zephyr/drivers/clock_control/libdrivers__clock_control.a(clock_control_nrf.c.obj)
                0x00051608                z_nrf_clock_control_lf_on
 .text.uart_console_init
                0x00051700       0x28 zephyr/drivers/console/libdrivers__console.a(uart_console.c.obj)
 .text.console_out
                0x00051728       0x28 zephyr/drivers/console/libdrivers__console.a(uart_console.c.obj)
 .text.nrfx_gpio_handler
                0x00051750       0x38 zephyr/drivers/gpio/libdrivers__gpio.a(gpio_nrfx.c.obj)
 .text.gpio_nrfx_pin_configure
                0x00051788      0x174 zephyr/drivers/gpio/libdrivers__gpio.a(gpio_nrfx.c.obj)
 .text.gpio_nrfx_init
                0x000518fc       0x3c zephyr/drivers/gpio/libdrivers__gpio.a(gpio_nrfx.c.obj)
 .text.gpio_nrfx_pin_interrupt_configure
                0x00051938       0xfc zephyr/drivers/gpio/libdrivers__gpio.a(gpio_nrfx.c.obj)
 .text.pinctrl_configure_pins
                0x00051a34      0x174 zephyr/drivers/pinctrl/libdrivers__pinctrl.a(pinctrl_nrf.c.obj)
                0x00051a34                pinctrl_configure_pins
 .text.uarte_nrfx_poll_out
                0x00051ba8       0xb8 zephyr/drivers/serial/libdrivers__serial.a(uart_nrfx_uarte.c.obj)
 .text.compare_int_lock
                0x00051c60       0x44 zephyr/drivers/timer/libdrivers__timer.a(nrf_rtc_timer.c.obj)
 .text.sys_clock_timeout_handler
                0x00051ca4       0x58 zephyr/drivers/timer/libdrivers__timer.a(nrf_rtc_timer.c.obj)
 .text.compare_int_unlock
                0x00051cfc       0x4c zephyr/drivers/timer/libdrivers__timer.a(nrf_rtc_timer.c.obj)
 .text.z_nrf_rtc_timer_read
                0x00051d48       0x44 zephyr/drivers/timer/libdrivers__timer.a(nrf_rtc_timer.c.obj)
                0x00051d48                z_nrf_rtc_timer_read
 .text.compare_set
                0x00051d8c      0x124 zephyr/drivers/timer/libdrivers__timer.a(nrf_rtc_timer.c.obj)
 .text.sys_clock_driver_init
                0x00051eb0       0x90 zephyr/drivers/timer/libdrivers__timer.a(nrf_rtc_timer.c.obj)
 .text.rtc_nrf_isr
                0x00051f40       0xcc zephyr/drivers/timer/libdrivers__timer.a(nrf_rtc_timer.c.obj)
                0x00051f40                rtc_nrf_isr
 .text.sys_clock_set_timeout
                0x0005200c       0x5c zephyr/drivers/timer/libdrivers__timer.a(nrf_rtc_timer.c.obj)
                0x0005200c                sys_clock_set_timeout
 .text.sys_clock_elapsed
                0x00052068       0x14 zephyr/drivers/timer/libdrivers__timer.a(nrf_rtc_timer.c.obj)
                0x00052068                sys_clock_elapsed
 .text.thread_monitor_entry_get
                0x0005207c       0x4c modules/nrf/lib/nrf_modem_lib/lib..__nrf__lib__nrf_modem_lib.a(nrf_modem_os.c.obj)
 .text.on_init  0x000520c8       0x20 modules/nrf/lib/nrf_modem_lib/lib..__nrf__lib__nrf_modem_lib.a(nrf_modem_os.c.obj)
 .text.nrf_modem_os_timedwait
                0x000520e8      0x1a0 modules/nrf/lib/nrf_modem_lib/lib..__nrf__lib__nrf_modem_lib.a(nrf_modem_os.c.obj)
                0x000520e8                nrf_modem_os_timedwait
 .text.nrf_modem_os_errno_set
                0x00052288       0x14 modules/nrf/lib/nrf_modem_lib/lib..__nrf__lib__nrf_modem_lib.a(nrf_modem_os.c.obj)
                0x00052288                nrf_modem_os_errno_set
 .text.nrf_modem_os_sem_init
                0x0005229c       0x40 modules/nrf/lib/nrf_modem_lib/lib..__nrf__lib__nrf_modem_lib.a(nrf_modem_os.c.obj)
                0x0005229c                nrf_modem_os_sem_init
 .text.nrf_modem_os_event_notify
                0x000522dc       0x38 modules/nrf/lib/nrf_modem_lib/lib..__nrf__lib__nrf_modem_lib.a(nrf_modem_os.c.obj)
                0x000522dc                nrf_modem_os_event_notify
 .text.nrf_modem_os_alloc
                0x00052314       0x10 modules/nrf/lib/nrf_modem_lib/lib..__nrf__lib__nrf_modem_lib.a(nrf_modem_os.c.obj)
                0x00052314                nrf_modem_os_alloc
 .text.nrf_modem_os_free
                0x00052324        0xc modules/nrf/lib/nrf_modem_lib/lib..__nrf__lib__nrf_modem_lib.a(nrf_modem_os.c.obj)
                0x00052324                nrf_modem_os_free
 .text.nrf_modem_os_shm_tx_alloc
                0x00052330       0x10 modules/nrf/lib/nrf_modem_lib/lib..__nrf__lib__nrf_modem_lib.a(nrf_modem_os.c.obj)
                0x00052330                nrf_modem_os_shm_tx_alloc
 .text.nrf_modem_os_shm_tx_free
                0x00052340        0xc modules/nrf/lib/nrf_modem_lib/lib..__nrf__lib__nrf_modem_lib.a(nrf_modem_os.c.obj)
                0x00052340                nrf_modem_os_shm_tx_free
 .text.cfun_callback
                0x0005234c       0x24 modules/nrf/lib/nrf_modem_lib/lib..__nrf__lib__nrf_modem_lib.a(cfun_hooks.c.obj)
 .text.on_modem_init
                0x00052370       0x10 modules/nrf/lib/nrf_modem_lib/lib..__nrf__lib__nrf_modem_lib.a(cfun_hooks.c.obj)
 .text.set_antenna_configuration
                0x00052380       0x14 modules/nrf/lib/modem_antenna/lib..__nrf__lib__modem_antenna.a(modem_antenna.c.obj)
                0x00052380                set_antenna_configuration
 .text.on_modem_lib_init
                0x00052394       0x3c modules/nrf/lib/modem_antenna/lib..__nrf__lib__modem_antenna.a(modem_antenna.c.obj)
 .text.ns_fault_init
                0x000523d0       0x10 modules/nrf/modules/trusted-firmware-m/lib..__nrf__modules__trusted-firmware-m.a(fault.c.obj)
 .text.arm_fault
                0x000523e0       0xb8 modules/nrf/modules/trusted-firmware-m/lib..__nrf__modules__trusted-firmware-m.a(fault.c.obj)
                0x000523e0                arm_fault
 .text.tfm_ns_fault_handler_callback
                0x00052498       0x48 modules/nrf/modules/trusted-firmware-m/lib..__nrf__modules__trusted-firmware-m.a(fault.c.obj)
                0x00052498                tfm_ns_fault_handler_callback
 .text.tfm_ns_interface_dispatch
                0x000524e0       0x58 modules/trusted-firmware-m/libtfm_api.a(interface.c.obj)
                0x000524e0                tfm_ns_interface_dispatch
 .text.tfm_platform_ioctl
                0x00052538       0x4c modules/trusted-firmware-m/libtfm_api.a(tfm_platform_api.c.obj)
                0x00052538                tfm_platform_ioctl
 .text.psa_call
                0x00052584       0x34 modules/trusted-firmware-m/libtfm_api.a(tfm_tz_psa_ns_api.c.obj)
                0x00052584                psa_call
 .text.nrfx_gppi_init
                0x000525b8        0xc modules/hal_nordic/modules/hal_nordic/nrfx/libnrfx.a(nrfx_gppi_dppi.c.obj)
                0x000525b8                nrfx_gppi_init
 .text.nrfx_gppi_domain_conn_alloc
                0x000525c4       0x1c modules/hal_nordic/modules/hal_nordic/nrfx/libnrfx.a(nrfx_gppi_dppi.c.obj)
                0x000525c4                nrfx_gppi_domain_conn_alloc
 .text.nrfx_gppi_conn_enable
                0x000525e0       0x10 modules/hal_nordic/modules/hal_nordic/nrfx/libnrfx.a(nrfx_gppi_dppi.c.obj)
                0x000525e0                nrfx_gppi_conn_enable
 .text.hfclk_event_handler
                0x000525f0        0xc modules/hal_nordic/modules/hal_nordic/nrfx/libnrfx.a(nrfx_clock.c.obj)
 .text.lfclk_event_handler
                0x000525fc        0xc modules/hal_nordic/modules/hal_nordic/nrfx/libnrfx.a(nrfx_clock.c.obj)
 .text.nrfx_clock_init
                0x00052608       0x40 modules/hal_nordic/modules/hal_nordic/nrfx/libnrfx.a(nrfx_clock.c.obj)
                0x00052608                nrfx_clock_init
 .text.nrfx_clock_enable
                0x00052648       0x20 modules/hal_nordic/modules/hal_nordic/nrfx/libnrfx.a(nrfx_clock.c.obj)
                0x00052648                nrfx_clock_enable
 .text.clock_stop
                0x00052668       0x3c modules/hal_nordic/modules/hal_nordic/nrfx/libnrfx.a(nrfx_clock_hfclk.c.obj)
 .text.nrfx_clock_hfclk_init
                0x000526a4       0x1c modules/hal_nordic/modules/hal_nordic/nrfx/libnrfx.a(nrfx_clock_hfclk.c.obj)
                0x000526a4                nrfx_clock_hfclk_init
 .text.nrfx_clock_hfclk_start
                0x000526c0       0x38 modules/hal_nordic/modules/hal_nordic/nrfx/libnrfx.a(nrfx_clock_hfclk.c.obj)
                0x000526c0                nrfx_clock_hfclk_start
 .text.nrfx_clock_hfclk_irq_handler
                0x000526f8       0x30 modules/hal_nordic/modules/hal_nordic/nrfx/libnrfx.a(nrfx_clock_hfclk.c.obj)
                0x000526f8                nrfx_clock_hfclk_irq_handler
 .text.clock_stop
                0x00052728       0x34 modules/hal_nordic/modules/hal_nordic/nrfx/libnrfx.a(nrfx_clock_lfclk.c.obj)
 .text.nrfx_clock_lfclk_init
                0x0005275c       0x24 modules/hal_nordic/modules/hal_nordic/nrfx/libnrfx.a(nrfx_clock_lfclk.c.obj)
                0x0005275c                nrfx_clock_lfclk_init
 .text.nrfx_clock_lfclk_start
                0x00052780       0x88 modules/hal_nordic/modules/hal_nordic/nrfx/libnrfx.a(nrfx_clock_lfclk.c.obj)
                0x00052780                nrfx_clock_lfclk_start
 .text.nrfx_clock_lfclk_irq_handler
                0x00052808       0x4c modules/hal_nordic/modules/hal_nordic/nrfx/libnrfx.a(nrfx_clock_lfclk.c.obj)
                0x00052808                nrfx_clock_lfclk_irq_handler
 .text.nrf_gpio_pin_port_decode
                0x00052854       0x18 modules/hal_nordic/modules/hal_nordic/nrfx/libnrfx.a(nrfx_gpiote.c.obj)
 .text.nrf_gpio_reconfigure
                0x0005286c       0x9c modules/hal_nordic/modules/hal_nordic/nrfx/libnrfx.a(nrfx_gpiote.c.obj)
 .text.latch_pending_read_and_check
                0x00052908       0x1c modules/hal_nordic/modules/hal_nordic/nrfx/libnrfx.a(nrfx_gpiote.c.obj)
 .text.pin_uninit
                0x00052924       0x6c modules/hal_nordic/modules/hal_nordic/nrfx/libnrfx.a(nrfx_gpiote.c.obj)
 .text.nrfx_gpiote_init
                0x00052990       0x64 modules/hal_nordic/modules/hal_nordic/nrfx/libnrfx.a(nrfx_gpiote.c.obj)
                0x00052990                nrfx_gpiote_init
 .text.nrfx_gpiote_channel_free
                0x000529f4       0x14 modules/hal_nordic/modules/hal_nordic/nrfx/libnrfx.a(nrfx_gpiote.c.obj)
                0x000529f4                nrfx_gpiote_channel_free
 .text.nrfx_gpiote_channel_alloc
                0x00052a08       0x20 modules/hal_nordic/modules/hal_nordic/nrfx/libnrfx.a(nrfx_gpiote.c.obj)
                0x00052a08                nrfx_gpiote_channel_alloc
 .text.nrfx_gpiote_irq_handler
                0x00052a28      0x17c modules/hal_nordic/modules/hal_nordic/nrfx/libnrfx.a(nrfx_gpiote.c.obj)
                0x00052a28                nrfx_gpiote_irq_handler
 .text.nrfx_ipc_init
                0x00052ba4       0x28 modules/hal_nordic/modules/hal_nordic/nrfx/libnrfx.a(nrfx_ipc.c.obj)
                0x00052ba4                nrfx_ipc_init
 .text.nrfx_ipc_config_load
                0x00052bcc       0x40 modules/hal_nordic/modules/hal_nordic/nrfx/libnrfx.a(nrfx_ipc.c.obj)
                0x00052bcc                nrfx_ipc_config_load
 .text.nrfx_ipc_uninit
                0x00052c0c       0x64 modules/hal_nordic/modules/hal_nordic/nrfx/libnrfx.a(nrfx_ipc.c.obj)
                0x00052c0c                nrfx_ipc_uninit
 .text.nrfx_ipc_receive_event_enable
                0x00052c70       0x10 modules/hal_nordic/modules/hal_nordic/nrfx/libnrfx.a(nrfx_ipc.c.obj)
                0x00052c70                nrfx_ipc_receive_event_enable
 .text.nrfx_ipc_receive_event_disable
                0x00052c80       0x10 modules/hal_nordic/modules/hal_nordic/nrfx/libnrfx.a(nrfx_ipc.c.obj)
                0x00052c80                nrfx_ipc_receive_event_disable
 .text.nrfx_ipc_irq_handler
                0x00052c90       0x40 modules/hal_nordic/modules/hal_nordic/nrfx/libnrfx.a(nrfx_ipc.c.obj)
                0x00052c90                nrfx_ipc_irq_handler
 .text.nrf_modem_fault_handler_internal
                0x00052cd0       0x18 /home/pomo/git/STCP/STCPv2/zephyr/nordic/nrfxlib/nrf_modem/lib/cellular/nrf9120/soft-float/libmodem.a(nrf_modem_fault.c.obj)
                0x00052cd0                nrf_modem_fault_handler_internal
 .text.nrf_modem_state_set
                0x00052ce8        0xc /home/pomo/git/STCP/STCPv2/zephyr/nordic/nrfxlib/nrf_modem/lib/cellular/nrf9120/soft-float/libmodem.a(nrf_modem_state.c.obj)
                0x00052ce8                nrf_modem_state_set
 .text.nrf_modem_state_is_initialized
                0x00052cf4       0x10 /home/pomo/git/STCP/STCPv2/zephyr/nordic/nrfxlib/nrf_modem/lib/cellular/nrf9120/soft-float/libmodem.a(nrf_modem_state.c.obj)
                0x00052cf4                nrf_modem_state_is_initialized
 .text.rpc_handle_data_message
                0x00052d04       0x38 /home/pomo/git/STCP/STCPv2/zephyr/nordic/nrfxlib/nrf_modem/lib/cellular/nrf9120/soft-float/libmodem.a(rpc_framework.c.obj)
                0x00052d04                rpc_handle_data_message
 .text.rpc_transport_msg_alloc
                0x00052d3c        0xc /home/pomo/git/STCP/STCPv2/zephyr/nordic/nrfxlib/nrf_modem/lib/cellular/nrf9120/soft-float/libmodem.a(rpc_transport.c.obj)
                0x00052d3c                rpc_transport_msg_alloc
 .text.rpc_transport_msg_data_rx_free
                0x00052d48        0xc /home/pomo/git/STCP/STCPv2/zephyr/nordic/nrfxlib/nrf_modem/lib/cellular/nrf9120/soft-float/libmodem.a(rpc_transport.c.obj)
                0x00052d48                rpc_transport_msg_data_rx_free
 .text.rpc_transport_msg_send
                0x00052d54        0xc /home/pomo/git/STCP/STCPv2/zephyr/nordic/nrfxlib/nrf_modem/lib/cellular/nrf9120/soft-float/libmodem.a(rpc_transport.c.obj)
                0x00052d54                rpc_transport_msg_send
 .text.rpc_transport_ipc_msg_data_tx_size
                0x00052d60        0xc /home/pomo/git/STCP/STCPv2/zephyr/nordic/nrfxlib/nrf_modem/lib/cellular/nrf9120/soft-float/libmodem.a(rpc_transport_ipc.c.obj)
 .text.rpc_transport_ipc_msg_tx_free
                0x00052d6c       0x38 /home/pomo/git/STCP/STCPv2/zephyr/nordic/nrfxlib/nrf_modem/lib/cellular/nrf9120/soft-float/libmodem.a(rpc_transport_ipc.c.obj)
 .text.handle_modem_rpc_msg
                0x00052da4       0x68 /home/pomo/git/STCP/STCPv2/zephyr/nordic/nrfxlib/nrf_modem/lib/cellular/nrf9120/soft-float/libmodem.a(rpc_transport_ipc.c.obj)
 .text.rpc_message_handler
                0x00052e0c       0x24 /home/pomo/git/STCP/STCPv2/zephyr/nordic/nrfxlib/nrf_modem/lib/cellular/nrf9120/soft-float/libmodem.a(rpc_transport_ipc.c.obj)
 .text.ipc_irq_handler
                0x00052e30       0xec /home/pomo/git/STCP/STCPv2/zephyr/nordic/nrfxlib/nrf_modem/lib/cellular/nrf9120/soft-float/libmodem.a(rpc_transport_ipc.c.obj)
                0x00052e30                ipc_irq_handler
 .text.rpc_transport_ipc_ctrl_msg_alloc
                0x00052f1c       0x44 /home/pomo/git/STCP/STCPv2/zephyr/nordic/nrfxlib/nrf_modem/lib/cellular/nrf9120/soft-float/libmodem.a(rpc_transport_ipc.c.obj)
 .text.rpc_transport_ipc_data_msg_alloc
                0x00052f60       0x24 /home/pomo/git/STCP/STCPv2/zephyr/nordic/nrfxlib/nrf_modem/lib/cellular/nrf9120/soft-float/libmodem.a(rpc_transport_ipc.c.obj)
 .text.rpc_transport_ipc_data_msg_send
                0x00052f84       0x6c /home/pomo/git/STCP/STCPv2/zephyr/nordic/nrfxlib/nrf_modem/lib/cellular/nrf9120/soft-float/libmodem.a(rpc_transport_ipc.c.obj)
 .text.rpc_transport_ipc_init
                0x00052ff0      0x1dc /home/pomo/git/STCP/STCPv2/zephyr/nordic/nrfxlib/nrf_modem/lib/cellular/nrf9120/soft-float/libmodem.a(rpc_transport_ipc.c.obj)
 .text.rpc_transport_ipc_ctrl_msg_send
                0x000531cc       0x6c /home/pomo/git/STCP/STCPv2/zephyr/nordic/nrfxlib/nrf_modem/lib/cellular/nrf9120/soft-float/libmodem.a(rpc_transport_ipc.c.obj)
 .text.rpc_transport_ipc_request_shutdown
                0x00053238       0x38 /home/pomo/git/STCP/STCPv2/zephyr/nordic/nrfxlib/nrf_modem/lib/cellular/nrf9120/soft-float/libmodem.a(rpc_transport_ipc.c.obj)
 .text.rpc_transport_ipc_msg_data_rx_free
                0x00053270       0x30 /home/pomo/git/STCP/STCPv2/zephyr/nordic/nrfxlib/nrf_modem/lib/cellular/nrf9120/soft-float/libmodem.a(rpc_transport_ipc.c.obj)
 .text.cfun_post_modem
                0x000532a0       0x14 /home/pomo/git/STCP/STCPv2/zephyr/nordic/nrfxlib/nrf_modem/lib/cellular/nrf9120/soft-float/libmodem.a(nrf_modem_at.c.obj)
 .text.at_cmd_vsprintf
                0x000532b4       0x50 /home/pomo/git/STCP/STCPv2/zephyr/nordic/nrfxlib/nrf_modem/lib/cellular/nrf9120/soft-float/libmodem.a(nrf_modem_at.c.obj)
 .text.cfun_pre_modem
                0x00053304       0x44 /home/pomo/git/STCP/STCPv2/zephyr/nordic/nrfxlib/nrf_modem/lib/cellular/nrf9120/soft-float/libmodem.a(nrf_modem_at.c.obj)
 .text.at_cmd_send
                0x00053348       0x68 /home/pomo/git/STCP/STCPv2/zephyr/nordic/nrfxlib/nrf_modem/lib/cellular/nrf9120/soft-float/libmodem.a(nrf_modem_at.c.obj)
 .text.at_response_match
                0x000533b0       0x48 /home/pomo/git/STCP/STCPv2/zephyr/nordic/nrfxlib/nrf_modem/lib/cellular/nrf9120/soft-float/libmodem.a(nrf_modem_at.c.obj)
 .text.nrf_modem_at_cfun_handler_set
                0x000533f8        0xc /home/pomo/git/STCP/STCPv2/zephyr/nordic/nrfxlib/nrf_modem/lib/cellular/nrf9120/soft-float/libmodem.a(nrf_modem_at.c.obj)
                0x000533f8                nrf_modem_at_cfun_handler_set
 .text.nrf_modem_at_printf
                0x00053404       0xc8 /home/pomo/git/STCP/STCPv2/zephyr/nordic/nrfxlib/nrf_modem/lib/cellular/nrf9120/soft-float/libmodem.a(nrf_modem_at.c.obj)
                0x00053404                nrf_modem_at_printf
 .text.rpc_at_event_handler
                0x000534cc       0x88 /home/pomo/git/STCP/STCPv2/zephyr/nordic/nrfxlib/nrf_modem/lib/cellular/nrf9120/soft-float/libmodem.a(nrf_modem_at.c.obj)
                0x000534cc                rpc_at_event_handler
 .text.sock_unref.isra.0
                0x00053554       0x3c /home/pomo/git/STCP/STCPv2/zephyr/nordic/nrfxlib/nrf_modem/lib/cellular/nrf9120/soft-float/libmodem.a(sock.c.obj)
 .text.sock_find
                0x00053590       0x24 /home/pomo/git/STCP/STCPv2/zephyr/nordic/nrfxlib/nrf_modem/lib/cellular/nrf9120/soft-float/libmodem.a(sock.c.obj)
                0x00053590                sock_find
 .text._sock_close
                0x000535b4       0x30 /home/pomo/git/STCP/STCPv2/zephyr/nordic/nrfxlib/nrf_modem/lib/cellular/nrf9120/soft-float/libmodem.a(sock.c.obj)
                0x000535b4                _sock_close
 .text.sock_rpc_flow_control_set
                0x000535e4       0x50 /home/pomo/git/STCP/STCPv2/zephyr/nordic/nrfxlib/nrf_modem/lib/cellular/nrf9120/soft-float/libmodem.a(sock.c.obj)
                0x000535e4                sock_rpc_flow_control_set
 .text.on_getaddrinfo_res
                0x00053634       0x2c /home/pomo/git/STCP/STCPv2/zephyr/nordic/nrfxlib/nrf_modem/lib/cellular/nrf9120/soft-float/libmodem.a(dns.c.obj)
                0x00053634                on_getaddrinfo_res
 .text.rpc_ip_event_handler
                0x00053660      0x320 /home/pomo/git/STCP/STCPv2/zephyr/nordic/nrfxlib/nrf_modem/lib/cellular/nrf9120/soft-float/libmodem.a(ip.c.obj)
                0x00053660                rpc_ip_event_handler
 .text.on_tls_attach_res
                0x00053980       0x30 /home/pomo/git/STCP/STCPv2/zephyr/nordic/nrfxlib/nrf_modem/lib/cellular/nrf9120/soft-float/libmodem.a(tls.c.obj)
                0x00053980                on_tls_attach_res
 .text.on_tls_handshake_ntf
                0x000539b0       0x3c /home/pomo/git/STCP/STCPv2/zephyr/nordic/nrfxlib/nrf_modem/lib/cellular/nrf9120/soft-float/libmodem.a(tls.c.obj)
                0x000539b0                on_tls_handshake_ntf
 .text.tls_attach
                0x000539ec      0x108 /home/pomo/git/STCP/STCPv2/zephyr/nordic/nrfxlib/nrf_modem/lib/cellular/nrf9120/soft-float/libmodem.a(tls.c.obj)
                0x000539ec                tls_attach
 .text.rpc_gnss_event_handler
                0x00053af4      0x12c /home/pomo/git/STCP/STCPv2/zephyr/nordic/nrfxlib/nrf_modem/lib/cellular/nrf9120/soft-float/libmodem.a(nrf_modem_gnss.c.obj)
                0x00053af4                rpc_gnss_event_handler
 .text.rpc_softsim_event_handler
                0x00053c20       0x24 /home/pomo/git/STCP/STCPv2/zephyr/nordic/nrfxlib/nrf_modem/lib/cellular/nrf9120/soft-float/libmodem.a(nrf_modem_softsim.c.obj)
                0x00053c20                rpc_softsim_event_handler
 .text.rpc_rs_capture_event_handler
                0x00053c44      0x160 /home/pomo/git/STCP/STCPv2/zephyr/nordic/nrfxlib/nrf_modem/lib/cellular/nrf9120/soft-float/libmodem.a(nrf_modem_rs_capture.c.obj)
                0x00053c44                rpc_rs_capture_event_handler
 .text.ipc_trace_init
                0x00053da4       0x40 /home/pomo/git/STCP/STCPv2/zephyr/nordic/nrfxlib/nrf_modem/lib/cellular/nrf9120/soft-float/libmodem.a(ipc_trace.c.obj)
                0x00053da4                ipc_trace_init
 .text.ipc_trace_uninit
                0x00053de4       0x10 /home/pomo/git/STCP/STCPv2/zephyr/nordic/nrfxlib/nrf_modem/lib/cellular/nrf9120/soft-float/libmodem.a(ipc_trace.c.obj)
                0x00053de4                ipc_trace_uninit
 .text.ipc_trace_handler
                0x00053df4       0xb4 /home/pomo/git/STCP/STCPv2/zephyr/nordic/nrfxlib/nrf_modem/lib/cellular/nrf9120/soft-float/libmodem.a(ipc_trace.c.obj)
                0x00053df4                ipc_trace_handler
 .text.z_fatal_error
                0x00053ea8       0x30 zephyr/kernel/libkernel.a(fatal.c.obj)
                0x00053ea8                z_fatal_error
 .text.z_sys_init_run_level
                0x00053ed8       0x30 zephyr/kernel/libkernel.a(init.c.obj)
 .text.bg_thread_main
                0x00053f08       0xc0 zephyr/kernel/libkernel.a(init.c.obj)
 .text.z_init_cpu
                0x00053fc8       0x68 zephyr/kernel/libkernel.a(init.c.obj)
                0x00053fc8                z_init_cpu
 .text.z_cstart
                0x00054030       0xcc zephyr/kernel/libkernel.a(init.c.obj)
                0x00054030                z_cstart
 .text.statics_init
                0x000540fc       0x24 zephyr/kernel/libkernel.a(kheap.c.obj)
 .text.k_heap_alloc
                0x00054120       0x1c zephyr/kernel/libkernel.a(kheap.c.obj)
                0x00054120                k_heap_alloc
 .text.z_impl_k_mutex_lock
                0x0005413c       0xe4 zephyr/kernel/libkernel.a(mutex.c.obj)
                0x0005413c                z_impl_k_mutex_lock
 .text.z_impl_k_mutex_unlock
                0x00054220       0xa0 zephyr/kernel/libkernel.a(mutex.c.obj)
                0x00054220                z_impl_k_mutex_unlock
 .text.z_impl_k_sem_give
                0x000542c0       0x68 zephyr/kernel/libkernel.a(sem.c.obj)
                0x000542c0                z_impl_k_sem_give
 .text.z_impl_k_sem_take
                0x00054328       0x4c zephyr/kernel/libkernel.a(sem.c.obj)
                0x00054328                z_impl_k_sem_take
 .text.z_setup_new_thread
                0x00054374       0x7c zephyr/kernel/libkernel.a(thread.c.obj)
                0x00054374                z_setup_new_thread
 .text.z_dummy_thread_init
                0x000543f0       0x18 zephyr/kernel/libkernel.a(thread.c.obj)
                0x000543f0                z_dummy_thread_init
 .text.z_swap_irqlock
                0x00054408       0x30 zephyr/kernel/libkernel.a(sched.c.obj)
 .text.ready_thread
                0x00054438       0x80 zephyr/kernel/libkernel.a(sched.c.obj)
 .text.unready_thread
                0x000544b8       0x54 zephyr/kernel/libkernel.a(sched.c.obj)
 .text.add_thread_timeout
                0x0005450c       0x1c zephyr/kernel/libkernel.a(sched.c.obj)
 .text.reschedule.isra.0
                0x00054528       0x28 zephyr/kernel/libkernel.a(sched.c.obj)
 .text.move_current_to_end_of_prio_q
                0x00054550       0x6c zephyr/kernel/libkernel.a(sched.c.obj)
                0x00054550                move_current_to_end_of_prio_q
 .text.z_pend_curr
                0x000545bc       0x44 zephyr/kernel/libkernel.a(sched.c.obj)
                0x000545bc                z_pend_curr
 .text.z_thread_prio_set
                0x00054600       0xd8 zephyr/kernel/libkernel.a(sched.c.obj)
                0x00054600                z_thread_prio_set
 .text.k_sched_lock
                0x000546d8       0x28 zephyr/kernel/libkernel.a(sched.c.obj)
                0x000546d8                k_sched_lock
 .text.k_sched_unlock
                0x00054700       0x54 zephyr/kernel/libkernel.a(sched.c.obj)
                0x00054700                k_sched_unlock
 .text.z_sched_init
                0x00054754       0x10 zephyr/kernel/libkernel.a(sched.c.obj)
                0x00054754                z_sched_init
 .text.z_impl_k_yield
                0x00054764       0x84 zephyr/kernel/libkernel.a(sched.c.obj)
                0x00054764                z_impl_k_yield
 .text.z_tick_sleep
                0x000547e8       0x78 zephyr/kernel/libkernel.a(sched.c.obj)
 .text.z_impl_k_sched_current_thread_query
                0x00054860        0xc zephyr/kernel/libkernel.a(sched.c.obj)
                0x00054860                z_impl_k_sched_current_thread_query
 .text.z_thread_abort
                0x0005486c      0x13c zephyr/kernel/libkernel.a(sched.c.obj)
                0x0005486c                z_thread_abort
 .text.z_time_slice_size
                0x000549a8       0x40 zephyr/kernel/libkernel.a(timeslicing.c.obj)
 .text.slice_timeout
                0x000549e8       0x20 zephyr/kernel/libkernel.a(timeslicing.c.obj)
 .text.z_reset_time_slice
                0x00054a08       0x44 zephyr/kernel/libkernel.a(timeslicing.c.obj)
                0x00054a08                z_reset_time_slice
 .text.z_time_slice
                0x00054a4c       0x5c zephyr/kernel/libkernel.a(timeslicing.c.obj)
                0x00054a4c                z_time_slice
 .text.first    0x00054aa8       0x10 zephyr/kernel/libkernel.a(timeout.c.obj)
 .text.elapsed  0x00054ab8       0x14 zephyr/kernel/libkernel.a(timeout.c.obj)
 .text.remove_timeout
                0x00054acc       0x38 zephyr/kernel/libkernel.a(timeout.c.obj)
 .text.z_add_timeout
                0x00054b04      0x120 zephyr/kernel/libkernel.a(timeout.c.obj)
                0x00054b04                z_add_timeout
 .text.sys_clock_announce_locked
                0x00054c24       0xb8 zephyr/kernel/libkernel.a(timeout.c.obj)
                0x00054c24                sys_clock_announce_locked
 .text.sys_clock_tick_get
                0x00054cdc       0x30 zephyr/kernel/libkernel.a(timeout.c.obj)
                0x00054cdc                sys_clock_tick_get
 .text.printf   0x00054d0c       0x24 /home/pomo/zephyr-sdk-1.0.1/gnu/arm-zephyr-eabi/bin/../lib/gcc/arm-zephyr-eabi/14.3.0/../../../../arm-zephyr-eabi/lib/thumb/v8-m.main/nofp/space/libc.a(libc_tinystdio_printf.c.o)
                0x00054d0c                printf
 .text.strtol   0x00054d30       0xe8 /home/pomo/zephyr-sdk-1.0.1/gnu/arm-zephyr-eabi/bin/../lib/gcc/arm-zephyr-eabi/14.3.0/../../../../arm-zephyr-eabi/lib/thumb/v8-m.main/nofp/space/libc.a(libc_tinystdio_strtol.c.o)
                0x00054d30                strtol
 .text.strtoul  0x00054e18       0xcc /home/pomo/zephyr-sdk-1.0.1/gnu/arm-zephyr-eabi/bin/../lib/gcc/arm-zephyr-eabi/14.3.0/../../../../arm-zephyr-eabi/lib/thumb/v8-m.main/nofp/space/libc.a(libc_tinystdio_strtoul.c.o)
                0x00054e18                strtoul
 .text.__l_vfprintf
                0x00054ee4      0x484 /home/pomo/zephyr-sdk-1.0.1/gnu/arm-zephyr-eabi/bin/../lib/gcc/arm-zephyr-eabi/14.3.0/../../../../arm-zephyr-eabi/lib/thumb/v8-m.main/nofp/space/libc.a(libc_tinystdio_vflprintf.c.o)
                0x00054ee4                __l_vfprintf
 .text.vsnprintf
                0x00055368       0x4c /home/pomo/zephyr-sdk-1.0.1/gnu/arm-zephyr-eabi/bin/../lib/gcc/arm-zephyr-eabi/14.3.0/../../../../arm-zephyr-eabi/lib/thumb/v8-m.main/nofp/space/libc.a(libc_tinystdio_vsnprintf.c.o)
                0x00055368                vsnprintf
 .text._OffsetAbsSyms
                0x000553b4        0x2 zephyr/CMakeFiles/offsets.dir/./arch/arm/core/offsets/offsets.c.obj
                0x000553b4                _OffsetAbsSyms
 .text.chunk_size
                0x000553b6        0xa zephyr/libzephyr.a(heap.c.obj)
 .text.free_list_add
                0x000553c0       0x4e zephyr/libzephyr.a(heap.c.obj)
 .text.free_list_remove_bidx
                0x0005540e       0x3a zephyr/libzephyr.a(heap.c.obj)
 .text.free_list_remove
                0x00055448       0x1a zephyr/libzephyr.a(heap.c.obj)
 .text.alloc_chunk
                0x00055462       0x70 zephyr/libzephyr.a(heap.c.obj)
 .text.merge_chunks
                0x000554d2       0x2e zephyr/libzephyr.a(heap.c.obj)
 .text.split_chunks
                0x00055500       0x38 zephyr/libzephyr.a(heap.c.obj)
 .text.sys_heap_free
                0x00055538       0xac zephyr/libzephyr.a(heap.c.obj)
                0x00055538                sys_heap_free
 .text.sys_heap_alloc
                0x000555e4       0x5a zephyr/libzephyr.a(heap.c.obj)
                0x000555e4                sys_heap_alloc
 .text.sys_heap_noalign_alloc
                0x0005563e        0x6 zephyr/libzephyr.a(heap.c.obj)
                0x0005563e                sys_heap_noalign_alloc
 .text.sys_heap_init
                0x00055644       0x82 zephyr/libzephyr.a(heap.c.obj)
                0x00055644                sys_heap_init
 .text.arch_printk_char_out
                0x000556c6        0x4 zephyr/libzephyr.a(printk.c.obj)
                0x000556c6                arch_printk_char_out
 .text.printk   0x000556ca       0x1a zephyr/libzephyr.a(printk.c.obj)
                0x000556ca                printk
 .text.process_recheck
                0x000556e4       0x38 zephyr/libzephyr.a(onoff.c.obj)
 .text.validate_args
                0x0005571c       0x20 zephyr/libzephyr.a(onoff.c.obj)
 .text.notify_one
                0x0005573c       0x2c zephyr/libzephyr.a(onoff.c.obj)
 .text.transition_complete
                0x00055768       0x1a zephyr/libzephyr.a(onoff.c.obj)
 .text.onoff_manager_init
                0x00055782       0x26 zephyr/libzephyr.a(onoff.c.obj)
                0x00055782                onoff_manager_init
 .text.onoff_request
                0x000557a8       0x96 zephyr/libzephyr.a(onoff.c.obj)
                0x000557a8                onoff_request
 .text.sys_notify_validate
                0x0005583e       0x22 zephyr/libzephyr.a(notify.c.obj)
                0x0005583e                sys_notify_validate
 .text.sys_notify_finalize
                0x00055860       0x1a zephyr/libzephyr.a(notify.c.obj)
                0x00055860                sys_notify_finalize
 .text._ConfigAbsSyms
                0x0005587a        0x2 zephyr/libzephyr.a(configs.c.obj)
                0x0005587a                _ConfigAbsSyms
 .text.arch_early_memset
                0x0005587c        0x4 zephyr/arch/common/libarch__common.a(init.c.obj)
                0x0005587c                arch_early_memset
 .text.arch_early_memcpy
                0x00055880        0x4 zephyr/arch/common/libarch__common.a(init.c.obj)
                0x00055880                arch_early_memcpy
 .text.z_do_kernel_oops
                0x00055884        0x8 zephyr/arch/arch/arm/core/libarch__arm__core.a(fatal.c.obj)
                0x00055884                z_do_kernel_oops
 .text.z_arm_nmi
                0x0005588c        0xe zephyr/arch/arch/arm/core/libarch__arm__core.a(nmi.c.obj)
                0x0005588c                z_arm_nmi
 .text.z_irq_spurious
                0x0005589a        0x8 zephyr/arch/arch/arm/core/cortex_m/libarch__arm__core__cortex_m.a(irq_manage.c.obj)
                0x0005589a                z_irq_spurious
 .text.configure_builtin_stack_guard
                0x000558a2        0x8 zephyr/arch/arch/arm/core/cortex_m/libarch__arm__core__cortex_m.a(thread.c.obj)
                0x000558a2                configure_builtin_stack_guard
 .text.arch_coprocessors_disable
                0x000558aa        0x6 zephyr/arch/arch/arm/core/cortex_m/libarch__arm__core__cortex_m.a(thread.c.obj)
                0x000558aa                arch_coprocessors_disable
 .text.arch_irq_unlock_outlined
                0x000558b0        0xe zephyr/arch/arch/arm/core/cortex_m/libarch__arm__core__cortex_m.a(thread.c.obj)
                0x000558b0                arch_irq_unlock_outlined
 .text.arch_cpu_idle
                0x000558be       0x1a zephyr/arch/arch/arm/core/cortex_m/libarch__arm__core__cortex_m.a(cpu_idle.c.obj)
                0x000558be                arch_cpu_idle
 .text.arch_cpu_atomic_idle
                0x000558d8       0x1e zephyr/arch/arch/arm/core/cortex_m/libarch__arm__core__cortex_m.a(cpu_idle.c.obj)
                0x000558d8                arch_cpu_atomic_idle
 .text.arm_cmse_mpu_region_get
                0x000558f6       0x12 zephyr/arch/arch/arm/core/cortex_m/cmse/libarch__arm__core__cortex_m__cmse.a(arm_core_cmse.c.obj)
                0x000558f6                arm_cmse_mpu_region_get
 .text.mpu_configure_region
                0x00055908       0x32 zephyr/arch/arch/arm/core/mpu/libarch__arm__core__mpu.a(arm_mpu.c.obj)
 .text.picolibc_put
                0x0005593a        0xa zephyr/lib/libc/picolibc/liblib__libc__picolibc.a(stdio.c.obj)
 .text.get_status
                0x00055944       0x12 zephyr/drivers/clock_control/libdrivers__clock_control.a(clock_control_nrf.c.obj)
 .text.stop     0x00055956       0x50 zephyr/drivers/clock_control/libdrivers__clock_control.a(clock_control_nrf.c.obj)
 .text.api_stop
                0x000559a6        0x6 zephyr/drivers/clock_control/libdrivers__clock_control.a(clock_control_nrf.c.obj)
 .text.async_start
                0x000559ac       0x60 zephyr/drivers/clock_control/libdrivers__clock_control.a(clock_control_nrf.c.obj)
 .text.api_start
                0x00055a0c        0xe zephyr/drivers/clock_control/libdrivers__clock_control.a(clock_control_nrf.c.obj)
 .text.onoff_started_callback
                0x00055a1a       0x12 zephyr/drivers/clock_control/libdrivers__clock_control.a(clock_control_nrf.c.obj)
 .text.blocking_start_callback
                0x00055a2c        0x6 zephyr/drivers/clock_control/libdrivers__clock_control.a(clock_control_nrf.c.obj)
 .text.lfclk_stop
                0x00055a32        0x4 zephyr/drivers/clock_control/libdrivers__clock_control.a(clock_control_nrf.c.obj)
 .text.lfclk_start
                0x00055a36        0x4 zephyr/drivers/clock_control/libdrivers__clock_control.a(clock_control_nrf.c.obj)
 .text.gpio_nrfx_port_get_raw
                0x00055a3a        0xc zephyr/drivers/gpio/libdrivers__gpio.a(gpio_nrfx.c.obj)
 .text.gpio_nrfx_port_set_masked_raw
                0x00055a46       0x14 zephyr/drivers/gpio/libdrivers__gpio.a(gpio_nrfx.c.obj)
 .text.gpio_nrfx_port_set_bits_raw
                0x00055a5a        0xa zephyr/drivers/gpio/libdrivers__gpio.a(gpio_nrfx.c.obj)
 .text.gpio_nrfx_port_clear_bits_raw
                0x00055a64        0xa zephyr/drivers/gpio/libdrivers__gpio.a(gpio_nrfx.c.obj)
 .text.gpio_nrfx_port_toggle_bits
                0x00055a6e       0x14 zephyr/drivers/gpio/libdrivers__gpio.a(gpio_nrfx.c.obj)
 .text.gpio_nrfx_manage_callback
                0x00055a82       0x54 zephyr/drivers/gpio/libdrivers__gpio.a(gpio_nrfx.c.obj)
 .text.gpio_nrfx_gpiote_irq_handler
                0x00055ad6        0x4 zephyr/drivers/gpio/libdrivers__gpio.a(gpio_nrfx.c.obj)
                0x00055ad6                gpio_nrfx_gpiote_irq_handler
 .text.pinctrl_lookup_state
                0x00055ada       0x24 zephyr/drivers/pinctrl/libdrivers__pinctrl.a(common.c.obj)
                0x00055ada                pinctrl_lookup_state
 .text.uarte_nrfx_err_check
                0x00055afe        0xe zephyr/drivers/serial/libdrivers__serial.a(uart_nrfx_uarte.c.obj)
 .text.uarte_nrfx_poll_in
                0x00055b0c       0x26 zephyr/drivers/serial/libdrivers__serial.a(uart_nrfx_uarte.c.obj)
 .text.is_tx_ready.isra.0
                0x00055b32       0x20 zephyr/drivers/serial/libdrivers__serial.a(uart_nrfx_uarte.c.obj)
 .text.uarte_nrfx_isr_int
                0x00055b52       0x42 zephyr/drivers/serial/libdrivers__serial.a(uart_nrfx_uarte.c.obj)
 .text.pinctrl_apply_state.isra.0
                0x00055b94       0x1e zephyr/drivers/serial/libdrivers__serial.a(uart_nrfx_uarte.c.obj)
 .text.uarte_0_init
                0x00055bb2       0xda zephyr/drivers/serial/libdrivers__serial.a(uart_nrfx_uarte.c.obj)
 .text.event_clear
                0x00055c8c       0x18 zephyr/drivers/timer/libdrivers__timer.a(nrf_rtc_timer.c.obj)
 .text.nrf_modem_os_busywait
                0x00055ca4        0x4 modules/nrf/lib/nrf_modem_lib/lib..__nrf__lib__nrf_modem_lib.a(nrf_modem_os.c.obj)
                0x00055ca4                nrf_modem_os_busywait
 .text.nrf_modem_os_is_in_isr
                0x00055ca8        0x4 modules/nrf/lib/nrf_modem_lib/lib..__nrf__lib__nrf_modem_lib.a(nrf_modem_os.c.obj)
                0x00055ca8                nrf_modem_os_is_in_isr
 .text.nrf_modem_os_sem_give
                0x00055cac        0x4 modules/nrf/lib/nrf_modem_lib/lib..__nrf__lib__nrf_modem_lib.a(nrf_modem_os.c.obj)
                0x00055cac                nrf_modem_os_sem_give
 .text.nrf_modem_os_sem_take
                0x00055cb0       0x40 modules/nrf/lib/nrf_modem_lib/lib..__nrf__lib__nrf_modem_lib.a(nrf_modem_os.c.obj)
                0x00055cb0                nrf_modem_os_sem_take
 .text.nrf_modem_os_mutex_unlock
                0x00055cf0        0x4 modules/nrf/lib/nrf_modem_lib/lib..__nrf__lib__nrf_modem_lib.a(nrf_modem_os.c.obj)
                0x00055cf0                nrf_modem_os_mutex_unlock
 .text.nrf_modem_os_mutex_lock
                0x00055cf4       0x40 modules/nrf/lib/nrf_modem_lib/lib..__nrf__lib__nrf_modem_lib.a(nrf_modem_os.c.obj)
                0x00055cf4                nrf_modem_os_mutex_lock
 .text._psa_crypto_init
                0x00055d34       0x1e modules/nrf/subsys/nrf_security/src/zephyr/libmbedtls_zephyr.a(psa_crypto_init.c.obj)
 .text.tfm_platform_ns_fault_set_handler
                0x00055d52       0x4e modules/nrf/modules/trusted-firmware-m/libtfm_api_nrf.a(tfm_ioctl_ns_api.c.obj)
                0x00055d52                tfm_platform_ns_fault_set_handler
 .text.ns_interface_init
                0x00055da0        0x4 modules/trusted-firmware-m/libtfm_api.a(interface.c.obj)
 .text.psa_crypto_init
                0x00055da4        0x4 modules/trusted-firmware-m/libtfm_api.a(tfm_crypto_api.c.obj)
                0x00055da4                psa_crypto_init
 .text.SystemInit
                0x00055da8        0x2 modules/hal_nordic/modules/hal_nordic/nrfx/libnrfx.a(system_nrf91.c.obj)
                0x00055da8                SystemInit
 .text.nrfx_isr
                0x00055daa        0x6 modules/hal_nordic/modules/hal_nordic/nrfx/libnrfx.a(nrfx_glue.c.obj)
                0x00055daa                nrfx_isr
 .text.nrfx_busy_wait
                0x00055db0        0x4 modules/hal_nordic/modules/hal_nordic/nrfx/libnrfx.a(nrfx_glue.c.obj)
                0x00055db0                nrfx_busy_wait
 .text.nrfx_flag32_alloc
                0x00055db4       0x34 modules/hal_nordic/modules/hal_nordic/nrfx/libnrfx.a(nrfx_flag32_allocator.c.obj)
                0x00055db4                nrfx_flag32_alloc
 .text.nrfx_flag32_free
                0x00055de8       0x32 modules/hal_nordic/modules/hal_nordic/nrfx/libnrfx.a(nrfx_flag32_allocator.c.obj)
                0x00055de8                nrfx_flag32_free
 .text.nrfx_gppi_conn_alloc
                0x00055e1a       0x3e modules/hal_nordic/modules/hal_nordic/nrfx/libnrfx.a(nrfx_gppi_dppi.c.obj)
                0x00055e1a                nrfx_gppi_conn_alloc
 .text.nrfx_clock_start
                0x00055e58       0x10 modules/hal_nordic/modules/hal_nordic/nrfx/libnrfx.a(nrfx_clock.c.obj)
                0x00055e58                nrfx_clock_start
 .text.nrfx_clock_stop
                0x00055e68       0x10 modules/hal_nordic/modules/hal_nordic/nrfx/libnrfx.a(nrfx_clock.c.obj)
                0x00055e68                nrfx_clock_stop
 .text.nrfx_power_clock_irq_handler
                0x00055e78        0xe modules/hal_nordic/modules/hal_nordic/nrfx/libnrfx.a(nrfx_clock.c.obj)
                0x00055e78                nrfx_power_clock_irq_handler
 .text.nrfx_clock_hfclk_stop
                0x00055e86        0x4 modules/hal_nordic/modules/hal_nordic/nrfx/libnrfx.a(nrfx_clock_hfclk.c.obj)
                0x00055e86                nrfx_clock_hfclk_stop
 .text.nrfx_clock_lfclk_stop
                0x00055e8a        0x4 modules/hal_nordic/modules/hal_nordic/nrfx/libnrfx.a(nrfx_clock_lfclk.c.obj)
                0x00055e8a                nrfx_clock_lfclk_stop
 .text.nrf_gpio_cfg_sense_set
                0x00055e8e       0x1e modules/hal_nordic/modules/hal_nordic/nrfx/libnrfx.a(nrfx_gpiote.c.obj)
 .text.call_handler
                0x00055eac       0x3a modules/hal_nordic/modules/hal_nordic/nrfx/libnrfx.a(nrfx_gpiote.c.obj)
 .text.release_handler
                0x00055ee6       0x4a modules/hal_nordic/modules/hal_nordic/nrfx/libnrfx.a(nrfx_gpiote.c.obj)
 .text.__nrfy_internal_gpiote_events_process
                0x00055f30       0x4e modules/hal_nordic/modules/hal_nordic/nrfx/libnrfx.a(nrfx_gpiote.c.obj)
 .text.pin_trigger_disable
                0x00055f7e       0x3a modules/hal_nordic/modules/hal_nordic/nrfx/libnrfx.a(nrfx_gpiote.c.obj)
 .text.nrfx_gpiote_input_configure
                0x00055fb8      0x136 modules/hal_nordic/modules/hal_nordic/nrfx/libnrfx.a(nrfx_gpiote.c.obj)
                0x00055fb8                nrfx_gpiote_input_configure
 .text.nrfx_gpiote_output_configure
                0x000560ee       0xce modules/hal_nordic/modules/hal_nordic/nrfx/libnrfx.a(nrfx_gpiote.c.obj)
                0x000560ee                nrfx_gpiote_output_configure
 .text.nrfx_gpiote_global_callback_set
                0x000561bc        0x6 modules/hal_nordic/modules/hal_nordic/nrfx/libnrfx.a(nrfx_gpiote.c.obj)
                0x000561bc                nrfx_gpiote_global_callback_set
 .text.nrfx_gpiote_channel_get
                0x000561c2       0x18 modules/hal_nordic/modules/hal_nordic/nrfx/libnrfx.a(nrfx_gpiote.c.obj)
                0x000561c2                nrfx_gpiote_channel_get
 .text.nrfx_gpiote_init_check
                0x000561da        0xc modules/hal_nordic/modules/hal_nordic/nrfx/libnrfx.a(nrfx_gpiote.c.obj)
                0x000561da                nrfx_gpiote_init_check
 .text.nrfx_gpiote_pin_uninit
                0x000561e6        0x4 modules/hal_nordic/modules/hal_nordic/nrfx/libnrfx.a(nrfx_gpiote.c.obj)
                0x000561e6                nrfx_gpiote_pin_uninit
 .text.nrfx_gpiote_trigger_enable
                0x000561ea       0x8c modules/hal_nordic/modules/hal_nordic/nrfx/libnrfx.a(nrfx_gpiote.c.obj)
                0x000561ea                nrfx_gpiote_trigger_enable
 .text.nrfx_gpiote_trigger_disable
                0x00056276        0x4 modules/hal_nordic/modules/hal_nordic/nrfx/libnrfx.a(nrfx_gpiote.c.obj)
                0x00056276                nrfx_gpiote_trigger_disable
 .text.nrf_modem_is_initialized
                0x0005627a        0x4 /home/pomo/git/STCP/STCPv2/zephyr/nordic/nrfxlib/nrf_modem/lib/cellular/nrf9120/soft-float/libmodem.a(nrf_modem.c.obj)
                0x0005627a                nrf_modem_is_initialized
 .text.rpc_handle_ctrl_message
                0x0005627e       0x18 /home/pomo/git/STCP/STCPv2/zephyr/nordic/nrfxlib/nrf_modem/lib/cellular/nrf9120/soft-float/libmodem.a(rpc_framework.c.obj)
                0x0005627e                rpc_handle_ctrl_message
 .text.rpc_list_preambles_init
                0x00056296       0x20 /home/pomo/git/STCP/STCPv2/zephyr/nordic/nrfxlib/nrf_modem/lib/cellular/nrf9120/soft-float/libmodem.a(rpc_transport_ipc.c.obj)
 .text.rpc_transport_ipc_data_rx_resume
                0x000562b6        0x6 /home/pomo/git/STCP/STCPv2/zephyr/nordic/nrfxlib/nrf_modem/lib/cellular/nrf9120/soft-float/libmodem.a(rpc_transport_ipc.c.obj)
 .text.rpc_transport_ipc_data_rx_suspend
                0x000562bc        0x6 /home/pomo/git/STCP/STCPv2/zephyr/nordic/nrfxlib/nrf_modem/lib/cellular/nrf9120/soft-float/libmodem.a(rpc_transport_ipc.c.obj)
 .text.rpc_transport_ipc_shutdown
                0x000562c2        0xe /home/pomo/git/STCP/STCPv2/zephyr/nordic/nrfxlib/nrf_modem/lib/cellular/nrf9120/soft-float/libmodem.a(rpc_transport_ipc.c.obj)
 .text.rpc_transport_ipc_msg_alloc
                0x000562d0       0x4a /home/pomo/git/STCP/STCPv2/zephyr/nordic/nrfxlib/nrf_modem/lib/cellular/nrf9120/soft-float/libmodem.a(rpc_transport_ipc.c.obj)
 .text.rpc_client_msg_from_rpc_msg_get
                0x0005631a        0x4 /home/pomo/git/STCP/STCPv2/zephyr/nordic/nrfxlib/nrf_modem/lib/cellular/nrf9120/soft-float/libmodem.a(rpc_client.c.obj)
                0x0005631a                rpc_client_msg_from_rpc_msg_get
 .text.rpc_client_msg_alloc
                0x0005631e       0x3c /home/pomo/git/STCP/STCPv2/zephyr/nordic/nrfxlib/nrf_modem/lib/cellular/nrf9120/soft-float/libmodem.a(rpc_client.c.obj)
                0x0005631e                rpc_client_msg_alloc
 .text.rpc_client_msg_send
                0x0005635a        0xe /home/pomo/git/STCP/STCPv2/zephyr/nordic/nrfxlib/nrf_modem/lib/cellular/nrf9120/soft-float/libmodem.a(rpc_client.c.obj)
                0x0005635a                rpc_client_msg_send
 .text.rpc_client_msg_data_rx_free
                0x00056368        0x4 /home/pomo/git/STCP/STCPv2/zephyr/nordic/nrfxlib/nrf_modem/lib/cellular/nrf9120/soft-float/libmodem.a(rpc_client.c.obj)
                0x00056368                rpc_client_msg_data_rx_free
 .text.rpc_client_msg_data_tx_alloc
                0x0005636c        0x4 /home/pomo/git/STCP/STCPv2/zephyr/nordic/nrfxlib/nrf_modem/lib/cellular/nrf9120/soft-float/libmodem.a(rpc_client.c.obj)
                0x0005636c                rpc_client_msg_data_tx_alloc
 .text.rpc_client_msg_data_tx_free
                0x00056370       0x10 /home/pomo/git/STCP/STCPv2/zephyr/nordic/nrfxlib/nrf_modem/lib/cellular/nrf9120/soft-float/libmodem.a(rpc_client.c.obj)
                0x00056370                rpc_client_msg_data_tx_free
 .text.sockaddr_init
                0x00056380       0x62 /home/pomo/git/STCP/STCPv2/zephyr/nordic/nrfxlib/nrf_modem/lib/cellular/nrf9120/soft-float/libmodem.a(addr.c.obj)
                0x00056380                sockaddr_init
 .text.sock_pollcb
                0x000563e2       0x30 /home/pomo/git/STCP/STCPv2/zephyr/nordic/nrfxlib/nrf_modem/lib/cellular/nrf9120/soft-float/libmodem.a(sock.c.obj)
                0x000563e2                sock_pollcb
 .text.sock_sendcb
                0x00056412       0x16 /home/pomo/git/STCP/STCPv2/zephyr/nordic/nrfxlib/nrf_modem/lib/cellular/nrf9120/soft-float/libmodem.a(sock.c.obj)
                0x00056412                sock_sendcb
 .text.sock_pkt_append
                0x00056428       0x14 /home/pomo/git/STCP/STCPv2/zephyr/nordic/nrfxlib/nrf_modem/lib/cellular/nrf9120/soft-float/libmodem.a(sock.c.obj)
                0x00056428                sock_pkt_append
 .text.sock_is_stream
                0x0005643c        0xa /home/pomo/git/STCP/STCPv2/zephyr/nordic/nrfxlib/nrf_modem/lib/cellular/nrf9120/soft-float/libmodem.a(sock.c.obj)
                0x0005643c                sock_is_stream
 .text.sock_is_datagram
                0x00056446        0xa /home/pomo/git/STCP/STCPv2/zephyr/nordic/nrfxlib/nrf_modem/lib/cellular/nrf9120/soft-float/libmodem.a(sock.c.obj)
                0x00056446                sock_is_datagram
 .text.sock_proto_is_secure
                0x00056450       0x16 /home/pomo/git/STCP/STCPv2/zephyr/nordic/nrfxlib/nrf_modem/lib/cellular/nrf9120/soft-float/libmodem.a(sock.c.obj)
                0x00056450                sock_proto_is_secure
 .text.sock_is_attaching
                0x00056466        0xa /home/pomo/git/STCP/STCPv2/zephyr/nordic/nrfxlib/nrf_modem/lib/cellular/nrf9120/soft-float/libmodem.a(sock.c.obj)
                0x00056466                sock_is_attaching
 .text.sock_is_nonblock
                0x00056470        0x8 /home/pomo/git/STCP/STCPv2/zephyr/nordic/nrfxlib/nrf_modem/lib/cellular/nrf9120/soft-float/libmodem.a(sock.c.obj)
                0x00056470                sock_is_nonblock
 .text.sock_is_closed
                0x00056478        0xa /home/pomo/git/STCP/STCPv2/zephyr/nordic/nrfxlib/nrf_modem/lib/cellular/nrf9120/soft-float/libmodem.a(sock.c.obj)
                0x00056478                sock_is_closed
 .text.sock_is_eof
                0x00056482       0x16 /home/pomo/git/STCP/STCPv2/zephyr/nordic/nrfxlib/nrf_modem/lib/cellular/nrf9120/soft-float/libmodem.a(sock.c.obj)
                0x00056482                sock_is_eof
 .text.sock_has_stream_error
                0x00056498        0x8 /home/pomo/git/STCP/STCPv2/zephyr/nordic/nrfxlib/nrf_modem/lib/cellular/nrf9120/soft-float/libmodem.a(sock.c.obj)
                0x00056498                sock_has_stream_error
 .text.sock_has_error
                0x000564a0        0xe /home/pomo/git/STCP/STCPv2/zephyr/nordic/nrfxlib/nrf_modem/lib/cellular/nrf9120/soft-float/libmodem.a(sock.c.obj)
                0x000564a0                sock_has_error
 .text.sock_has_pollcb
                0x000564ae        0xa /home/pomo/git/STCP/STCPv2/zephyr/nordic/nrfxlib/nrf_modem/lib/cellular/nrf9120/soft-float/libmodem.a(sock.c.obj)
                0x000564ae                sock_has_pollcb
 .text.sock_has_sendcb
                0x000564b8        0xa /home/pomo/git/STCP/STCPv2/zephyr/nordic/nrfxlib/nrf_modem/lib/cellular/nrf9120/soft-float/libmodem.a(sock.c.obj)
                0x000564b8                sock_has_sendcb
 .text.sock_can_read
                0x000564c2        0xa /home/pomo/git/STCP/STCPv2/zephyr/nordic/nrfxlib/nrf_modem/lib/cellular/nrf9120/soft-float/libmodem.a(sock.c.obj)
                0x000564c2                sock_can_read
 .text.sock_can_accept
                0x000564cc        0xc /home/pomo/git/STCP/STCPv2/zephyr/nordic/nrfxlib/nrf_modem/lib/cellular/nrf9120/soft-float/libmodem.a(sock.c.obj)
                0x000564cc                sock_can_accept
 .text.sock_can_send
                0x000564d8       0x48 /home/pomo/git/STCP/STCPv2/zephyr/nordic/nrfxlib/nrf_modem/lib/cellular/nrf9120/soft-float/libmodem.a(sock.c.obj)
                0x000564d8                sock_can_send
 .text.sock_apn_rate_control_set
                0x00056520       0x18 /home/pomo/git/STCP/STCPv2/zephyr/nordic/nrfxlib/nrf_modem/lib/cellular/nrf9120/soft-float/libmodem.a(sock.c.obj)
                0x00056520                sock_apn_rate_control_set
 .text.sock_pdn_status_set
                0x00056538       0x18 /home/pomo/git/STCP/STCPv2/zephyr/nordic/nrfxlib/nrf_modem/lib/cellular/nrf9120/soft-float/libmodem.a(sock.c.obj)
                0x00056538                sock_pdn_status_set
 .text.pkt_free
                0x00056550       0x1c /home/pomo/git/STCP/STCPv2/zephyr/nordic/nrfxlib/nrf_modem/lib/cellular/nrf9120/soft-float/libmodem.a(packet.c.obj)
                0x00056550                pkt_free
 .text.pkt_flush
                0x0005656c       0x1c /home/pomo/git/STCP/STCPv2/zephyr/nordic/nrfxlib/nrf_modem/lib/cellular/nrf9120/soft-float/libmodem.a(packet.c.obj)
                0x0005656c                pkt_flush
 .text.on_conf_dnssrv_res
                0x00056588        0x4 /home/pomo/git/STCP/STCPv2/zephyr/nordic/nrfxlib/nrf_modem/lib/cellular/nrf9120/soft-float/libmodem.a(dns.c.obj)
                0x00056588                on_conf_dnssrv_res
 .text.on_getifaddrs_res
                0x0005658c       0x1a /home/pomo/git/STCP/STCPv2/zephyr/nordic/nrfxlib/nrf_modem/lib/cellular/nrf9120/soft-float/libmodem.a(ifaddrs.c.obj)
                0x0005658c                on_getifaddrs_res
 .text.nrf_poll_one
                0x000565a6       0x92 /home/pomo/git/STCP/STCPv2/zephyr/nordic/nrfxlib/nrf_modem/lib/cellular/nrf9120/soft-float/libmodem.a(poll.c.obj)
                0x000565a6                nrf_poll_one
 .text.rpc_error_to_nrf_errno
                0x00056638       0xac /home/pomo/git/STCP/STCPv2/zephyr/nordic/nrfxlib/nrf_modem/lib/cellular/nrf9120/soft-float/libmodem.a(tables.c.obj)
                0x00056638                rpc_error_to_nrf_errno
 .text.res_cookie_get
                0x000566e4        0x4 /home/pomo/git/STCP/STCPv2/zephyr/nordic/nrfxlib/nrf_modem/lib/cellular/nrf9120/soft-float/libmodem.a(reqres.c.obj)
                0x000566e4                res_cookie_get
 .text.res_forward
                0x000566e8        0x8 /home/pomo/git/STCP/STCPv2/zephyr/nordic/nrfxlib/nrf_modem/lib/cellular/nrf9120/soft-float/libmodem.a(reqres.c.obj)
                0x000566e8                res_forward
 .text.rpc_dfu_event_handler
                0x000566f0       0x54 /home/pomo/git/STCP/STCPv2/zephyr/nordic/nrfxlib/nrf_modem/lib/cellular/nrf9120/soft-float/libmodem.a(nrf_modem_delta_dfu.c.obj)
                0x000566f0                rpc_dfu_event_handler
 .text.delta_dfu_res_cookie_get
                0x00056744        0x4 /home/pomo/git/STCP/STCPv2/zephyr/nordic/nrfxlib/nrf_modem/lib/cellular/nrf9120/soft-float/libmodem.a(delta_dfu_reqres.c.obj)
                0x00056744                delta_dfu_res_cookie_get
 .text.delta_dfu_res_forward
                0x00056748        0x8 /home/pomo/git/STCP/STCPv2/zephyr/nordic/nrfxlib/nrf_modem/lib/cellular/nrf9120/soft-float/libmodem.a(delta_dfu_reqres.c.obj)
                0x00056748                delta_dfu_res_forward
 .text.z_impl_k_busy_wait
                0x00056750        0x8 zephyr/kernel/libkernel.a(busy_wait.c.obj)
                0x00056750                z_impl_k_busy_wait
 .text.do_device_init
                0x00056758       0x30 zephyr/kernel/libkernel.a(device.c.obj)
                0x00056758                do_device_init
 .text.z_impl_device_is_ready
                0x00056788       0x16 zephyr/kernel/libkernel.a(device.c.obj)
                0x00056788                z_impl_device_is_ready
 .text.arch_system_halt
                0x0005679e       0x10 zephyr/kernel/libkernel.a(fatal.c.obj)
                0x0005679e                arch_system_halt
 .text.k_sys_fatal_error_handler
                0x000567ae        0x6 zephyr/kernel/libkernel.a(fatal.c.obj)
                0x000567ae                k_sys_fatal_error_handler
 .text.z_heap_alloc_helper
                0x000567b4       0x84 zephyr/kernel/libkernel.a(kheap.c.obj)
 .text.k_heap_init
                0x00056838       0x10 zephyr/kernel/libkernel.a(kheap.c.obj)
                0x00056838                k_heap_init
 .text.k_heap_free
                0x00056848       0x38 zephyr/kernel/libkernel.a(kheap.c.obj)
                0x00056848                k_heap_free
 .text.idle     0x00056880       0x16 zephyr/kernel/libkernel.a(idle.c.obj)
                0x00056880                idle
 .text.adjust_owner_prio.isra.0
                0x00056896       0x10 zephyr/kernel/libkernel.a(mutex.c.obj)
 .text.z_impl_k_sem_init
                0x000568a6       0x18 zephyr/kernel/libkernel.a(sem.c.obj)
                0x000568a6                z_impl_k_sem_init
 .text.k_is_in_isr
                0x000568be        0xc zephyr/kernel/libkernel.a(thread.c.obj)
                0x000568be                k_is_in_isr
 .text.sys_dlist_remove
                0x000568ca       0x10 zephyr/kernel/libkernel.a(sched.c.obj)
 .text.unpend_thread_no_timeout
                0x000568da       0x14 zephyr/kernel/libkernel.a(sched.c.obj)
 .text.add_to_waitq_locked
                0x000568ee       0x4c zephyr/kernel/libkernel.a(sched.c.obj)
 .text.z_ready_thread
                0x0005693a       0x1e zephyr/kernel/libkernel.a(sched.c.obj)
                0x0005693a                z_ready_thread
 .text.z_sched_wake_thread_locked
                0x00056958       0x28 zephyr/kernel/libkernel.a(sched.c.obj)
                0x00056958                z_sched_wake_thread_locked
 .text.z_thread_timeout
                0x00056980       0x20 zephyr/kernel/libkernel.a(sched.c.obj)
                0x00056980                z_thread_timeout
 .text.z_reschedule
                0x000569a0        0x6 zephyr/kernel/libkernel.a(sched.c.obj)
                0x000569a0                z_reschedule
 .text.z_unpend_all_locked
                0x000569a6       0x2e zephyr/kernel/libkernel.a(sched.c.obj)
                0x000569a6                z_unpend_all_locked
 .text.z_unpend_all
                0x000569d4       0x1e zephyr/kernel/libkernel.a(sched.c.obj)
                0x000569d4                z_unpend_all
 .text.z_impl_k_sleep
                0x000569f2       0x32 zephyr/kernel/libkernel.a(sched.c.obj)
                0x000569f2                z_impl_k_sleep
 .text.z_impl_k_wakeup
                0x00056a24       0x40 zephyr/kernel/libkernel.a(sched.c.obj)
                0x00056a24                z_impl_k_wakeup
 .text.next_timeout
                0x00056a64       0x2e zephyr/kernel/libkernel.a(timeout.c.obj)
 .text.z_abort_timeout
                0x00056a92       0x6a zephyr/kernel/libkernel.a(timeout.c.obj)
                0x00056a92                z_abort_timeout
 .text.sys_clock_tick_get_32
                0x00056afc        0x8 zephyr/kernel/libkernel.a(timeout.c.obj)
                0x00056afc                sys_clock_tick_get_32
 .text.z_impl_k_uptime_ticks
                0x00056b04        0x4 zephyr/kernel/libkernel.a(timeout.c.obj)
                0x00056b04                z_impl_k_uptime_ticks
 .text.sys_timepoint_calc
                0x00056b08       0x4a zephyr/kernel/libkernel.a(timeout.c.obj)
                0x00056b08                sys_timepoint_calc
 .text.sys_timepoint_timeout
                0x00056b52       0x42 zephyr/kernel/libkernel.a(timeout.c.obj)
                0x00056b52                sys_timepoint_timeout
 .text.boot_banner
                0x00056b94        0x2 zephyr/kernel/libkernel.a(banner.c.obj)
                0x00056b94                boot_banner
 .text.memcpy   0x00056b96       0x1a /home/pomo/zephyr-sdk-1.0.1/gnu/arm-zephyr-eabi/bin/../lib/gcc/arm-zephyr-eabi/14.3.0/../../../../arm-zephyr-eabi/lib/thumb/v8-m.main/nofp/space/libc.a(memcpy.c.o)
                0x00056b96                memcpy
                0x00056b96                __aeabi_memcpy
                0x00056b96                __aeabi_memcpy4
                0x00056b96                __aeabi_memcpy8
 .text.memset   0x00056bb0       0x10 /home/pomo/zephyr-sdk-1.0.1/gnu/arm-zephyr-eabi/bin/../lib/gcc/arm-zephyr-eabi/14.3.0/../../../../arm-zephyr-eabi/lib/thumb/v8-m.main/nofp/space/libc.a(memset.c.o)
                0x00056bb0                memset
 .text.strncasecmp
                0x00056bc0       0x34 /home/pomo/zephyr-sdk-1.0.1/gnu/arm-zephyr-eabi/bin/../lib/gcc/arm-zephyr-eabi/14.3.0/../../../../arm-zephyr-eabi/lib/thumb/v8-m.main/nofp/space/libc.a(libc_string_strncasecmp.c.o)
                0x00056bc0                strncasecmp
 .text.strncpy  0x00056bf4       0x26 /home/pomo/zephyr-sdk-1.0.1/gnu/arm-zephyr-eabi/bin/../lib/gcc/arm-zephyr-eabi/14.3.0/../../../../arm-zephyr-eabi/lib/thumb/v8-m.main/nofp/space/libc.a(libc_string_strncpy.c.o)
                0x00056bf4                strncpy
 .text.strnlen  0x00056c1a       0x18 /home/pomo/zephyr-sdk-1.0.1/gnu/arm-zephyr-eabi/bin/../lib/gcc/arm-zephyr-eabi/14.3.0/../../../../arm-zephyr-eabi/lib/thumb/v8-m.main/nofp/space/libc.a(libc_string_strnlen.c.o)
                0x00056c1a                strnlen
 .text.strstr   0x00056c32       0x2c /home/pomo/zephyr-sdk-1.0.1/gnu/arm-zephyr-eabi/bin/../lib/gcc/arm-zephyr-eabi/14.3.0/../../../../arm-zephyr-eabi/lib/thumb/v8-m.main/nofp/space/libc.a(libc_string_strstr.c.o)
                0x00056c32                strstr
 .text.__ultoa_invert
                0x00056c5e       0xac /home/pomo/zephyr-sdk-1.0.1/gnu/arm-zephyr-eabi/bin/../lib/gcc/arm-zephyr-eabi/14.3.0/../../../../arm-zephyr-eabi/lib/thumb/v8-m.main/nofp/space/libc.a(libc_tinystdio_vflprintf.c.o)
 .text.__file_str_put
                0x00056d0a       0x10 /home/pomo/zephyr-sdk-1.0.1/gnu/arm-zephyr-eabi/bin/../lib/gcc/arm-zephyr-eabi/14.3.0/../../../../arm-zephyr-eabi/lib/thumb/v8-m.main/nofp/space/libc.a(libc_tinystdio_filestrput.c.o)
                0x00056d0a                __file_str_put
 *(SORT_BY_ALIGNMENT(.gnu.linkonce.t.*))
 *(SORT_BY_ALIGNMENT(.glue_7t))
 .glue_7t       0x00056d1a        0x0 linker stubs
 *(SORT_BY_ALIGNMENT(.glue_7))
 .glue_7        0x00056d1a        0x0 linker stubs
 *(SORT_BY_ALIGNMENT(.vfp11_veneer))
 .vfp11_veneer  0x00056d1a        0x0 linker stubs
 *(SORT_BY_ALIGNMENT(.v4_bx))
 .v4_bx         0x00056d1a        0x0 linker stubs
                0x00056d1c                        . = ALIGN (0x4)
 *fill*         0x00056d1a        0x2 
                0x00056d1c                        __text_region_end = .

.ARM.exidx      0x00056d1c        0x8
                0x00056d1c                        __exidx_start = .
 *(SORT_BY_ALIGNMENT(.ARM.exidx*) SORT_BY_ALIGNMENT(gnu.linkonce.armexidx.*))
 .ARM.exidx     0x00056d1c        0x8 /home/pomo/zephyr-sdk-1.0.1/gnu/arm-zephyr-eabi/bin/../lib/gcc/arm-zephyr-eabi/14.3.0/thumb/v8-m.main/nofp/space/libgcc.a(_udivmoddi4.o)
                0x00056d24                        __exidx_end = .
                0x00056d24                        __rodata_region_start = .

initlevel       0x00056d24       0x70
                0x00056d24                        __init_start = .
                0x00056d24                        __init_EARLY_start = .
 *(SORT_BY_NAME(SORT_BY_ALIGNMENT(.z_init_EARLY_P_?_*)))
 .z_init_EARLY_P_0_SUB_0_
                0x00056d24        0x8 zephyr/soc/soc/nrf9151/libsoc__nordic.a(gppi_init.c.obj)
 *(SORT_BY_NAME(SORT_BY_ALIGNMENT(.z_init_EARLY_P_??_*)))
 *(SORT_BY_NAME(SORT_BY_ALIGNMENT(.z_init_EARLY_P_???_*)))
                0x00056d2c                        __init_PRE_KERNEL_1_start = .
 *(SORT_BY_NAME(SORT_BY_ALIGNMENT(.z_init_PRE_KERNEL_1_P_?_*)))
 .z_init_PRE_KERNEL_1_P_0_SUB_0_
                0x00056d2c        0x8 zephyr/soc/soc/nrf9151/libsoc__nordic.a(soc.c.obj)
 .z_init_PRE_KERNEL_1_P_0_SUB_0_
                0x00056d34        0x8 modules/nrf/modules/trusted-firmware-m/lib..__nrf__modules__trusted-firmware-m.a(fault.c.obj)
 *(SORT_BY_NAME(SORT_BY_ALIGNMENT(.z_init_PRE_KERNEL_1_P_??_*)))
 .z_init_PRE_KERNEL_1_P_30_SUB_00079_
                0x00056d3c        0x8 zephyr/drivers/clock_control/libdrivers__clock_control.a(clock_control_nrf.c.obj)
 .z_init_PRE_KERNEL_1_P_30_SUB_0_
                0x00056d44        0x8 zephyr/kernel/libkernel.a(kheap.c.obj)
 .z_init_PRE_KERNEL_1_P_40_SUB_00010_
                0x00056d4c        0x8 zephyr/drivers/gpio/libdrivers__gpio.a(gpio_nrfx.c.obj)
 .z_init_PRE_KERNEL_1_P_50_SUB_00105_
                0x00056d54        0x8 zephyr/drivers/serial/libdrivers__serial.a(uart_nrfx_uarte.c.obj)
 .z_init_PRE_KERNEL_1_P_60_SUB_0_
                0x00056d5c        0x8 zephyr/drivers/console/libdrivers__console.a(uart_console.c.obj)
 *(SORT_BY_NAME(SORT_BY_ALIGNMENT(.z_init_PRE_KERNEL_1_P_???_*)))
                0x00056d64                        __init_PRE_KERNEL_2_start = .
 *(SORT_BY_NAME(SORT_BY_ALIGNMENT(.z_init_PRE_KERNEL_2_P_?_*)))
 .z_init_PRE_KERNEL_2_P_0_SUB_0_
                0x00056d64        0x8 zephyr/drivers/timer/libdrivers__timer.a(nrf_rtc_timer.c.obj)
 *(SORT_BY_NAME(SORT_BY_ALIGNMENT(.z_init_PRE_KERNEL_2_P_??_*)))
 *(SORT_BY_NAME(SORT_BY_ALIGNMENT(.z_init_PRE_KERNEL_2_P_???_*)))
                0x00056d6c                        __init_POST_KERNEL_start = .
 *(SORT_BY_NAME(SORT_BY_ALIGNMENT(.z_init_POST_KERNEL_P_?_*)))
 .z_init_POST_KERNEL_P_0_SUB_0_
                0x00056d6c        0x8 modules/nrf/lib/nrf_modem_lib/lib..__nrf__lib__nrf_modem_lib.a(nrf_modem_os.c.obj)
 *(SORT_BY_NAME(SORT_BY_ALIGNMENT(.z_init_POST_KERNEL_P_??_*)))
 .z_init_POST_KERNEL_P_35_SUB_0_
                0x00056d74        0x8 zephyr/lib/libc/common/liblib__libc__common.a(malloc.c.obj)
 .z_init_POST_KERNEL_P_40_SUB_0_
                0x00056d7c        0x8 modules/trusted-firmware-m/libtfm_api.a(interface.c.obj)
 .z_init_POST_KERNEL_P_50_SUB_0_
                0x00056d84        0x8 modules/nrf/subsys/nrf_security/src/zephyr/libmbedtls_zephyr.a(psa_crypto_init.c.obj)
 *(SORT_BY_NAME(SORT_BY_ALIGNMENT(.z_init_POST_KERNEL_P_???_*)))
                0x00056d8c                        __init_APPLICATION_start = .
 *(SORT_BY_NAME(SORT_BY_ALIGNMENT(.z_init_APPLICATION_P_?_*)))
 .z_init_APPLICATION_P_0_SUB_0_
                0x00056d8c        0x8 zephyr/libzephyr.a(banner.c.obj)
 *(SORT_BY_NAME(SORT_BY_ALIGNMENT(.z_init_APPLICATION_P_??_*)))
 *(SORT_BY_NAME(SORT_BY_ALIGNMENT(.z_init_APPLICATION_P_???_*)))
                0x00056d94                        __init_SMP_start = .
 *(SORT_BY_NAME(SORT_BY_ALIGNMENT(.z_init_SMP_P_?_*)))
 *(SORT_BY_NAME(SORT_BY_ALIGNMENT(.z_init_SMP_P_??_*)))
 *(SORT_BY_NAME(SORT_BY_ALIGNMENT(.z_init_SMP_P_???_*)))
                0x00056d94                        __init_end = .

device_area     0x00056d94       0x54
                0x00056d94                        _device_list_start = .
 *(SORT_BY_NAME(SORT_BY_ALIGNMENT(._device.static.*_?_*)))
 *(SORT_BY_NAME(SORT_BY_ALIGNMENT(._device.static.*_??_*)))
 ._device.static.1_30_
                0x00056d94       0x1c zephyr/drivers/clock_control/libdrivers__clock_control.a(clock_control_nrf.c.obj)
                0x00056d94                __device_dts_ord_79
 ._device.static.1_40_
                0x00056db0       0x1c zephyr/drivers/gpio/libdrivers__gpio.a(gpio_nrfx.c.obj)
                0x00056db0                __device_dts_ord_10
 ._device.static.1_50_
                0x00056dcc       0x1c zephyr/drivers/serial/libdrivers__serial.a(uart_nrfx_uarte.c.obj)
                0x00056dcc                __device_dts_ord_105
 *(SORT_BY_NAME(SORT_BY_ALIGNMENT(._device.static.*_???_*)))
 *(SORT_BY_NAME(SORT_BY_ALIGNMENT(._device.static.*_????_*)))
 *(SORT_BY_NAME(SORT_BY_ALIGNMENT(._device.static.*_?????_*)))
                0x00056de8                        _device_list_end = .

sw_isr_table    0x00056de8      0x208
                0x00056de8                        . = ALIGN (0x4)
 *(SORT_BY_ALIGNMENT(.gnu.linkonce.sw_isr_table*))
 .gnu.linkonce.sw_isr_table
                0x00056de8      0x208 zephyr/arch/common/libisr_tables.a(isr_tables.c.obj)
                0x00056de8                _sw_isr_table

initlevel_error
 *(SORT_BY_NAME(SORT_BY_ALIGNMENT(.z_init_*)))
                0x00000001                        ASSERT ((SIZEOF (initlevel_error) == 0x0), Undefined initialization levels used.)

app_shmem_regions
                0x00056ff0        0x0
                0x00056ff0                        __app_shmem_regions_start = .
 *(SORT_BY_NAME(SORT_BY_ALIGNMENT(.app_regions.*)))
                0x00056ff0                        __app_shmem_regions_end = .

k_p4wq_initparam_area
                0x00056ff0        0x0
                0x00056ff0                        _k_p4wq_initparam_list_start = .
 *(SORT_BY_NAME(SORT_BY_ALIGNMENT(._k_p4wq_initparam.static.*)))
                0x00056ff0                        _k_p4wq_initparam_list_end = .

_static_thread_data_area
                0x00056ff0        0x0
                0x00056ff0                        __static_thread_data_list_start = .
 *(SORT_BY_NAME(SORT_BY_ALIGNMENT(.__static_thread_data.static.*)))
                0x00056ff0                        __static_thread_data_list_end = .

device_deps     0x00056ff0        0x0
                0x00056ff0                        __device_deps_start = .
 *(SORT_BY_NAME(SORT_BY_ALIGNMENT(.__device_deps_pass2*)))
                0x00056ff0                        __device_deps_end = .

gpio_driver_api_area
                0x00056ff0       0x24
                0x00056ff0                        _gpio_driver_api_list_start = .
 *(SORT_BY_NAME(SORT_BY_ALIGNMENT(._gpio_driver_api.static.*)))
 ._gpio_driver_api.static.gpio_nrfx_drv_api_funcs_
                0x00056ff0       0x24 zephyr/drivers/gpio/libdrivers__gpio.a(gpio_nrfx.c.obj)
                0x00057014                        _gpio_driver_api_list_end = .

shared_irq_driver_api_area
                0x00057014        0x0
                0x00057014                        _shared_irq_driver_api_list_start = .
 *(SORT_BY_NAME(SORT_BY_ALIGNMENT(._shared_irq_driver_api.static.*)))
                0x00057014                        _shared_irq_driver_api_list_end = .

crypto_driver_api_area
                0x00057014        0x0
                0x00057014                        _crypto_driver_api_list_start = .
 *(SORT_BY_NAME(SORT_BY_ALIGNMENT(._crypto_driver_api.static.*)))
                0x00057014                        _crypto_driver_api_list_end = .

adc_driver_api_area
                0x00057014        0x0
                0x00057014                        _adc_driver_api_list_start = .
 *(SORT_BY_NAME(SORT_BY_ALIGNMENT(._adc_driver_api.static.*)))
                0x00057014                        _adc_driver_api_list_end = .

auxdisplay_driver_api_area
                0x00057014        0x0
                0x00057014                        _auxdisplay_driver_api_list_start = .
 *(SORT_BY_NAME(SORT_BY_ALIGNMENT(._auxdisplay_driver_api.static.*)))
                0x00057014                        _auxdisplay_driver_api_list_end = .

bbram_driver_api_area
                0x00057014        0x0
                0x00057014                        _bbram_driver_api_list_start = .
 *(SORT_BY_NAME(SORT_BY_ALIGNMENT(._bbram_driver_api.static.*)))
                0x00057014                        _bbram_driver_api_list_end = .

biometric_driver_api_area
                0x00057014        0x0
                0x00057014                        _biometric_driver_api_list_start = .
 *(SORT_BY_NAME(SORT_BY_ALIGNMENT(._biometric_driver_api.static.*)))
                0x00057014                        _biometric_driver_api_list_end = .

bt_hci_driver_api_area
                0x00057014        0x0
                0x00057014                        _bt_hci_driver_api_list_start = .
 *(SORT_BY_NAME(SORT_BY_ALIGNMENT(._bt_hci_driver_api.static.*)))
                0x00057014                        _bt_hci_driver_api_list_end = .

can_driver_api_area
                0x00057014        0x0
                0x00057014                        _can_driver_api_list_start = .
 *(SORT_BY_NAME(SORT_BY_ALIGNMENT(._can_driver_api.static.*)))
                0x00057014                        _can_driver_api_list_end = .

cellular_driver_api_area
                0x00057014        0x0
                0x00057014                        _cellular_driver_api_list_start = .
 *(SORT_BY_NAME(SORT_BY_ALIGNMENT(._cellular_driver_api.static.*)))
                0x00057014                        _cellular_driver_api_list_end = .

charger_driver_api_area
                0x00057014        0x0
                0x00057014                        _charger_driver_api_list_start = .
 *(SORT_BY_NAME(SORT_BY_ALIGNMENT(._charger_driver_api.static.*)))
                0x00057014                        _charger_driver_api_list_end = .

clock_control_driver_api_area
                0x00057014       0x1c
                0x00057014                        _clock_control_driver_api_list_start = .
 *(SORT_BY_NAME(SORT_BY_ALIGNMENT(._clock_control_driver_api.static.*)))
 ._clock_control_driver_api.static.clock_control_api_
                0x00057014       0x1c zephyr/drivers/clock_control/libdrivers__clock_control.a(clock_control_nrf.c.obj)
                0x00057030                        _clock_control_driver_api_list_end = .

comparator_driver_api_area
                0x00057030        0x0
                0x00057030                        _comparator_driver_api_list_start = .
 *(SORT_BY_NAME(SORT_BY_ALIGNMENT(._comparator_driver_api.static.*)))
                0x00057030                        _comparator_driver_api_list_end = .

coredump_driver_api_area
                0x00057030        0x0
                0x00057030                        _coredump_driver_api_list_start = .
 *(SORT_BY_NAME(SORT_BY_ALIGNMENT(._coredump_driver_api.static.*)))
                0x00057030                        _coredump_driver_api_list_end = .

counter_driver_api_area
                0x00057030        0x0
                0x00057030                        _counter_driver_api_list_start = .
 *(SORT_BY_NAME(SORT_BY_ALIGNMENT(._counter_driver_api.static.*)))
                0x00057030                        _counter_driver_api_list_end = .

crc_driver_api_area
                0x00057030        0x0
                0x00057030                        _crc_driver_api_list_start = .
 *(SORT_BY_NAME(SORT_BY_ALIGNMENT(._crc_driver_api.static.*)))
                0x00057030                        _crc_driver_api_list_end = .

dac_driver_api_area
                0x00057030        0x0
                0x00057030                        _dac_driver_api_list_start = .
 *(SORT_BY_NAME(SORT_BY_ALIGNMENT(._dac_driver_api.static.*)))
                0x00057030                        _dac_driver_api_list_end = .

dai_driver_api_area
                0x00057030        0x0
                0x00057030                        _dai_driver_api_list_start = .
 *(SORT_BY_NAME(SORT_BY_ALIGNMENT(._dai_driver_api.static.*)))
                0x00057030                        _dai_driver_api_list_end = .

display_driver_api_area
                0x00057030        0x0
                0x00057030                        _display_driver_api_list_start = .
 *(SORT_BY_NAME(SORT_BY_ALIGNMENT(._display_driver_api.static.*)))
                0x00057030                        _display_driver_api_list_end = .

dma_driver_api_area
                0x00057030        0x0
                0x00057030                        _dma_driver_api_list_start = .
 *(SORT_BY_NAME(SORT_BY_ALIGNMENT(._dma_driver_api.static.*)))
                0x00057030                        _dma_driver_api_list_end = .

edac_driver_api_area
                0x00057030        0x0
                0x00057030                        _edac_driver_api_list_start = .
 *(SORT_BY_NAME(SORT_BY_ALIGNMENT(._edac_driver_api.static.*)))
                0x00057030                        _edac_driver_api_list_end = .

eeprom_driver_api_area
                0x00057030        0x0
                0x00057030                        _eeprom_driver_api_list_start = .
 *(SORT_BY_NAME(SORT_BY_ALIGNMENT(._eeprom_driver_api.static.*)))
                0x00057030                        _eeprom_driver_api_list_end = .

emul_bbram_driver_api_area
                0x00057030        0x0
                0x00057030                        _emul_bbram_driver_api_list_start = .
 *(SORT_BY_NAME(SORT_BY_ALIGNMENT(._emul_bbram_driver_api.static.*)))
                0x00057030                        _emul_bbram_driver_api_list_end = .

fuel_gauge_emul_driver_api_area
                0x00057030        0x0
                0x00057030                        _fuel_gauge_emul_driver_api_list_start = .
 *(SORT_BY_NAME(SORT_BY_ALIGNMENT(._fuel_gauge_emul_driver_api.static.*)))
                0x00057030                        _fuel_gauge_emul_driver_api_list_end = .

emul_sensor_driver_api_area
                0x00057030        0x0
                0x00057030                        _emul_sensor_driver_api_list_start = .
 *(SORT_BY_NAME(SORT_BY_ALIGNMENT(._emul_sensor_driver_api.static.*)))
                0x00057030                        _emul_sensor_driver_api_list_end = .

entropy_driver_api_area
                0x00057030        0x0
                0x00057030                        _entropy_driver_api_list_start = .
 *(SORT_BY_NAME(SORT_BY_ALIGNMENT(._entropy_driver_api.static.*)))
                0x00057030                        _entropy_driver_api_list_end = .

espi_driver_api_area
                0x00057030        0x0
                0x00057030                        _espi_driver_api_list_start = .
 *(SORT_BY_NAME(SORT_BY_ALIGNMENT(._espi_driver_api.static.*)))
                0x00057030                        _espi_driver_api_list_end = .

espi_saf_driver_api_area
                0x00057030        0x0
                0x00057030                        _espi_saf_driver_api_list_start = .
 *(SORT_BY_NAME(SORT_BY_ALIGNMENT(._espi_saf_driver_api.static.*)))
                0x00057030                        _espi_saf_driver_api_list_end = .

flash_driver_api_area
                0x00057030        0x0
                0x00057030                        _flash_driver_api_list_start = .
 *(SORT_BY_NAME(SORT_BY_ALIGNMENT(._flash_driver_api.static.*)))
                0x00057030                        _flash_driver_api_list_end = .

fpga_driver_api_area
                0x00057030        0x0
                0x00057030                        _fpga_driver_api_list_start = .
 *(SORT_BY_NAME(SORT_BY_ALIGNMENT(._fpga_driver_api.static.*)))
                0x00057030                        _fpga_driver_api_list_end = .

fuel_gauge_driver_api_area
                0x00057030        0x0
                0x00057030                        _fuel_gauge_driver_api_list_start = .
 *(SORT_BY_NAME(SORT_BY_ALIGNMENT(._fuel_gauge_driver_api.static.*)))
                0x00057030                        _fuel_gauge_driver_api_list_end = .

gnss_driver_api_area
                0x00057030        0x0
                0x00057030                        _gnss_driver_api_list_start = .
 *(SORT_BY_NAME(SORT_BY_ALIGNMENT(._gnss_driver_api.static.*)))
                0x00057030                        _gnss_driver_api_list_end = .

haptics_driver_api_area
                0x00057030        0x0
                0x00057030                        _haptics_driver_api_list_start = .
 *(SORT_BY_NAME(SORT_BY_ALIGNMENT(._haptics_driver_api.static.*)))
                0x00057030                        _haptics_driver_api_list_end = .

hwspinlock_driver_api_area