=== STCP functional smoke test ===
payload sizes: 64, 4096, 65536 bytes
timeout:       5.0 s per case

[1/3] 64 bytes on port 7777: PASS (1273.67 ms)
[2/3] 4096 bytes on port 7778: PASS (1276.46 ms)
[3/3] 65536 bytes on port 7779: PASS (1276.78 ms)

STCP functional test: PASS

=== STCP throughput: 8 clients / 30 s ===
=== STCP Python stress test ===
transport:        TCP
protocol:         253
mode:             throughput
clients:          8
payload:          1048576 bytes
duration:         30.0 s
report interval:  5.0 s
verify payload:   False
pipeline depth:   8

[    5.0s] TX 126.22 MiB/s  RX 119.83 MiB/s  ops    119.8/s  conn +8/-0  errors s=0 r=0 v=0 srv=0  RTT p50=  61.97 p95=  78.52 p99=  83.88 ms  CPU= 176.4% RSS=   37.1 MiB  total=600.0 MiB
[   10.0s] TX 130.82 MiB/s  RX 127.63 MiB/s  ops    127.6/s  conn +0/-0  errors s=0 r=0 v=0 srv=0  RTT p50=  63.53 p95=  80.32 p99=  86.55 ms  CPU= 170.1% RSS=   37.1 MiB  total=1240.0 MiB
[   15.0s] TX 116.75 MiB/s  RX 121.55 MiB/s  ops    121.6/s  conn +0/-0  errors s=0 r=0 v=0 srv=0  RTT p50=  64.88 p95=  80.64 p99=  83.02 ms  CPU= 157.9% RSS=   37.1 MiB  total=1848.0 MiB
[   20.0s] TX 126.00 MiB/s  RX 122.81 MiB/s  ops    122.8/s  conn +0/-0  errors s=0 r=0 v=0 srv=0  RTT p50=  66.26 p95=  88.94 p99=  91.03 ms  CPU= 164.3% RSS=   37.1 MiB  total=2464.0 MiB
[   25.0s] TX 119.75 MiB/s  RX 122.94 MiB/s  ops    122.9/s  conn +0/-0  errors s=0 r=0 v=0 srv=0  RTT p50=  64.72 p95=  86.92 p99= 103.86 ms  CPU= 161.3% RSS=   37.1 MiB  total=3080.0 MiB
[   30.0s] TX 128.97 MiB/s  RX 125.74 MiB/s  ops    125.7/s  conn +0/-0  errors s=0 r=0 v=0 srv=0  RTT p50=  62.99 p95=  84.57 p99=  94.62 ms  CPU= 169.9% RSS=   37.2 MiB  total=3704.0 MiB

=== Final result ===
elapsed:             31.301 s
connections ok:      8
connections failed:  0
sends ok/failed:     3744/0
recvs ok/failed:     3704/0
verify failures:     0
server errors:       0
bytes sent:          3925868544
bytes received:      3883925504
TX throughput:       119.61 MiB/s
RX throughput:       118.34 MiB/s
operations:          118.3/s
RTT latency:         avg=64.24 p50=64.03 p95=80.85 p99=91.03 max=103.86 ms
JSON result:         result-throughput-4.json

=== STCP mixed: 16 clients / 30 s ===
=== STCP Python stress test ===
transport:        TCP
protocol:         253
mode:             mixed
clients:          16
payload:          262144 bytes
duration:         30.0 s
report interval:  5.0 s
verify payload:   False

[    5.0s] TX 121.34 MiB/s  RX 120.89 MiB/s  ops    483.6/s  conn +32/-0  errors s=0 r=0 v=0 srv=0  RTT p50=  22.24 p95=  44.47 p99=  53.91 ms  CPU= 152.1% RSS=   31.6 MiB  total=605.5 MiB
[   10.0s] TX 124.49 MiB/s  RX 124.49 MiB/s  ops    498.0/s  conn +17/-0  errors s=0 r=0 v=0 srv=0  RTT p50=  22.27 p95=  44.67 p99=  58.36 ms  CPU= 156.4% RSS=   32.3 MiB  total=1228.0 MiB
[   15.0s] TX 130.32 MiB/s  RX 130.37 MiB/s  ops    521.5/s  conn +17/-0  errors s=0 r=0 v=0 srv=0  RTT p50=  20.06 p95=  42.83 p99=  53.81 ms  CPU= 161.6% RSS=   32.7 MiB  total=1881.5 MiB
[   20.0s] TX 136.52 MiB/s  RX 136.62 MiB/s  ops    546.5/s  conn +19/-0  errors s=0 r=0 v=0 srv=0  RTT p50=  18.73 p95=  39.58 p99=  50.57 ms  CPU= 170.0% RSS=   33.1 MiB  total=2566.2 MiB
[   25.0s] TX 136.08 MiB/s  RX 135.93 MiB/s  ops    543.7/s  conn +20/-0  errors s=0 r=0 v=0 srv=0  RTT p50=  18.92 p95=  40.59 p99=  50.29 ms  CPU= 168.8% RSS=   33.7 MiB  total=3246.0 MiB
[   30.0s] TX 136.80 MiB/s  RX 137.20 MiB/s  ops    548.8/s  conn +18/-0  errors s=0 r=0 v=0 srv=0  RTT p50=  16.10 p95=  37.58 p99=  49.61 ms  CPU= 169.6% RSS=   34.3 MiB  total=3927.2 MiB

=== Final result ===
elapsed:             31.266 s
connections ok:      123
connections failed:  0
sends ok/failed:     15710/0
recvs ok/failed:     15710/0
verify failures:     0
server errors:       0
bytes sent:          4118282240
bytes received:      4118282240
TX throughput:       125.62 MiB/s
RX throughput:       125.62 MiB/s
operations:          502.5/s
RTT latency:         avg=21.01 p50=19.62 p95=41.91 p99=53.09 max=85.09 ms
JSON result:         result-mixed-8.json

=== STCP churn: 16 clients / 30 s ===
=== STCP Python stress test ===
transport:        TCP
protocol:         253
mode:             churn
clients:          16
payload:          4096 bytes
duration:         30.0 s
report interval:  5.0 s
verify payload:   False

[    5.0s] TX   0.05 MiB/s  RX   0.05 MiB/s  ops     12.6/s  conn +63/-0  errors s=0 r=0 v=0 srv=0  RTT p50=   0.60 p95=   4.47 p99=   9.02 ms  CPU=   2.6% RSS=   19.8 MiB  total=0.2 MiB
[   10.0s] TX   0.05 MiB/s  RX   0.05 MiB/s  ops     12.8/s  conn +64/-0  errors s=0 r=0 v=0 srv=0  RTT p50=   0.58 p95=   2.13 p99=   4.45 ms  CPU=   3.2% RSS=   20.0 MiB  total=0.5 MiB
[   15.0s] TX   0.05 MiB/s  RX   0.05 MiB/s  ops     12.6/s  conn +63/-0  errors s=0 r=0 v=0 srv=0  RTT p50=   0.67 p95=   1.44 p99=   1.59 ms  CPU=   3.6% RSS=   20.0 MiB  total=0.7 MiB
[   20.0s] TX   0.05 MiB/s  RX   0.05 MiB/s  ops     13.2/s  conn +66/-0  errors s=0 r=0 v=0 srv=0  RTT p50=   0.71 p95=   1.94 p99=   4.72 ms  CPU=   3.2% RSS=   20.0 MiB  total=1.0 MiB
[   25.0s] TX   0.05 MiB/s  RX   0.05 MiB/s  ops     13.0/s  conn +65/-0  errors s=0 r=0 v=0 srv=0  RTT p50=   0.70 p95=   2.36 p99=   5.15 ms  CPU=   3.2% RSS=   20.0 MiB  total=1.3 MiB
[   30.0s] TX   0.05 MiB/s  RX   0.05 MiB/s  ops     12.6/s  conn +63/-0  errors s=0 r=0 v=0 srv=0  RTT p50=   0.65 p95=   2.54 p99=   3.42 ms  CPU=   3.2% RSS=   20.0 MiB  total=1.5 MiB

=== Final result ===
elapsed:             30.900 s
connections ok:      384
connections failed:  0
sends ok/failed:     384/0
recvs ok/failed:     384/0
verify failures:     0
server errors:       0
bytes sent:          1572864
bytes received:      1572864
TX throughput:       0.05 MiB/s
RX throughput:       0.05 MiB/s
operations:          12.4/s
RTT latency:         avg=0.87 p50=0.65 p95=2.20 p99=5.15 max=9.02 ms
JSON result:         result-churn-16.json
