== STCP build, benchmark and publish ==
Mode:                benchmark
Project:             /home/pomo/git/STCP/STCPv2/kernel-module
Raspberry SSH:       pi@192.168.1.199
Raspberry address:   192.168.1.199
Benchmark directory: /home/pi/benchmark
Duration:            20 s
Clients:             16 8 4 2 1
Payloads:            1048576 262144 65536 4096 1024 64
Pipelines:            1 4 8
IRQ metrics:         1
Perf metrics:        1
Continue on error:   1
Publish:             1
Deploy target:       www-data@fuji:/var/www/html/public/stcp.fi/benchmarks/raspberry-pi/
Dry run:             0
[INFO] Running local and remote preflight checks
[ OK ] Preflight complete
[INFO] Collecting benchmark platform metadata
[INFO] Platform: Raspberry Pi 4 Model B Rev 1.4
[INFO] Kernel:   6.18.38-stcp+
[INFO] Compiler: gcc (Debian 14.2.0-19) 14.2.0
[INFO] Commit:   802df80cb
[INFO] Starting complete TCP and UDP matrices
STCP full benchmark
Started: 2026-07-24T19:59:33+03:00
Raspberry: pi@192.168.1.199
Results: /home/pomo/git/STCP/STCPv2/kernel-module/benchmark/results/full-20260724-195930

[INFO] Synchronizing benchmark scripts to Raspberry
tar: benchmark_server.py: time stamp 2026-07-24 14:12:08 is 40485.690974853 s in the future
tar: start-servers.sh: time stamp 2026-07-24 15:05:15 is 43672.690387427 s in the future
tar: stop-servers.sh: time stamp 2026-07-24 15:05:15 is 43672.689947019 s in the future
tar: README.md: time stamp 2026-07-24 15:05:15 is 43672.689357908 s in the future
============================================================
 STCP carrier: UDP
============================================================
udp server stopped
tls server stopped
stcp server stopped
udp server started on port 19003 (PID 1684)
tls server started on port 19001 (PID 1685)
stcp-udp server started on port 19002 (PID 1686)
benchmark server: mode=stcp listen=0.0.0.0:19002
benchmark server: mode=stcp/tcp listen=0.0.0.0:19002
benchmark server: mode=stcp/udp listen=0.0.0.0:19002
benchmark server: mode=tcp listen=0.0.0.0:19000
benchmark server: mode=tls listen=0.0.0.0:19001
benchmark server: mode=udp listen=0.0.0.0:19003
===== udp-c16-p1048576-q1 =====
{
  "mode": "udp",
  "transport": "udp",
  "clients": 16,
  "payload_bytes": 1048576,
  "pipeline": 1,
  "elapsed_s": 20.42250769000384,
  "operations": 333,
  "errors": 0,
  "tx_mib_s": 16.305539214608437,
  "rx_mib_s": 16.305539214608437,
  "combined_mib_s": 32.611078429216874,
  "operations_s": 16.305539214608437,
  "connect_mean_ms": 72.52238318505988,
  "rtt_p50_ms": 985.0568189867772,
  "rtt_p95_ms": 1087.582565000048,
  "rtt_p99_ms": 1124.101369001437,
  "client_cpu_percent": 70.1184164910813,
  "max_rss_kib": 142540,
  "error_details": [],
  "udp_chunk_payload_bytes": 1200,
  "udp_window": 64,
  "udp_retries_per_window": 3,
  "udp_fragments": 291042,
  "udp_datagrams_sent": 291042,
  "udp_datagrams_received": 291042,
  "udp_retransmits": 0,
  "udp_duplicates": 0,
  "udp_stale": 0,
  "udp_timeouts": 0,
  "udp_retransmit_percent": 0.0
}
{"result": "/home/pomo/git/STCP/STCPv2/kernel-module/benchmark/results/full-20260724-195930/udp/udp-c16-p1048576-q1.json", "network_irq": 296815, "net_rx_softirq": 608123, "net_tx_softirq": 7, "events_per_1k_ops": 2717552.5525525524}
rm: cannot remove '/tmp/stcp-perf-pomo-udp-c16-p1048576-q1-1602737.csv': Operation not permitted
{"result": "/home/pomo/git/STCP/STCPv2/kernel-module/benchmark/results/full-20260724-195930/udp/udp-c16-p1048576-q1.json", "cycles_per_op": 40948540.873873875, "instructions_per_op": 23393134.72072072, "context_switches_per_1k_ops": 32120.12012012012, "warnings": ["branches: <not supported>"]}
===== tls-c16-p1048576-q1 =====
{
  "mode": "tls",
  "transport": "tls",
  "clients": 16,
  "payload_bytes": 1048576,
  "pipeline": 1,
  "elapsed_s": 20.39894368001842,
  "operations": 485,
  "errors": 0,
  "tx_mib_s": 23.775740921088815,
  "rx_mib_s": 23.775740921088815,
  "combined_mib_s": 47.55148184217763,
  "operations_s": 23.775740921088815,
  "connect_mean_ms": 402.25769199969363,
  "rtt_p50_ms": 572.5338599877432,
  "rtt_p95_ms": 795.0053280219436,
  "rtt_p99_ms": 911.65449298569,
  "client_cpu_percent": 111.48498842259397,
  "max_rss_kib": 121308,
  "error_details": [],
  "udp_chunk_payload_bytes": null,
  "udp_window": null,
  "udp_retries_per_window": null,
  "udp_fragments": 0,
  "udp_datagrams_sent": 0,
  "udp_datagrams_received": 0,
  "udp_retransmits": 0,
  "udp_duplicates": 0,
  "udp_stale": 0,
  "udp_timeouts": 0,
  "udp_retransmit_percent": 0.0
}
{"result": "/home/pomo/git/STCP/STCPv2/kernel-module/benchmark/results/full-20260724-195930/udp/tls-c16-p1048576-q1.json", "network_irq": 144496, "net_rx_softirq": 412056, "net_tx_softirq": 28208, "events_per_1k_ops": 1205690.7216494845}
rm: cannot remove '/tmp/stcp-perf-pomo-tls-c16-p1048576-q1-1602737.csv': Operation not permitted
{"result": "/home/pomo/git/STCP/STCPv2/kernel-module/benchmark/results/full-20260724-195930/udp/tls-c16-p1048576-q1.json", "cycles_per_op": 90658354.83092783, "instructions_per_op": 115027649.26597938, "context_switches_per_1k_ops": 77682.47422680413, "warnings": ["branches: <not supported>"]}
===== stcp-udp-c16-p1048576-q1 =====
Terminated
rm: cannot remove '/tmp/stcp-perf-pomo-stcp-udp-c16-p1048576-q1-1602737.csv': Operation not permitted
[WARN] perf produced no counters for stcp-udp-c16-p1048576-q1
[FAIL] stcp-udp-c16-p1048576-q1 exited with status 143
[INFO] Continuing benchmark matrix after failed case
Cases done: 1 / 90 (1% Completed)
===== udp-c16-p1048576-q4 =====
{
  "mode": "udp",
  "transport": "udp",
  "clients": 16,
  "payload_bytes": 1048576,
  "pipeline": 4,
  "elapsed_s": 22.295964949997142,
  "operations": 320,
  "errors": 0,
  "tx_mib_s": 14.352372759719513,
  "rx_mib_s": 14.352372759719513,
  "combined_mib_s": 28.704745519439026,
  "operations_s": 14.352372759719513,
  "connect_mean_ms": 46.29144968384935,
  "rtt_p50_ms": 1025.0281039916445,
  "rtt_p95_ms": 1071.3847590086516,
  "rtt_p99_ms": 1090.2635800011922,
  "client_cpu_percent": 106.49659278372272,
  "max_rss_kib": 142712,
  "error_details": [],
  "udp_chunk_payload_bytes": 1200,
  "udp_window": 64,
  "udp_retries_per_window": 3,
  "udp_fragments": 279680,
  "udp_datagrams_sent": 279680,
  "udp_datagrams_received": 279680,
  "udp_retransmits": 0,
  "udp_duplicates": 0,
  "udp_stale": 0,
  "udp_timeouts": 0,
  "udp_retransmit_percent": 0.0
}
{"result": "/home/pomo/git/STCP/STCPv2/kernel-module/benchmark/results/full-20260724-195930/udp/udp-c16-p1048576-q4.json", "network_irq": 316968, "net_rx_softirq": 644789, "net_tx_softirq": 0, "events_per_1k_ops": 3005490.625}
rm: cannot remove '/tmp/stcp-perf-pomo-udp-c16-p1048576-q4-1602737.csv': Operation not permitted
{"result": "/home/pomo/git/STCP/STCPv2/kernel-module/benchmark/results/full-20260724-195930/udp/udp-c16-p1048576-q4.json", "cycles_per_op": 40683323.46875, "instructions_per_op": 21992009.51875, "context_switches_per_1k_ops": 90356.25, "warnings": ["branches: <not supported>"]}
===== tls-c16-p1048576-q4 =====
{
  "mode": "tls",
  "transport": "tls",
  "clients": 16,
  "payload_bytes": 1048576,
  "pipeline": 4,
  "elapsed_s": 21.548003485018853,
  "operations": 508,
  "errors": 0,
  "tx_mib_s": 23.575269994418953,
  "rx_mib_s": 23.575269994418953,
  "combined_mib_s": 47.150539988837906,
  "operations_s": 23.575269994418953,
  "connect_mean_ms": 505.23909037838166,
  "rtt_p50_ms": 565.3105509991292,
  "rtt_p95_ms": 808.0746920022648,
  "rtt_p99_ms": 905.5605029861908,
  "client_cpu_percent": 113.2391268498008,
  "max_rss_kib": 121852,
  "error_details": [],
  "udp_chunk_payload_bytes": null,
  "udp_window": null,
  "udp_retries_per_window": null,
  "udp_fragments": 0,
  "udp_datagrams_sent": 0,
  "udp_datagrams_received": 0,
  "udp_retransmits": 0,
  "udp_duplicates": 0,
  "udp_stale": 0,
  "udp_timeouts": 0,
  "udp_retransmit_percent": 0.0
}
{"result": "/home/pomo/git/STCP/STCPv2/kernel-module/benchmark/results/full-20260724-195930/udp/tls-c16-p1048576-q4.json", "network_irq": 168271, "net_rx_softirq": 455086, "net_tx_softirq": 69835, "events_per_1k_ops": 1364551.1811023622}
rm: cannot remove '/tmp/stcp-perf-pomo-tls-c16-p1048576-q4-1602737.csv': Operation not permitted
{"result": "/home/pomo/git/STCP/STCPv2/kernel-module/benchmark/results/full-20260724-195930/udp/tls-c16-p1048576-q4.json", "cycles_per_op": 89752695.81102362, "instructions_per_op": 113873836.12992126, "context_switches_per_1k_ops": 73622.04724409449, "warnings": ["branches: <not supported>"]}
===== stcp-udp-c16-p1048576-q4 =====
